Archive member included to satisfy reference by file (symbol)

d:/clion_stm32/gcc_arm_none_eabi/gcc-arm-none-eabi-10.3-2021.10/bin/../lib/gcc/arm-none-eabi/10.3.1/thumb/v7-m/nofp\libgcc.a(_arm_mulsf3.o)
                              CMakeFiles/motor_first.elf.dir/Core/Own/Src/pid.cpp.obj (__aeabi_fmul)
d:/clion_stm32/gcc_arm_none_eabi/gcc-arm-none-eabi-10.3-2021.10/bin/../lib/gcc/arm-none-eabi/10.3.1/thumb/v7-m/nofp\libgcc.a(_arm_addsubdf3.o)
                              CMakeFiles/motor_first.elf.dir/Core/Own/Src/gy953.cpp.obj (__aeabi_i2d)
d:/clion_stm32/gcc_arm_none_eabi/gcc-arm-none-eabi-10.3-2021.10/bin/../lib/gcc/arm-none-eabi/10.3.1/thumb/v7-m/nofp\libgcc.a(_arm_muldivdf3.o)
                              CMakeFiles/motor_first.elf.dir/Core/Own/Src/gy953.cpp.obj (__aeabi_ddiv)
d:/clion_stm32/gcc_arm_none_eabi/gcc-arm-none-eabi-10.3-2021.10/bin/../lib/gcc/arm-none-eabi/10.3.1/thumb/v7-m/nofp\libgcc.a(_arm_fixdfsi.o)
                              CMakeFiles/motor_first.elf.dir/Core/Own/Src/gy953.cpp.obj (__aeabi_d2iz)
d:/clion_stm32/gcc_arm_none_eabi/gcc-arm-none-eabi-10.3-2021.10/bin/../lib/gcc/arm-none-eabi/10.3.1/thumb/v7-m/nofp\libgcc.a(_arm_addsubsf3.o)
                              CMakeFiles/motor_first.elf.dir/Core/Own/Src/pid.cpp.obj (__aeabi_fsub)
d:/clion_stm32/gcc_arm_none_eabi/gcc-arm-none-eabi-10.3-2021.10/bin/../lib/gcc/arm-none-eabi/10.3.1/thumb/v7-m/nofp\libgcc.a(_arm_cmpsf2.o)
                              CMakeFiles/motor_first.elf.dir/Core/Own/Src/IT.cpp.obj (__aeabi_fcmplt)
d:/clion_stm32/gcc_arm_none_eabi/gcc-arm-none-eabi-10.3-2021.10/bin/../lib/gcc/arm-none-eabi/10.3.1/thumb/v7-m/nofp\libgcc.a(_arm_fixsfsi.o)
                              CMakeFiles/motor_first.elf.dir/Core/Own/Src/IT.cpp.obj (__aeabi_f2iz)
d:/clion_stm32/gcc_arm_none_eabi/gcc-arm-none-eabi-10.3-2021.10/bin/../lib/gcc/arm-none-eabi/10.3.1/thumb/v7-m/nofp\libgcc.a(unwind-arm.o)
                              CMakeFiles/motor_first.elf.dir/Core/Own/Src/IT.cpp.obj (__aeabi_unwind_cpp_pr0)
d:/clion_stm32/gcc_arm_none_eabi/gcc-arm-none-eabi-10.3-2021.10/bin/../lib/gcc/arm-none-eabi/10.3.1/thumb/v7-m/nofp\libgcc.a(libunwind.o)
                              d:/clion_stm32/gcc_arm_none_eabi/gcc-arm-none-eabi-10.3-2021.10/bin/../lib/gcc/arm-none-eabi/10.3.1/thumb/v7-m/nofp\libgcc.a(unwind-arm.o) (restore_core_regs)
d:/clion_stm32/gcc_arm_none_eabi/gcc-arm-none-eabi-10.3-2021.10/bin/../lib/gcc/arm-none-eabi/10.3.1/thumb/v7-m/nofp\libgcc.a(pr-support.o)
                              d:/clion_stm32/gcc_arm_none_eabi/gcc-arm-none-eabi-10.3-2021.10/bin/../lib/gcc/arm-none-eabi/10.3.1/thumb/v7-m/nofp\libgcc.a(unwind-arm.o) (__gnu_unwind_execute)
d:/clion_stm32/gcc_arm_none_eabi/gcc-arm-none-eabi-10.3-2021.10/bin/../lib/gcc/arm-none-eabi/10.3.1/../../../../arm-none-eabi/lib/thumb/v7-m/nofp\libg.a(lib_a-abort.o)
                              d:/clion_stm32/gcc_arm_none_eabi/gcc-arm-none-eabi-10.3-2021.10/bin/../lib/gcc/arm-none-eabi/10.3.1/thumb/v7-m/nofp\libgcc.a(unwind-arm.o) (abort)
d:/clion_stm32/gcc_arm_none_eabi/gcc-arm-none-eabi-10.3-2021.10/bin/../lib/gcc/arm-none-eabi/10.3.1/../../../../arm-none-eabi/lib/thumb/v7-m/nofp\libg.a(lib_a-errno.o)
                              CMakeFiles/motor_first.elf.dir/Core/Src/syscalls.c.obj (__errno)
d:/clion_stm32/gcc_arm_none_eabi/gcc-arm-none-eabi-10.3-2021.10/bin/../lib/gcc/arm-none-eabi/10.3.1/../../../../arm-none-eabi/lib/thumb/v7-m/nofp\libg.a(lib_a-exit.o)
                              d:/clion_stm32/gcc_arm_none_eabi/gcc-arm-none-eabi-10.3-2021.10/bin/../lib/gcc/arm-none-eabi/10.3.1/../../../../arm-none-eabi/lib/thumb/v7-m/nofp/crt0.o (exit)
d:/clion_stm32/gcc_arm_none_eabi/gcc-arm-none-eabi-10.3-2021.10/bin/../lib/gcc/arm-none-eabi/10.3.1/../../../../arm-none-eabi/lib/thumb/v7-m/nofp\libg.a(lib_a-impure.o)
                              d:/clion_stm32/gcc_arm_none_eabi/gcc-arm-none-eabi-10.3-2021.10/bin/../lib/gcc/arm-none-eabi/10.3.1/../../../../arm-none-eabi/lib/thumb/v7-m/nofp\libg.a(lib_a-exit.o) (_global_impure_ptr)
d:/clion_stm32/gcc_arm_none_eabi/gcc-arm-none-eabi-10.3-2021.10/bin/../lib/gcc/arm-none-eabi/10.3.1/../../../../arm-none-eabi/lib/thumb/v7-m/nofp\libg.a(lib_a-init.o)
                              d:/clion_stm32/gcc_arm_none_eabi/gcc-arm-none-eabi-10.3-2021.10/bin/../lib/gcc/arm-none-eabi/10.3.1/../../../../arm-none-eabi/lib/thumb/v7-m/nofp/crt0.o (__libc_init_array)
d:/clion_stm32/gcc_arm_none_eabi/gcc-arm-none-eabi-10.3-2021.10/bin/../lib/gcc/arm-none-eabi/10.3.1/../../../../arm-none-eabi/lib/thumb/v7-m/nofp\libg.a(lib_a-memcpy.o)
                              d:/clion_stm32/gcc_arm_none_eabi/gcc-arm-none-eabi-10.3-2021.10/bin/../lib/gcc/arm-none-eabi/10.3.1/thumb/v7-m/nofp\libgcc.a(unwind-arm.o) (memcpy)
d:/clion_stm32/gcc_arm_none_eabi/gcc-arm-none-eabi-10.3-2021.10/bin/../lib/gcc/arm-none-eabi/10.3.1/../../../../arm-none-eabi/lib/thumb/v7-m/nofp\libg.a(lib_a-memset.o)
[...]
Memory Configuration

Name             Origin             Length             Attributes
RAM              0x20000000         0x0000c000         xrw
FLASH            0x08000000         0x00040000         xr
*default*        0x00000000         0xffffffff

Linker script and memory map

LOAD d:/clion_stm32/gcc_arm_none_eabi/gcc-arm-none-eabi-10.3-2021.10/bin/../lib/gcc/arm-none-eabi/10.3.1/thumb/v7-m/nofp/crti.o
LOAD d:/clion_stm32/gcc_arm_none_eabi/gcc-arm-none-eabi-10.3-2021.10/bin/../lib/gcc/arm-none-eabi/10.3.1/thumb/v7-m/nofp/crtbegin.o
LOAD d:/clion_stm32/gcc_arm_none_eabi/gcc-arm-none-eabi-10.3-2021.10/bin/../lib/gcc/arm-none-eabi/10.3.1/../../../../arm-none-eabi/lib/thumb/v7-m/nofp/crt0.o
LOAD CMakeFiles/motor_first.elf.dir/Core/Own/Src/IT.cpp.obj
LOAD CMakeFiles/motor_first.elf.dir/Core/Own/Src/blueteeth.cpp.obj
LOAD CMakeFiles/motor_first.elf.dir/Core/Own/Src/gy953.cpp.obj
LOAD CMakeFiles/motor_first.elf.dir/Core/Own/Src/motor.cpp.obj
LOAD CMakeFiles/motor_first.elf.dir/Core/Own/Src/oled.c.obj
LOAD CMakeFiles/motor_first.elf.dir/Core/Own/Src/pid.cpp.obj
LOAD CMakeFiles/motor_first.elf.dir/Core/Own/Src/telescopic.cpp.obj
LOAD CMakeFiles/motor_first.elf.dir/Core/Own/Src/uart.c.obj
LOAD CMakeFiles/motor_first.elf.dir/Core/Own/main.cpp.obj
LOAD CMakeFiles/motor_first.elf.dir/Core/Src/dma.c.obj
LOAD CMakeFiles/motor_first.elf.dir/Core/Src/gpio.c.obj
LOAD CMakeFiles/motor_first.elf.dir/Core/Src/i2c.c.obj
LOAD CMakeFiles/motor_first.elf.dir/Core/Src/stm32f1xx_hal_msp.c.obj
LOAD CMakeFiles/motor_first.elf.dir/Core/Src/stm32f1xx_it.c.obj
LOAD CMakeFiles/motor_first.elf.dir/Core/Src/syscalls.c.obj
LOAD CMakeFiles/motor_first.elf.dir/Core/Src/sysmem.c.obj
LOAD CMakeFiles/motor_first.elf.dir/Core/Src/system_stm32f1xx.c.obj
LOAD CMakeFiles/motor_first.elf.dir/Core/Src/tim.c.obj
LOAD CMakeFiles/motor_first.elf.dir/Core/Src/usart.c.obj
LOAD CMakeFiles/motor_first.elf.dir/Core/Startup/startup_stm32f103rctx.s.obj
LOAD CMakeFiles/motor_first.elf.dir/Drivers/STM32F1xx_HAL_Driver/Src/stm32f1xx_hal.c.obj
LOAD CMakeFiles/motor_first.elf.dir/Drivers/STM32F1xx_HAL_Driver/Src/stm32f1xx_hal_cortex.c.obj
LOAD CMakeFiles/motor_first.elf.dir/Drivers/STM32F1xx_HAL_Driver/Src/stm32f1xx_hal_dma.c.obj
LOAD CMakeFiles/motor_first.elf.dir/Drivers/STM32F1xx_HAL_Driver/Src/stm32f1xx_hal_exti.c.obj
LOAD CMakeFiles/motor_first.elf.dir/Drivers/STM32F1xx_HAL_Driver/Src/stm32f1xx_hal_flash.c.obj
LOAD CMakeFiles/motor_first.elf.dir/Drivers/STM32F1xx_HAL_Driver/Src/stm32f1xx_hal_flash_ex.c.obj
LOAD CMakeFiles/motor_first.elf.dir/Drivers/STM32F1xx_HAL_Driver/Src/stm32f1xx_hal_gpio.c.obj
LOAD CMakeFiles/motor_first.elf.dir/Drivers/STM32F1xx_HAL_Driver/Src/stm32f1xx_hal_gpio_ex.c.obj
LOAD CMakeFiles/motor_first.elf.dir/Drivers/STM32F1xx_HAL_Driver/Src/stm32f1xx_hal_i2c.c.obj
LOAD CMakeFiles/motor_first.elf.dir/Drivers/STM32F1xx_HAL_Driver/Src/stm32f1xx_hal_pwr.c.obj
LOAD CMakeFiles/motor_first.elf.dir/Drivers/STM32F1xx_HAL_Driver/Src/stm32f1xx_hal_rcc.c.obj
LOAD CMakeFiles/motor_first.elf.dir/Drivers/STM32F1xx_HAL_Driver/Src/stm32f1xx_hal_rcc_ex.c.obj
LOAD CMakeFiles/motor_first.elf.dir/Drivers/STM32F1xx_HAL_Driver/Src/stm32f1xx_hal_tim.c.obj
LOAD CMakeFiles/motor_first.elf.dir/Drivers/STM32F1xx_HAL_Driver/Src/stm32f1xx_hal_tim_ex.c.obj
LOAD CMakeFiles/motor_first.elf.dir/Drivers/STM32F1xx_HAL_Driver/Src/stm32f1xx_hal_uart.c.obj
LOAD d:/clion_stm32/gcc_arm_none_eabi/gcc-arm-none-eabi-10.3-2021.10/bin/../lib/gcc/arm-none-eabi/10.3.1/../../../../arm-none-eabi/lib/thumb/v7-m/nofp\libstdc++.a
LOAD d:/clion_stm32/gcc_arm_none_eabi/gcc-arm-none-eabi-10.3-2021.10/bin/../lib/gcc/arm-none-eabi/10.3.1/../../../../arm-none-eabi/lib/thumb/v7-m/nofp\libm.a
START GROUP
LOAD d:/clion_stm32/gcc_arm_none_eabi/gcc-arm-none-eabi-10.3-2021.10/bin/../lib/gcc/arm-none-eabi/10.3.1/thumb/v7-m/nofp\libgcc.a
LOAD d:/clion_stm32/gcc_arm_none_eabi/gcc-arm-none-eabi-10.3-2021.10/bin/../lib/gcc/arm-none-eabi/10.3.1/../../../../arm-none-eabi/lib/thumb/v7-m/nofp\libg.a
LOAD d:/clion_stm32/gcc_arm_none_eabi/gcc-arm-none-eabi-10.3-2021.10/bin/../lib/gcc/arm-none-eabi/10.3.1/../../../../arm-none-eabi/lib/thumb/v7-m/nofp\libc.a
END GROUP
LOAD d:/clion_stm32/gcc_arm_none_eabi/gcc-arm-none-eabi-10.3-2021.10/bin/../lib/gcc/arm-none-eabi/10.3.1/thumb/v7-m/nofp/crtend.o
LOAD d:/clion_stm32/gcc_arm_none_eabi/gcc-arm-none-eabi-10.3-2021.10/bin/../lib/gcc/arm-none-eabi/10.3.1/thumb/v7-m/nofp/crtn.o
                0x2000c000                _estack = (ORIGIN (RAM) + LENGTH (RAM))
                0x00000200                _Min_Heap_Size = 0x200
                0x00000400                _Min_Stack_Size = 0x400

.isr_vector     0x08000000      0x1e4
                0x08000000                . = ALIGN (0x4)
 *(.isr_vector)
 .isr_vector    0x08000000      0x1e4 CMakeFiles/motor_first.elf.dir/Core/Startup/startup_stm32f103rctx.s.obj
                0x08000000                g_pfnVectors
                0x080001e4                . = ALIGN (0x4)

.text           0x080001e8     0xc1c0
                0x080001e8                . = ALIGN (0x4)
 *(.text)
 .text          0x080001e8       0x40 d:/clion_stm32/gcc_arm_none_eabi/gcc-arm-none-eabi-10.3-2021.10/bin/../lib/gcc/arm-none-eabi/10.3.1/thumb/v7-m/nofp/crtbegin.o
 .text          0x08000228      0x168 d:/clion_stm32/gcc_arm_none_eabi/gcc-arm-none-eabi-10.3-2021.10/bin/../lib/gcc/arm-none-eabi/10.3.1/thumb/v7-m/nofp\libgcc.a(_arm_mulsf3.o)
                0x08000228                __aeabi_fmul
                0x08000228                __mulsf3
 .text          0x08000390      0x378 d:/clion_stm32/gcc_arm_none_eabi/gcc-arm-none-eabi-10.3-2021.10/bin/../lib/gcc/arm-none-eabi/10.3.1/thumb/v7-m/nofp\libgcc.a(_arm_addsubdf3.o)
                0x08000390                __aeabi_drsub
                0x08000398                __aeabi_dsub
                0x08000398                __subdf3
                0x0800039c                __aeabi_dadd
                0x0800039c                __adddf3
                0x08000614                __floatunsidf
                0x08000614                __aeabi_ui2d
                0x08000634                __floatsidf
                0x08000634                __aeabi_i2d
                0x08000658                __aeabi_f2d
                0x08000658                __extendsfdf2
                0x0800069c                __floatundidf
                0x0800069c                __aeabi_ul2d
                0x080006ac                __floatdidf
                0x080006ac                __aeabi_l2d
 .text          0x08000708      0x424 d:/clion_stm32/gcc_arm_none_eabi/gcc-arm-none-eabi-10.3-2021.10/bin/../lib/gcc/arm-none-eabi/10.3.1/thumb/v7-m/nofp\libgcc.a(_arm_muldivdf3.o)
                0x08000708                __aeabi_dmul
                0x08000708                __muldf3
                0x0800095c                __divdf3
                0x0800095c                __aeabi_ddiv
 .text          0x08000b2c       0x50 d:/clion_stm32/gcc_arm_none_eabi/gcc-arm-none-eabi-10.3-2021.10/bin/../lib/gcc/arm-none-eabi/10.3.1/thumb/v7-m/nofp\libgcc.a(_arm_fixdfsi.o)
                0x08000b2c                __aeabi_d2iz
                0x08000b2c                __fixdfsi
 .text          0x08000b7c      0x21c d:/clion_stm32/gcc_arm_none_eabi/gcc-arm-none-eabi-10.3-2021.10/bin/../lib/gcc/arm-none-eabi/10.3.1/thumb/v7-m/nofp\libgcc.a(_arm_addsubsf3.o)
                0x08000b7c                __aeabi_frsub
                0x08000b84                __subsf3
                0x08000b84                __aeabi_fsub
                0x08000b88                __aeabi_fadd
                0x08000b88                __addsf3
                0x08000ce8                __aeabi_ui2f
                0x08000ce8                __floatunsisf
                0x08000cf0                __aeabi_i2f
                0x08000cf0                __floatsisf
                0x08000d0c                __aeabi_ul2f
                0x08000d0c                __floatundisf
                0x08000d1c                __aeabi_l2f
                0x08000d1c                __floatdisf
 .text          0x08000d98       0x4c d:/clion_stm32/gcc_arm_none_eabi/gcc-arm-none-eabi-10.3-2021.10/bin/../lib/gcc/arm-none-eabi/10.3.1/thumb/v7-m/nofp\libgcc.a(_arm_fixsfsi.o)
                0x08000d98                __aeabi_f2iz
                0x08000d98                __fixsfsi
 .text          0x08000de4      0x9e4 d:/clion_stm32/gcc_arm_none_eabi/gcc-arm-none-eabi-10.3-2021.10/bin/../lib/gcc/arm-none-eabi/10.3.1/thumb/v7-m/nofp\libgcc.a(unwind-arm.o)
                0x080010a4                _Unwind_GetCFA
                0x080010a8                __gnu_Unwind_RaiseException
                0x08001110                __gnu_Unwind_ForcedUnwind
                0x08001124                __gnu_Unwind_Resume
                0x08001168                __gnu_Unwind_Resume_or_Rethrow
                0x0800117c                _Unwind_Complete
                0x08001180                _Unwind_DeleteException
                0x0800118c                _Unwind_VRS_Get
                0x080011d8                _Unwind_VRS_Set
                0x08001220                __gnu_Unwind_Backtrace
                0x08001548                __aeabi_unwind_cpp_pr0
                0x0800154c                __aeabi_unwind_cpp_pr1
                0x08001550                __aeabi_unwind_cpp_pr2
                0x08001554                _Unwind_VRS_Pop
 .text          0x080017c8      0x1ac d:/clion_stm32/gcc_arm_none_eabi/gcc-arm-none-eabi-10.3-2021.10/bin/../lib/gcc/arm-none-eabi/10.3.1/thumb/v7-m/nofp\libgcc.a(libunwind.o)
                0x080017c8                __restore_core_regs
                0x080017c8                restore_core_regs
                0x080017e0                __gnu_Unwind_Restore_VFP
                0x080017e8                __gnu_Unwind_Save_VFP
                0x080017f0                __gnu_Unwind_Restore_VFP_D
                0x080017f8                __gnu_Unwind_Save_VFP_D
                0x08001800                __gnu_Unwind_Restore_VFP_D_16_to_31
                0x08001808                __gnu_Unwind_Save_VFP_D_16_to_31
                0x08001810                __gnu_Unwind_Restore_WMMXD
                0x08001854                __gnu_Unwind_Save_WMMXD
                0x08001898                __gnu_Unwind_Restore_WMMXC
                0x080018ac                __gnu_Unwind_Save_WMMXC
                0x080018c0                ___Unwind_RaiseException
                0x080018c0                _Unwind_RaiseException
                0x080018e4                _Unwind_Resume
                0x080018e4                ___Unwind_Resume
                0x08001908                _Unwind_Resume_or_Rethrow
                0x08001908                ___Unwind_Resume_or_Rethrow
                0x0800192c                _Unwind_ForcedUnwind
                0x0800192c                ___Unwind_ForcedUnwind
                0x08001950                ___Unwind_Backtrace
                0x08001950                _Unwind_Backtrace
 .text          0x08001974      0x38c d:/clion_stm32/gcc_arm_none_eabi/gcc-arm-none-eabi-10.3-2021.10/bin/../lib/gcc/arm-none-eabi/10.3.1/thumb/v7-m/nofp\libgcc.a(pr-support.o)
                0x080019cc                __gnu_unwind_execute
                0x08001cb0                __gnu_unwind_frame
                0x08001ce0                _Unwind_GetRegionStart
                0x08001cec                _Unwind_GetLanguageSpecificData
 .text          0x08001d00       0xec d:/clion_stm32/gcc_arm_none_eabi/gcc-arm-none-eabi-10.3-2021.10/bin/../lib/gcc/arm-none-eabi/10.3.1/../../../../arm-none-eabi/lib/thumb/v7-m/nofp\libg.a(lib_a-memcpy.o)
                0x08001d00                memcpy
 .text          0x08001dec      0x110 d:/clion_stm32/gcc_arm_none_eabi/gcc-arm-none-eabi-10.3-2021.10/bin/../lib/gcc/arm-none-eabi/10.3.1/thumb/v7-m/nofp\libgcc.a(_arm_cmpdf2.o)
                0x08001dec                __gtdf2
                0x08001dec                __gedf2
                0x08001df4                __ltdf2
                0x08001df4                __ledf2
                0x08001dfc                __nedf2
                0x08001dfc                __eqdf2
                0x08001dfc                __cmpdf2
                0x08001e78                __aeabi_cdrcmple
                0x08001e88                __aeabi_cdcmpeq
                0x08001e88                __aeabi_cdcmple
                0x08001e98                __aeabi_dcmpeq
                0x08001eac                __aeabi_dcmplt
                0x08001ec0                __aeabi_dcmple
                0x08001ed4                __aeabi_dcmpge
                0x08001ee8                __aeabi_dcmpgt
 .text          0x08001efc       0x2c d:/clion_stm32/gcc_arm_none_eabi/gcc-arm-none-eabi-10.3-2021.10/bin/../lib/gcc/arm-none-eabi/10.3.1/thumb/v7-m/nofp\libgcc.a(_arm_unorddf2.o)
                0x08001efc                __unorddf2
                0x08001efc                __aeabi_dcmpun
 .text          0x08001f28       0x30 d:/clion_stm32/gcc_arm_none_eabi/gcc-arm-none-eabi-10.3-2021.10/bin/../lib/gcc/arm-none-eabi/10.3.1/thumb/v7-m/nofp\libgcc.a(_aeabi_uldivmod.o)
                0x08001f28                __aeabi_uldivmod
 .text          0x08001f58      0x2d4 d:/clion_stm32/gcc_arm_none_eabi/gcc-arm-none-eabi-10.3-2021.10/bin/../lib/gcc/arm-none-eabi/10.3.1/thumb/v7-m/nofp\libgcc.a(_udivmoddi4.o)
                0x08001f58                __udivmoddi4
 .text          0x0800222c        0x4 d:/clion_stm32/gcc_arm_none_eabi/gcc-arm-none-eabi-10.3-2021.10/bin/../lib/gcc/arm-none-eabi/10.3.1/thumb/v7-m/nofp\libgcc.a(_dvmd_tls.o)
                0x0800222c                __aeabi_idiv0
                0x0800222c                __aeabi_ldiv0
 *(.text*)
 .text.HAL_UARTEx_RxEventCallback
                0x08002230       0xcc CMakeFiles/motor_first.elf.dir/Core/Own/Src/IT.cpp.obj
                0x08002230                HAL_UARTEx_RxEventCallback
 .text.HAL_TIM_PeriodElapsedCallback
                0x080022fc      0x214 CMakeFiles/motor_first.elf.dir/Core/Own/Src/IT.cpp.obj
                0x080022fc                HAL_TIM_PeriodElapsedCallback
 .text._Z41__static_initialization_and_destruction_0ii
                0x08002510       0x30 CMakeFiles/motor_first.elf.dir/Core/Own/Src/blueteeth.cpp.obj
 .text._ZN9BLUETEETH4sendEPKcz
                0x08002540       0x42 CMakeFiles/motor_first.elf.dir/Core/Own/Src/blueteeth.cpp.obj
                0x08002540                BLUETEETH::send(char const*, ...)
 .text._ZN9BLUETEETH7receiveEv
                0x08002582       0x1c CMakeFiles/motor_first.elf.dir/Core/Own/Src/blueteeth.cpp.obj
                0x08002582                BLUETEETH::receive()
 *fill*         0x0800259e        0x2 
 .text._ZN9BLUETEETH4testEv
                0x080025a0      0x13c CMakeFiles/motor_first.elf.dir/Core/Own/Src/blueteeth.cpp.obj
                0x080025a0                BLUETEETH::test()
 .text._GLOBAL__sub_I__ZN9BLUETEETH4sendEPKcz
                0x080026dc        0xe CMakeFiles/motor_first.elf.dir/Core/Own/Src/blueteeth.cpp.obj
 *fill*         0x080026ea        0x2 
 .text._ZN5GY953C2EP20__UART_HandleTypeDefPhP19__DMA_HandleTypeDef
                0x080026ec       0xc4 CMakeFiles/motor_first.elf.dir/Core/Own/Src/gy953.cpp.obj
                0x080026ec                GY953::GY953(__UART_HandleTypeDef*, unsigned char*, __DMA_HandleTypeDef*)
                0x080026ec                GY953::GY953(__UART_HandleTypeDef*, unsigned char*, __DMA_HandleTypeDef*)
 .text._ZN5GY9534SendEPKh
                0x080027b0       0x26 CMakeFiles/motor_first.elf.dir/Core/Own/Src/gy953.cpp.obj
                0x080027b0                GY953::Send(unsigned char const*)
 .text._ZN5GY9534InitEv
                0x080027d6        0xc CMakeFiles/motor_first.elf.dir/Core/Own/Src/gy953.cpp.obj
                0x080027d6                GY953::Init()
 *fill*         0x080027e2        0x2 
 .text._ZN5GY9537computeEv
                0x080027e4       0x34 CMakeFiles/motor_first.elf.dir/Core/Own/Src/gy953.cpp.obj
                0x080027e4                GY953::compute()
 .text._ZN5GY9534TestEt
                0x08002818      0x11c CMakeFiles/motor_first.elf.dir/Core/Own/Src/gy953.cpp.obj
                0x08002818                GY953::Test(unsigned short)
 .text._ZN5GY9537ReceiveEv
                0x08002934       0x20 CMakeFiles/motor_first.elf.dir/Core/Own/Src/gy953.cpp.obj
                0x08002934                GY953::Receive()
 .text._Z41__static_initialization_and_destruction_0ii
                0x08002954       0xb0 CMakeFiles/motor_first.elf.dir/Core/Own/Src/motor.cpp.obj
 .text._ZN5motor9front_runEv
                0x08002a04       0x34 CMakeFiles/motor_first.elf.dir/Core/Own/Src/motor.cpp.obj
                0x08002a04                motor::front_run()
 .text._ZN5motor8back_runEv
                0x08002a38       0x34 CMakeFiles/motor_first.elf.dir/Core/Own/Src/motor.cpp.obj
                0x08002a38                motor::back_run()
 .text._ZN5motor6SetPwmEi
                0x08002a6c       0x7c CMakeFiles/motor_first.elf.dir/Core/Own/Src/motor.cpp.obj
                0x08002a6c                motor::SetPwm(int)
 .text._ZN5motor6GetPosEv
                0x08002ae8       0x22 CMakeFiles/motor_first.elf.dir/Core/Own/Src/motor.cpp.obj
                0x08002ae8                motor::GetPos()
 .text._ZN5motor5clearEv
                0x08002b0a       0x12 CMakeFiles/motor_first.elf.dir/Core/Own/Src/motor.cpp.obj
                0x08002b0a                motor::clear()
 .text._GLOBAL__sub_I__ZN5motor9front_runEv
                0x08002b1c        0xe CMakeFiles/motor_first.elf.dir/Core/Own/Src/motor.cpp.obj
 *fill*         0x08002b2a        0x2 
 .text.OLED_I2C_Init
                0x08002b2c       0x64 CMakeFiles/motor_first.elf.dir/Core/Own/Src/oled.c.obj
                0x08002b2c                OLED_I2C_Init
 .text.OLED_I2C_Start
                0x08002b90       0x34 CMakeFiles/motor_first.elf.dir/Core/Own/Src/oled.c.obj
                0x08002b90                OLED_I2C_Start
 .text.OLED_I2C_Stop
                0x08002bc4       0x28 CMakeFiles/motor_first.elf.dir/Core/Own/Src/oled.c.obj
                0x08002bc4                OLED_I2C_Stop
 .text.OLED_I2C_SendByte
                0x08002bec       0x50 CMakeFiles/motor_first.elf.dir/Core/Own/Src/oled.c.obj
                0x08002bec                OLED_I2C_SendByte
 .text.OLED_WriteCommand
                0x08002c3c       0x20 CMakeFiles/motor_first.elf.dir/Core/Own/Src/oled.c.obj
                0x08002c3c                OLED_WriteCommand
 .text.OLED_WriteData
                0x08002c5c       0x20 CMakeFiles/motor_first.elf.dir/Core/Own/Src/oled.c.obj
                0x08002c5c                OLED_WriteData
 .text.OLED_SetCursor
                0x08002c7c       0x20 CMakeFiles/motor_first.elf.dir/Core/Own/Src/oled.c.obj
                0x08002c7c                OLED_SetCursor
 .text.OLED_Clear
                0x08002c9c       0x2c CMakeFiles/motor_first.elf.dir/Core/Own/Src/oled.c.obj
                0x08002c9c                OLED_Clear
 .text.OLED_ShowChar
                0x08002cc8       0x64 CMakeFiles/motor_first.elf.dir/Core/Own/Src/oled.c.obj
                0x08002cc8                OLED_ShowChar
 .text.OLED_Pow
                0x08002d2c       0x14 CMakeFiles/motor_first.elf.dir/Core/Own/Src/oled.c.obj
                0x08002d2c                OLED_Pow
 .text.OLED_ShowSignedNum
                0x08002d40       0x64 CMakeFiles/motor_first.elf.dir/Core/Own/Src/oled.c.obj
                0x08002d40                OLED_ShowSignedNum
 .text.OLED_Init
                0x08002da4       0xae CMakeFiles/motor_first.elf.dir/Core/Own/Src/oled.c.obj
                0x08002da4                OLED_Init
 *fill*         0x08002e52        0x2 
 .text._Z41__static_initialization_and_destruction_0ii
                0x08002e54       0x5c CMakeFiles/motor_first.elf.dir/Core/Own/Src/pid.cpp.obj
 .text._ZN3pid5clearEv
                0x08002eb0        0xe CMakeFiles/motor_first.elf.dir/Core/Own/Src/pid.cpp.obj
                0x08002eb0                pid::clear()
 .text._ZN3pid8SpeedPidE5motorf
                0x08002ebe       0x6e CMakeFiles/motor_first.elf.dir/Core/Own/Src/pid.cpp.obj
                0x08002ebe                pid::SpeedPid(motor, float)
 .text._GLOBAL__sub_I__Z5limitfRff
                0x08002f2c        0xe CMakeFiles/motor_first.elf.dir/Core/Own/Src/pid.cpp.obj
 *fill*         0x08002f3a        0x2 
 .text._Z41__static_initialization_and_destruction_0ii
                0x08002f3c       0x30 CMakeFiles/motor_first.elf.dir/Core/Own/Src/telescopic.cpp.obj
 .text._ZN10telescopic5CloseEv
                0x08002f6c       0x1e CMakeFiles/motor_first.elf.dir/Core/Own/Src/telescopic.cpp.obj
                0x08002f6c                telescopic::Close()
 .text._ZN10telescopic5ClearEv
                0x08002f8a        0x6 CMakeFiles/motor_first.elf.dir/Core/Own/Src/telescopic.cpp.obj
                0x08002f8a                telescopic::Clear()
 .text._GLOBAL__sub_I__ZN10telescopic4OpenEb
                0x08002f90        0xe CMakeFiles/motor_first.elf.dir/Core/Own/Src/telescopic.cpp.obj
 .text.number   0x08002f9e       0x4c CMakeFiles/motor_first.elf.dir/Core/Own/Src/uart.c.obj
                0x08002f9e                number
 .text.printn   0x08002fea       0x10 CMakeFiles/motor_first.elf.dir/Core/Own/Src/uart.c.obj
                0x08002fea                printn
 *fill*         0x08002ffa        0x2 
 .text._Z41__static_initialization_and_destruction_0ii
                0x08002ffc       0x30 CMakeFiles/motor_first.elf.dir/Core/Own/main.cpp.obj
 .text.Error_Handler
                0x0800302c        0x4 CMakeFiles/motor_first.elf.dir/Core/Own/main.cpp.obj
                0x0800302c                Error_Handler
 .text._Z18SystemClock_Configv
                0x08003030       0x64 CMakeFiles/motor_first.elf.dir/Core/Own/main.cpp.obj
                0x08003030                SystemClock_Config()
 .text.main     0x08003094      0x18c CMakeFiles/motor_first.elf.dir/Core/Own/main.cpp.obj
                0x08003094                main
 .text._GLOBAL__sub_I_gy953
                0x08003220        0xe CMakeFiles/motor_first.elf.dir/Core/Own/main.cpp.obj
 *fill*         0x0800322e        0x2 
 .text.MX_DMA_Init
                0x08003230       0x64 CMakeFiles/motor_first.elf.dir/Core/Src/dma.c.obj
                0x08003230                MX_DMA_Init
 .text.MX_GPIO_Init
                0x08003294       0xb8 CMakeFiles/motor_first.elf.dir/Core/Src/gpio.c.obj
                0x08003294                MX_GPIO_Init
 .text.MX_I2C1_Init
                0x0800334c       0x3c CMakeFiles/motor_first.elf.dir/Core/Src/i2c.c.obj
                0x0800334c                MX_I2C1_Init
 .text.MX_I2C2_Init
                0x08003388       0x3c CMakeFiles/motor_first.elf.dir/Core/Src/i2c.c.obj
                0x08003388                MX_I2C2_Init
 .text.HAL_I2C_MspInit
                0x080033c4       0xac CMakeFiles/motor_first.elf.dir/Core/Src/i2c.c.obj
                0x080033c4                HAL_I2C_MspInit
 .text.HAL_MspInit
                0x08003470       0x44 CMakeFiles/motor_first.elf.dir/Core/Src/stm32f1xx_hal_msp.c.obj
                0x08003470                HAL_MspInit
 .text.NMI_Handler
                0x080034b4        0x2 CMakeFiles/motor_first.elf.dir/Core/Src/stm32f1xx_it.c.obj
                0x080034b4                NMI_Handler
 .text.HardFault_Handler
                0x080034b6        0x2 CMakeFiles/motor_first.elf.dir/Core/Src/stm32f1xx_it.c.obj
                0x080034b6                HardFault_Handler
 .text.MemManage_Handler
                0x080034b8        0x2 CMakeFiles/motor_first.elf.dir/Core/Src/stm32f1xx_it.c.obj
                0x080034b8                MemManage_Handler
 .text.BusFault_Handler
                0x080034ba        0x2 CMakeFiles/motor_first.elf.dir/Core/Src/stm32f1xx_it.c.obj
                0x080034ba                BusFault_Handler
 .text.UsageFault_Handler
                0x080034bc        0x2 CMakeFiles/motor_first.elf.dir/Core/Src/stm32f1xx_it.c.obj
                0x080034bc                UsageFault_Handler
 .text.SVC_Handler
                0x080034be        0x2 CMakeFiles/motor_first.elf.dir/Core/Src/stm32f1xx_it.c.obj
                0x080034be                SVC_Handler
 .text.DebugMon_Handler
                0x080034c0        0x2 CMakeFiles/motor_first.elf.dir/Core/Src/stm32f1xx_it.c.obj
                0x080034c0                DebugMon_Handler
 .text.PendSV_Handler
                0x080034c2        0x2 CMakeFiles/motor_first.elf.dir/Core/Src/stm32f1xx_it.c.obj
                0x080034c2                PendSV_Handler
 .text.SysTick_Handler
                0x080034c4        0x8 CMakeFiles/motor_first.elf.dir/Core/Src/stm32f1xx_it.c.obj
                0x080034c4                SysTick_Handler
 .text.DMA1_Channel2_IRQHandler
                0x080034cc       0x10 CMakeFiles/motor_first.elf.dir/Core/Src/stm32f1xx_it.c.obj
                0x080034cc                DMA1_Channel2_IRQHandler
 .text.DMA1_Channel3_IRQHandler
                0x080034dc       0x10 CMakeFiles/motor_first.elf.dir/Core/Src/stm32f1xx_it.c.obj
                0x080034dc                DMA1_Channel3_IRQHandler
 .text.DMA1_Channel6_IRQHandler
                0x080034ec       0x10 CMakeFiles/motor_first.elf.dir/Core/Src/stm32f1xx_it.c.obj
                0x080034ec                DMA1_Channel6_IRQHandler
 .text.DMA1_Channel7_IRQHandler
                0x080034fc       0x10 CMakeFiles/motor_first.elf.dir/Core/Src/stm32f1xx_it.c.obj
                0x080034fc                DMA1_Channel7_IRQHandler
 .text.TIM4_IRQHandler
                0x0800350c       0x10 CMakeFiles/motor_first.elf.dir/Core/Src/stm32f1xx_it.c.obj
                0x0800350c                TIM4_IRQHandler
 .text.USART2_IRQHandler
                0x0800351c       0x10 CMakeFiles/motor_first.elf.dir/Core/Src/stm32f1xx_it.c.obj
                0x0800351c                USART2_IRQHandler
 .text.USART3_IRQHandler
                0x0800352c       0x10 CMakeFiles/motor_first.elf.dir/Core/Src/stm32f1xx_it.c.obj
                0x0800352c                USART3_IRQHandler
 .text.TIM6_IRQHandler
                0x0800353c       0x10 CMakeFiles/motor_first.elf.dir/Core/Src/stm32f1xx_it.c.obj
                0x0800353c                TIM6_IRQHandler
 .text._getpid  0x0800354c        0x4 CMakeFiles/motor_first.elf.dir/Core/Src/syscalls.c.obj
                0x0800354c                _getpid
 .text._kill    0x08003550       0x10 CMakeFiles/motor_first.elf.dir/Core/Src/syscalls.c.obj
                0x08003550                _kill
 .text._exit    0x08003560        0xc CMakeFiles/motor_first.elf.dir/Core/Src/syscalls.c.obj
                0x08003560                _exit
 .text._read    0x0800356c       0x20 CMakeFiles/motor_first.elf.dir/Core/Src/syscalls.c.obj
                0x0800356c                _read
 .text._write   0x0800358c       0x1c CMakeFiles/motor_first.elf.dir/Core/Src/syscalls.c.obj
                0x0800358c                _write
 .text._close   0x080035a8        0x6 CMakeFiles/motor_first.elf.dir/Core/Src/syscalls.c.obj
                0x080035a8                _close
 .text._fstat   0x080035ae        0xa CMakeFiles/motor_first.elf.dir/Core/Src/syscalls.c.obj
                0x080035ae                _fstat
 .text._isatty  0x080035b8        0x4 CMakeFiles/motor_first.elf.dir/Core/Src/syscalls.c.obj
                0x080035b8                _isatty
 .text._lseek   0x080035bc        0x4 CMakeFiles/motor_first.elf.dir/Core/Src/syscalls.c.obj
                0x080035bc                _lseek
 .text._sbrk    0x080035c0       0x48 CMakeFiles/motor_first.elf.dir/Core/Src/sysmem.c.obj
                0x080035c0                _sbrk
 .text.SystemInit
                0x08003608        0x2 CMakeFiles/motor_first.elf.dir/Core/Src/system_stm32f1xx.c.obj
                0x08003608                SystemInit
 *fill*         0x0800360a        0x2 
 .text.MX_TIM1_Init
                0x0800360c       0x68 CMakeFiles/motor_first.elf.dir/Core/Src/tim.c.obj
                0x0800360c                MX_TIM1_Init
 .text.MX_TIM2_Init
                0x08003674       0x64 CMakeFiles/motor_first.elf.dir/Core/Src/tim.c.obj
                0x08003674                MX_TIM2_Init
 .text.MX_TIM3_Init
                0x080036d8       0x64 CMakeFiles/motor_first.elf.dir/Core/Src/tim.c.obj
                0x080036d8                MX_TIM3_Init
 .text.MX_TIM4_Init
                0x0800373c       0x70 CMakeFiles/motor_first.elf.dir/Core/Src/tim.c.obj
                0x0800373c                MX_TIM4_Init
 .text.MX_TIM5_Init
                0x080037ac       0x64 CMakeFiles/motor_first.elf.dir/Core/Src/tim.c.obj
                0x080037ac                MX_TIM5_Init
 .text.MX_TIM6_Init
                0x08003810       0x50 CMakeFiles/motor_first.elf.dir/Core/Src/tim.c.obj
                0x08003810                MX_TIM6_Init
 .text.HAL_TIM_Encoder_MspInit
                0x08003860      0x158 CMakeFiles/motor_first.elf.dir/Core/Src/tim.c.obj
                0x08003860                HAL_TIM_Encoder_MspInit
 .text.HAL_TIM_Base_MspInit
                0x080039b8       0x70 CMakeFiles/motor_first.elf.dir/Core/Src/tim.c.obj
                0x080039b8                HAL_TIM_Base_MspInit
 .text.HAL_TIM_PWM_MspInit
                0x08003a28       0x2c CMakeFiles/motor_first.elf.dir/Core/Src/tim.c.obj
                0x08003a28                HAL_TIM_PWM_MspInit
 .text.HAL_TIM_MspPostInit
                0x08003a54       0x50 CMakeFiles/motor_first.elf.dir/Core/Src/tim.c.obj
                0x08003a54                HAL_TIM_MspPostInit
 .text.MX_TIM8_Init
                0x08003aa4       0xf0 CMakeFiles/motor_first.elf.dir/Core/Src/tim.c.obj
                0x08003aa4                MX_TIM8_Init
 .text.MX_USART2_UART_Init
                0x08003b94       0x34 CMakeFiles/motor_first.elf.dir/Core/Src/usart.c.obj
                0x08003b94                MX_USART2_UART_Init
 .text.MX_USART3_UART_Init
                0x08003bc8       0x34 CMakeFiles/motor_first.elf.dir/Core/Src/usart.c.obj
                0x08003bc8                MX_USART3_UART_Init
 .text.HAL_UART_MspInit
                0x08003bfc      0x1d8 CMakeFiles/motor_first.elf.dir/Core/Src/usart.c.obj
                0x08003bfc                HAL_UART_MspInit
 .text.Reset_Handler
                0x08003dd4       0x48 CMakeFiles/motor_first.elf.dir/Core/Startup/startup_stm32f103rctx.s.obj
                0x08003dd4                Reset_Handler
 .text.Default_Handler
                0x08003e1c        0x2 CMakeFiles/motor_first.elf.dir/Core/Startup/startup_stm32f103rctx.s.obj
                0x08003e1c                RTC_Alarm_IRQHandler
                0x08003e1c                EXTI2_IRQHandler
                0x08003e1c                TIM8_TRG_COM_IRQHandler
                0x08003e1c                TIM8_CC_IRQHandler
                0x08003e1c                TIM1_CC_IRQHandler
                0x08003e1c                PVD_IRQHandler
                0x08003e1c                SDIO_IRQHandler
                0x08003e1c                EXTI3_IRQHandler
                0x08003e1c                EXTI0_IRQHandler
                0x08003e1c                I2C2_EV_IRQHandler
                0x08003e1c                ADC1_2_IRQHandler
                0x08003e1c                SPI1_IRQHandler
                0x08003e1c                TAMPER_IRQHandler
                0x08003e1c                TIM8_UP_IRQHandler
                0x08003e1c                DMA2_Channel2_IRQHandler
                0x08003e1c                DMA1_Channel4_IRQHandler
                0x08003e1c                RTC_IRQHandler
                0x08003e1c                CAN1_RX1_IRQHandler
                0x08003e1c                UART5_IRQHandler
                0x08003e1c                ADC3_IRQHandler
                0x08003e1c                DMA2_Channel1_IRQHandler
                0x08003e1c                I2C1_EV_IRQHandler
                0x08003e1c                UART4_IRQHandler
                0x08003e1c                TIM3_IRQHandler
                0x08003e1c                RCC_IRQHandler
                0x08003e1c                TIM1_TRG_COM_IRQHandler
                0x08003e1c                DMA1_Channel1_IRQHandler
                0x08003e1c                Default_Handler
                0x08003e1c                EXTI15_10_IRQHandler
                0x08003e1c                TIM7_IRQHandler
                0x08003e1c                TIM5_IRQHandler
                0x08003e1c                EXTI9_5_IRQHandler
                0x08003e1c                SPI2_IRQHandler
                0x08003e1c                DMA1_Channel5_IRQHandler
                0x08003e1c                EXTI4_IRQHandler
                0x08003e1c                USB_LP_CAN1_RX0_IRQHandler
                0x08003e1c                USB_HP_CAN1_TX_IRQHandler
                0x08003e1c                FSMC_IRQHandler
                0x08003e1c                TIM1_UP_IRQHandler
                0x08003e1c                WWDG_IRQHandler
                0x08003e1c                TIM2_IRQHandler
                0x08003e1c                TIM1_BRK_IRQHandler
                0x08003e1c                EXTI1_IRQHandler
                0x08003e1c                DMA2_Channel4_5_IRQHandler
                0x08003e1c                I2C2_ER_IRQHandler
                0x08003e1c                TIM8_BRK_IRQHandler
                0x08003e1c                CAN1_SCE_IRQHandler
                0x08003e1c                FLASH_IRQHandler
                0x08003e1c                USART1_IRQHandler
                0x08003e1c                SPI3_IRQHandler
                0x08003e1c                I2C1_ER_IRQHandler
                0x08003e1c                USBWakeUp_IRQHandler
                0x08003e1c                DMA2_Channel3_IRQHandler
 *fill*         0x08003e1e        0x2 
 .text.HAL_InitTick
                0x08003e20       0x4c CMakeFiles/motor_first.elf.dir/Drivers/STM32F1xx_HAL_Driver/Src/stm32f1xx_hal.c.obj
                0x08003e20                HAL_InitTick
 .text.HAL_Init
                0x08003e6c       0x24 CMakeFiles/motor_first.elf.dir/Drivers/STM32F1xx_HAL_Driver/Src/stm32f1xx_hal.c.obj
                0x08003e6c                HAL_Init
 .text.HAL_IncTick
                0x08003e90       0x18 CMakeFiles/motor_first.elf.dir/Drivers/STM32F1xx_HAL_Driver/Src/stm32f1xx_hal.c.obj
                0x08003e90                HAL_IncTick
 .text.HAL_GetTick
                0x08003ea8        0xc CMakeFiles/motor_first.elf.dir/Drivers/STM32F1xx_HAL_Driver/Src/stm32f1xx_hal.c.obj
                0x08003ea8                HAL_GetTick
 .text.HAL_NVIC_SetPriorityGrouping
                0x08003eb4       0x24 CMakeFiles/motor_first.elf.dir/Drivers/STM32F1xx_HAL_Driver/Src/stm32f1xx_hal_cortex.c.obj
                0x08003eb4                HAL_NVIC_SetPriorityGrouping
 .text.HAL_NVIC_SetPriority
                0x08003ed8       0x70 CMakeFiles/motor_first.elf.dir/Drivers/STM32F1xx_HAL_Driver/Src/stm32f1xx_hal_cortex.c.obj
                0x08003ed8                HAL_NVIC_SetPriority
 .text.HAL_NVIC_EnableIRQ
                0x08003f48       0x1c CMakeFiles/motor_first.elf.dir/Drivers/STM32F1xx_HAL_Driver/Src/stm32f1xx_hal_cortex.c.obj
                0x08003f48                HAL_NVIC_EnableIRQ
 .text.HAL_SYSTICK_Config
                0x08003f64       0x28 CMakeFiles/motor_first.elf.dir/Drivers/STM32F1xx_HAL_Driver/Src/stm32f1xx_hal_cortex.c.obj
                0x08003f64                HAL_SYSTICK_Config
 .text.DMA_SetConfig
                0x08003f8c       0x2c CMakeFiles/motor_first.elf.dir/Drivers/STM32F1xx_HAL_Driver/Src/stm32f1xx_hal_dma.c.obj
 .text.HAL_DMA_Init
                0x08003fb8       0x98 CMakeFiles/motor_first.elf.dir/Drivers/STM32F1xx_HAL_Driver/Src/stm32f1xx_hal_dma.c.obj
                0x08003fb8                HAL_DMA_Init
 .text.HAL_DMA_Start_IT
                0x08004050       0x76 CMakeFiles/motor_first.elf.dir/Drivers/STM32F1xx_HAL_Driver/Src/stm32f1xx_hal_dma.c.obj
                0x08004050                HAL_DMA_Start_IT
 .text.HAL_DMA_Abort
                0x080040c6       0x46 CMakeFiles/motor_first.elf.dir/Drivers/STM32F1xx_HAL_Driver/Src/stm32f1xx_hal_dma.c.obj
                0x080040c6                HAL_DMA_Abort
 .text.HAL_DMA_Abort_IT
                0x0800410c      0x16c CMakeFiles/motor_first.elf.dir/Drivers/STM32F1xx_HAL_Driver/Src/stm32f1xx_hal_dma.c.obj
                0x0800410c                HAL_DMA_Abort_IT
 .text.HAL_DMA_IRQHandler
                0x08004278      0x2ec CMakeFiles/motor_first.elf.dir/Drivers/STM32F1xx_HAL_Driver/Src/stm32f1xx_hal_dma.c.obj
                0x08004278                HAL_DMA_IRQHandler
 .text.HAL_GPIO_Init
                0x08004564      0x240 CMakeFiles/motor_first.elf.dir/Drivers/STM32F1xx_HAL_Driver/Src/stm32f1xx_hal_gpio.c.obj
                0x08004564                HAL_GPIO_Init
 .text.HAL_GPIO_WritePin
                0x080047a4        0xc CMakeFiles/motor_first.elf.dir/Drivers/STM32F1xx_HAL_Driver/Src/stm32f1xx_hal_gpio.c.obj
                0x080047a4                HAL_GPIO_WritePin
 .text.HAL_I2C_Init
                0x080047b0      0x1bc CMakeFiles/motor_first.elf.dir/Drivers/STM32F1xx_HAL_Driver/Src/stm32f1xx_hal_i2c.c.obj
                0x080047b0                HAL_I2C_Init
 .text.RCC_Delay
                0x0800496c       0x2c CMakeFiles/motor_first.elf.dir/Drivers/STM32F1xx_HAL_Driver/Src/stm32f1xx_hal_rcc.c.obj
 .text.HAL_RCC_OscConfig
                0x08004998      0x410 CMakeFiles/motor_first.elf.dir/Drivers/STM32F1xx_HAL_Driver/Src/stm32f1xx_hal_rcc.c.obj
                0x08004998                HAL_RCC_OscConfig
 .text.HAL_RCC_GetSysClockFreq
                0x08004da8       0x54 CMakeFiles/motor_first.elf.dir/Drivers/STM32F1xx_HAL_Driver/Src/stm32f1xx_hal_rcc.c.obj
                0x08004da8                HAL_RCC_GetSysClockFreq
 .text.HAL_RCC_ClockConfig
                0x08004dfc      0x16c CMakeFiles/motor_first.elf.dir/Drivers/STM32F1xx_HAL_Driver/Src/stm32f1xx_hal_rcc.c.obj
                0x08004dfc                HAL_RCC_ClockConfig
 .text.HAL_RCC_GetHCLKFreq
                0x08004f68        0xc CMakeFiles/motor_first.elf.dir/Drivers/STM32F1xx_HAL_Driver/Src/stm32f1xx_hal_rcc.c.obj
                0x08004f68                HAL_RCC_GetHCLKFreq
 .text.HAL_RCC_GetPCLK1Freq
                0x08004f74       0x20 CMakeFiles/motor_first.elf.dir/Drivers/STM32F1xx_HAL_Driver/Src/stm32f1xx_hal_rcc.c.obj
                0x08004f74                HAL_RCC_GetPCLK1Freq
 .text.HAL_RCC_GetPCLK2Freq
                0x08004f94       0x20 CMakeFiles/motor_first.elf.dir/Drivers/STM32F1xx_HAL_Driver/Src/stm32f1xx_hal_rcc.c.obj
                0x08004f94                HAL_RCC_GetPCLK2Freq
 .text.TIM_OC1_SetConfig
                0x08004fb4       0x68 CMakeFiles/motor_first.elf.dir/Drivers/STM32F1xx_HAL_Driver/Src/stm32f1xx_hal_tim.c.obj
 .text.TIM_OC3_SetConfig
                0x0800501c       0x70 CMakeFiles/motor_first.elf.dir/Drivers/STM32F1xx_HAL_Driver/Src/stm32f1xx_hal_tim.c.obj
 .text.TIM_OC4_SetConfig
                0x0800508c       0x50 CMakeFiles/motor_first.elf.dir/Drivers/STM32F1xx_HAL_Driver/Src/stm32f1xx_hal_tim.c.obj
 .text.TIM_TI1_ConfigInputStage
                0x080050dc       0x24 CMakeFiles/motor_first.elf.dir/Drivers/STM32F1xx_HAL_Driver/Src/stm32f1xx_hal_tim.c.obj
 .text.TIM_TI2_ConfigInputStage
                0x08005100       0x26 CMakeFiles/motor_first.elf.dir/Drivers/STM32F1xx_HAL_Driver/Src/stm32f1xx_hal_tim.c.obj
 .text.TIM_ITRx_SetConfig
                0x08005126       0x10 CMakeFiles/motor_first.elf.dir/Drivers/STM32F1xx_HAL_Driver/Src/stm32f1xx_hal_tim.c.obj
 *fill*         0x08005136        0x2 
 .text.HAL_TIM_Base_Start
                0x08005138       0x6c CMakeFiles/motor_first.elf.dir/Drivers/STM32F1xx_HAL_Driver/Src/stm32f1xx_hal_tim.c.obj
                0x08005138                HAL_TIM_Base_Start
 .text.HAL_TIM_Base_Start_IT
                0x080051a4       0x78 CMakeFiles/motor_first.elf.dir/Drivers/STM32F1xx_HAL_Driver/Src/stm32f1xx_hal_tim.c.obj
                0x080051a4                HAL_TIM_Base_Start_IT
 .text.HAL_TIM_OC_DelayElapsedCallback
                0x0800521c        0x2 CMakeFiles/motor_first.elf.dir/Drivers/STM32F1xx_HAL_Driver/Src/stm32f1xx_hal_tim.c.obj
                0x0800521c                HAL_TIM_OC_DelayElapsedCallback
 .text.HAL_TIM_IC_CaptureCallback
                0x0800521e        0x2 CMakeFiles/motor_first.elf.dir/Drivers/STM32F1xx_HAL_Driver/Src/stm32f1xx_hal_tim.c.obj
                0x0800521e                HAL_TIM_IC_CaptureCallback
 .text.HAL_TIM_PWM_PulseFinishedCallback
                0x08005220        0x2 CMakeFiles/motor_first.elf.dir/Drivers/STM32F1xx_HAL_Driver/Src/stm32f1xx_hal_tim.c.obj
                0x08005220                HAL_TIM_PWM_PulseFinishedCallback
 .text.HAL_TIM_TriggerCallback
                0x08005222        0x2 CMakeFiles/motor_first.elf.dir/Drivers/STM32F1xx_HAL_Driver/Src/stm32f1xx_hal_tim.c.obj
                0x08005222                HAL_TIM_TriggerCallback
 .text.HAL_TIM_IRQHandler
                0x08005224      0x17a CMakeFiles/motor_first.elf.dir/Drivers/STM32F1xx_HAL_Driver/Src/stm32f1xx_hal_tim.c.obj
                0x08005224                HAL_TIM_IRQHandler
 *fill*         0x0800539e        0x2 
 .text.TIM_Base_SetConfig
                0x080053a0       0x98 CMakeFiles/motor_first.elf.dir/Drivers/STM32F1xx_HAL_Driver/Src/stm32f1xx_hal_tim.c.obj
                0x080053a0                TIM_Base_SetConfig
 .text.HAL_TIM_Base_Init
                0x08005438       0x58 CMakeFiles/motor_first.elf.dir/Drivers/STM32F1xx_HAL_Driver/Src/stm32f1xx_hal_tim.c.obj
                0x08005438                HAL_TIM_Base_Init
 .text.HAL_TIM_PWM_Init
                0x08005490       0x58 CMakeFiles/motor_first.elf.dir/Drivers/STM32F1xx_HAL_Driver/Src/stm32f1xx_hal_tim.c.obj
                0x08005490                HAL_TIM_PWM_Init
 .text.HAL_TIM_Encoder_Init
                0x080054e8       0xb8 CMakeFiles/motor_first.elf.dir/Drivers/STM32F1xx_HAL_Driver/Src/stm32f1xx_hal_tim.c.obj
                0x080054e8                HAL_TIM_Encoder_Init
 .text.TIM_OC2_SetConfig
                0x080055a0       0x70 CMakeFiles/motor_first.elf.dir/Drivers/STM32F1xx_HAL_Driver/Src/stm32f1xx_hal_tim.c.obj
                0x080055a0                TIM_OC2_SetConfig
 .text.HAL_TIM_PWM_ConfigChannel
                0x08005610       0xdc CMakeFiles/motor_first.elf.dir/Drivers/STM32F1xx_HAL_Driver/Src/stm32f1xx_hal_tim.c.obj
                0x08005610                HAL_TIM_PWM_ConfigChannel
 .text.TIM_ETR_SetConfig
                0x080056ec       0x18 CMakeFiles/motor_first.elf.dir/Drivers/STM32F1xx_HAL_Driver/Src/stm32f1xx_hal_tim.c.obj
                0x080056ec                TIM_ETR_SetConfig
 .text.HAL_TIM_ConfigClockSource
                0x08005704       0xfe CMakeFiles/motor_first.elf.dir/Drivers/STM32F1xx_HAL_Driver/Src/stm32f1xx_hal_tim.c.obj
                0x08005704                HAL_TIM_ConfigClockSource
 .text.TIM_CCxChannelCmd
                0x08005802       0x1e CMakeFiles/motor_first.elf.dir/Drivers/STM32F1xx_HAL_Driver/Src/stm32f1xx_hal_tim.c.obj
                0x08005802                TIM_CCxChannelCmd
 .text.HAL_TIM_PWM_Start
                0x08005820       0xf4 CMakeFiles/motor_first.elf.dir/Drivers/STM32F1xx_HAL_Driver/Src/stm32f1xx_hal_tim.c.obj
                0x08005820                HAL_TIM_PWM_Start
 .text.HAL_TIM_Encoder_Start
                0x08005914       0xcc CMakeFiles/motor_first.elf.dir/Drivers/STM32F1xx_HAL_Driver/Src/stm32f1xx_hal_tim.c.obj
                0x08005914                HAL_TIM_Encoder_Start
 .text.HAL_TIMEx_MasterConfigSynchronization
                0x080059e0       0x7c CMakeFiles/motor_first.elf.dir/Drivers/STM32F1xx_HAL_Driver/Src/stm32f1xx_hal_tim_ex.c.obj
                0x080059e0                HAL_TIMEx_MasterConfigSynchronization
 .text.HAL_TIMEx_ConfigBreakDeadTime
                0x08005a5c       0x52 CMakeFiles/motor_first.elf.dir/Drivers/STM32F1xx_HAL_Driver/Src/stm32f1xx_hal_tim_ex.c.obj
                0x08005a5c                HAL_TIMEx_ConfigBreakDeadTime
 .text.HAL_TIMEx_CommutCallback
                0x08005aae        0x2 CMakeFiles/motor_first.elf.dir/Drivers/STM32F1xx_HAL_Driver/Src/stm32f1xx_hal_tim_ex.c.obj
                0x08005aae                HAL_TIMEx_CommutCallback
 .text.HAL_TIMEx_BreakCallback
                0x08005ab0        0x2 CMakeFiles/motor_first.elf.dir/Drivers/STM32F1xx_HAL_Driver/Src/stm32f1xx_hal_tim_ex.c.obj
                0x08005ab0                HAL_TIMEx_BreakCallback
 .text.UART_EndTxTransfer
                0x08005ab2       0x20 CMakeFiles/motor_first.elf.dir/Drivers/STM32F1xx_HAL_Driver/Src/stm32f1xx_hal_uart.c.obj
 .text.UART_EndRxTransfer
                0x08005ad2       0x5c CMakeFiles/motor_first.elf.dir/Drivers/STM32F1xx_HAL_Driver/Src/stm32f1xx_hal_uart.c.obj
 .text.UART_Transmit_IT
                0x08005b2e       0x60 CMakeFiles/motor_first.elf.dir/Drivers/STM32F1xx_HAL_Driver/Src/stm32f1xx_hal_uart.c.obj
 *fill*         0x08005b8e        0x2 
 .text.UART_SetConfig
                0x08005b90       0x94 CMakeFiles/motor_first.elf.dir/Drivers/STM32F1xx_HAL_Driver/Src/stm32f1xx_hal_uart.c.obj
 .text.UART_WaitOnFlagUntilTimeout
                0x08005c24       0x88 CMakeFiles/motor_first.elf.dir/Drivers/STM32F1xx_HAL_Driver/Src/stm32f1xx_hal_uart.c.obj
 .text.HAL_UART_Init
                0x08005cac       0x60 CMakeFiles/motor_first.elf.dir/Drivers/STM32F1xx_HAL_Driver/Src/stm32f1xx_hal_uart.c.obj
                0x08005cac                HAL_UART_Init
 .text.HAL_UART_Transmit
                0x08005d0c       0xbe CMakeFiles/motor_first.elf.dir/Drivers/STM32F1xx_HAL_Driver/Src/stm32f1xx_hal_uart.c.obj
                0x08005d0c                HAL_UART_Transmit
 .text.HAL_UART_TxCpltCallback
                0x08005dca        0x2 CMakeFiles/motor_first.elf.dir/Drivers/STM32F1xx_HAL_Driver/Src/stm32f1xx_hal_uart.c.obj
                0x08005dca                HAL_UART_TxCpltCallback
 .text.UART_EndTransmit_IT
                0x08005dcc       0x1a CMakeFiles/motor_first.elf.dir/Drivers/STM32F1xx_HAL_Driver/Src/stm32f1xx_hal_uart.c.obj
 .text.HAL_UART_RxCpltCallback
                0x08005de6        0x2 CMakeFiles/motor_first.elf.dir/Drivers/STM32F1xx_HAL_Driver/Src/stm32f1xx_hal_uart.c.obj
                0x08005de6                HAL_UART_RxCpltCallback
 .text.HAL_UART_RxHalfCpltCallback
                0x08005de8        0x2 CMakeFiles/motor_first.elf.dir/Drivers/STM32F1xx_HAL_Driver/Src/stm32f1xx_hal_uart.c.obj
                0x08005de8                HAL_UART_RxHalfCpltCallback
 .text.HAL_UART_ErrorCallback
                0x08005dea        0x2 CMakeFiles/motor_first.elf.dir/Drivers/STM32F1xx_HAL_Driver/Src/stm32f1xx_hal_uart.c.obj
                0x08005dea                HAL_UART_ErrorCallback
 .text.UART_DMAError
                0x08005dec       0x58 CMakeFiles/motor_first.elf.dir/Drivers/STM32F1xx_HAL_Driver/Src/stm32f1xx_hal_uart.c.obj
 .text.UART_DMAAbortOnError
                0x08005e44       0x10 CMakeFiles/motor_first.elf.dir/Drivers/STM32F1xx_HAL_Driver/Src/stm32f1xx_hal_uart.c.obj
 .text.UART_Receive_IT
                0x08005e54       0xe6 CMakeFiles/motor_first.elf.dir/Drivers/STM32F1xx_HAL_Driver/Src/stm32f1xx_hal_uart.c.obj
 *fill*         0x08005f3a        0x2 
 .text.HAL_UART_IRQHandler
                0x08005f3c      0x288 CMakeFiles/motor_first.elf.dir/Drivers/STM32F1xx_HAL_Driver/Src/stm32f1xx_hal_uart.c.obj
                0x08005f3c                HAL_UART_IRQHandler
 .text.UART_DMARxHalfCplt
                0x080061c4       0x1e CMakeFiles/motor_first.elf.dir/Drivers/STM32F1xx_HAL_Driver/Src/stm32f1xx_hal_uart.c.obj
 .text.UART_DMAReceiveCplt
                0x080061e2       0x9a CMakeFiles/motor_first.elf.dir/Drivers/STM32F1xx_HAL_Driver/Src/stm32f1xx_hal_uart.c.obj
 .text.UART_Start_Receive_DMA
                0x0800627c       0xa4 CMakeFiles/motor_first.elf.dir/Drivers/STM32F1xx_HAL_Driver/Src/stm32f1xx_hal_uart.c.obj
                0x0800627c                UART_Start_Receive_DMA
 .text.HAL_UARTEx_ReceiveToIdle_DMA
                0x08006320       0x66 CMakeFiles/motor_first.elf.dir/Drivers/STM32F1xx_HAL_Driver/Src/stm32f1xx_hal_uart.c.obj
                0x08006320                HAL_UARTEx_ReceiveToIdle_DMA
 *fill*         0x08006386        0x2 
 .text.abort    0x08006388       0x10 d:/clion_stm32/gcc_arm_none_eabi/gcc-arm-none-eabi-10.3-2021.10/bin/../lib/gcc/arm-none-eabi/10.3.1/../../../../arm-none-eabi/lib/thumb/v7-m/nofp\libg.a(lib_a-abort.o)
                0x08006388                abort
 .text.__errno  0x08006398        0xc d:/clion_stm32/gcc_arm_none_eabi/gcc-arm-none-eabi-10.3-2021.10/bin/../lib/gcc/arm-none-eabi/10.3.1/../../../../arm-none-eabi/lib/thumb/v7-m/nofp\libg.a(lib_a-errno.o)
                0x08006398                __errno
 .text.__libc_init_array
                0x080063a4       0x48 d:/clion_stm32/gcc_arm_none_eabi/gcc-arm-none-eabi-10.3-2021.10/bin/../lib/gcc/arm-none-eabi/10.3.1/../../../../arm-none-eabi/lib/thumb/v7-m/nofp\libg.a(lib_a-init.o)
                0x080063a4                __libc_init_array
 .text.memset   0x080063ec       0xa4 d:/clion_stm32/gcc_arm_none_eabi/gcc-arm-none-eabi-10.3-2021.10/bin/../lib/gcc/arm-none-eabi/10.3.1/../../../../arm-none-eabi/lib/thumb/v7-m/nofp\libg.a(lib_a-memset.o)
                0x080063ec                memset
 .text.raise    0x08006490       0x5c d:/clion_stm32/gcc_arm_none_eabi/gcc-arm-none-eabi-10.3-2021.10/bin/../lib/gcc/arm-none-eabi/10.3.1/../../../../arm-none-eabi/lib/thumb/v7-m/nofp\libg.a(lib_a-signal.o)
                0x08006490                raise
 .text._kill_r  0x080064ec       0x28 d:/clion_stm32/gcc_arm_none_eabi/gcc-arm-none-eabi-10.3-2021.10/bin/../lib/gcc/arm-none-eabi/10.3.1/../../../../arm-none-eabi/lib/thumb/v7-m/nofp\libg.a(lib_a-signalr.o)
                0x080064ec                _kill_r
 .text._getpid_r
                0x08006514        0x4 d:/clion_stm32/gcc_arm_none_eabi/gcc-arm-none-eabi-10.3-2021.10/bin/../lib/gcc/arm-none-eabi/10.3.1/../../../../arm-none-eabi/lib/thumb/v7-m/nofp\libg.a(lib_a-signalr.o)
                0x08006514                _getpid_r
 .text.strlen   0x08006518       0x5c d:/clion_stm32/gcc_arm_none_eabi/gcc-arm-none-eabi-10.3-2021.10/bin/../lib/gcc/arm-none-eabi/10.3.1/../../../../arm-none-eabi/lib/thumb/v7-m/nofp\libg.a(lib_a-strlen-stub.o)
                0x08006518                strlen
 .text.vsprintf
                0x08006574       0x38 d:/clion_stm32/gcc_arm_none_eabi/gcc-arm-none-eabi-10.3-2021.10/bin/../lib/gcc/arm-none-eabi/10.3.1/../../../../arm-none-eabi/lib/thumb/v7-m/nofp\libg.a(lib_a-vsprintf.o)
                0x08006574                vsprintf
 .text.startup.register_fini
                0x080065ac       0x14 d:/clion_stm32/gcc_arm_none_eabi/gcc-arm-none-eabi-10.3-2021.10/bin/../lib/gcc/arm-none-eabi/10.3.1/../../../../arm-none-eabi/lib/thumb/v7-m/nofp\libg.a(lib_a-__call_atexit.o)
 .text.atexit   0x080065c0        0xc d:/clion_stm32/gcc_arm_none_eabi/gcc-arm-none-eabi-10.3-2021.10/bin/../lib/gcc/arm-none-eabi/10.3.1/../../../../arm-none-eabi/lib/thumb/v7-m/nofp\libg.a(lib_a-atexit.o)
                0x080065c0                atexit
 .text.__libc_fini_array
                0x080065cc       0x2c d:/clion_stm32/gcc_arm_none_eabi/gcc-arm-none-eabi-10.3-2021.10/bin/../lib/gcc/arm-none-eabi/10.3.1/../../../../arm-none-eabi/lib/thumb/v7-m/nofp\libg.a(lib_a-fini.o)
                0x080065cc                __libc_fini_array
 .text.__retarget_lock_init_recursive
                0x080065f8        0x4 d:/clion_stm32/gcc_arm_none_eabi/gcc-arm-none-eabi-10.3-2021.10/bin/../lib/gcc/arm-none-eabi/10.3.1/../../../../arm-none-eabi/lib/thumb/v7-m/nofp\libg.a(lib_a-lock.o)
                0x080065f8                __retarget_lock_init_recursive
 .text.__retarget_lock_close_recursive
                0x080065fc        0x4 d:/clion_stm32/gcc_arm_none_eabi/gcc-arm-none-eabi-10.3-2021.10/bin/../lib/gcc/arm-none-eabi/10.3.1/../../../../arm-none-eabi/lib/thumb/v7-m/nofp\libg.a(lib_a-lock.o)
                0x080065fc                __retarget_lock_close_recursive
 .text.__retarget_lock_acquire_recursive
                0x08006600        0x4 d:/clion_stm32/gcc_arm_none_eabi/gcc-arm-none-eabi-10.3-2021.10/bin/../lib/gcc/arm-none-eabi/10.3.1/../../../../arm-none-eabi/lib/thumb/v7-m/nofp\libg.a(lib_a-lock.o)
                0x08006600                __retarget_lock_acquire_recursive
 .text.__retarget_lock_release_recursive
                0x08006604        0x4 d:/clion_stm32/gcc_arm_none_eabi/gcc-arm-none-eabi-10.3-2021.10/bin/../lib/gcc/arm-none-eabi/10.3.1/../../../../arm-none-eabi/lib/thumb/v7-m/nofp\libg.a(lib_a-lock.o)
                0x08006604                __retarget_lock_release_recursive
 .text._malloc_r
                0x08006608      0x558 d:/clion_stm32/gcc_arm_none_eabi/gcc-arm-none-eabi-10.3-2021.10/bin/../lib/gcc/arm-none-eabi/10.3.1/../../../../arm-none-eabi/lib/thumb/v7-m/nofp\libg.a(lib_a-mallocr.o)
                0x08006608                _malloc_r
 .text.__malloc_lock
                0x08006b60        0xc d:/clion_stm32/gcc_arm_none_eabi/gcc-arm-none-eabi-10.3-2021.10/bin/../lib/gcc/arm-none-eabi/10.3.1/../../../../arm-none-eabi/lib/thumb/v7-m/nofp\libg.a(lib_a-mlock.o)
                0x08006b60                __malloc_lock
 .text.__malloc_unlock
                0x08006b6c        0xc d:/clion_stm32/gcc_arm_none_eabi/gcc-arm-none-eabi-10.3-2021.10/bin/../lib/gcc/arm-none-eabi/10.3.1/../../../../arm-none-eabi/lib/thumb/v7-m/nofp\libg.a(lib_a-mlock.o)
                0x08006b6c                __malloc_unlock
 .text._sbrk_r  0x08006b78       0x24 d:/clion_stm32/gcc_arm_none_eabi/gcc-arm-none-eabi-10.3-2021.10/bin/../lib/gcc/arm-none-eabi/10.3.1/../../../../arm-none-eabi/lib/thumb/v7-m/nofp\libg.a(lib_a-sbrkr.o)
                0x08006b78                _sbrk_r
 .text._svfprintf_r
                0x08006b9c     0x1aa4 d:/clion_stm32/gcc_arm_none_eabi/gcc-arm-none-eabi-10.3-2021.10/bin/../lib/gcc/arm-none-eabi/10.3.1/../../../../arm-none-eabi/lib/thumb/v7-m/nofp\libg.a(lib_a-svfprintf.o)
                0x08006b9c                _svfprintf_r
 .text.__register_exitproc
                0x08008640       0x8c d:/clion_stm32/gcc_arm_none_eabi/gcc-arm-none-eabi-10.3-2021.10/bin/../lib/gcc/arm-none-eabi/10.3.1/../../../../arm-none-eabi/lib/thumb/v7-m/nofp\libg.a(lib_a-__atexit.o)
                0x08008640                __register_exitproc
 .text.quorem   0x080086cc      0x12c d:/clion_stm32/gcc_arm_none_eabi/gcc-arm-none-eabi-10.3-2021.10/bin/../lib/gcc/arm-none-eabi/10.3.1/../../../../arm-none-eabi/lib/thumb/v7-m/nofp\libg.a(lib_a-dtoa.o)
 .text._dtoa_r  0x080087f8      0xecc d:/clion_stm32/gcc_arm_none_eabi/gcc-arm-none-eabi-10.3-2021.10/bin/../lib/gcc/arm-none-eabi/10.3.1/../../../../arm-none-eabi/lib/thumb/v7-m/nofp\libg.a(lib_a-dtoa.o)
                0x080087f8                _dtoa_r
 .text._malloc_trim_r
                0x080096c4       0xa0 d:/clion_stm32/gcc_arm_none_eabi/gcc-arm-none-eabi-10.3-2021.10/bin/../lib/gcc/arm-none-eabi/10.3.1/../../../../arm-none-eabi/lib/thumb/v7-m/nofp\libg.a(lib_a-freer.o)
                0x080096c4                _malloc_trim_r
 .text._free_r  0x08009764      0x200 d:/clion_stm32/gcc_arm_none_eabi/gcc-arm-none-eabi-10.3-2021.10/bin/../lib/gcc/arm-none-eabi/10.3.1/../../../../arm-none-eabi/lib/thumb/v7-m/nofp\libg.a(lib_a-freer.o)
                0x08009764                _free_r
 .text._localeconv_r
                0x08009964        0x8 d:/clion_stm32/gcc_arm_none_eabi/gcc-arm-none-eabi-10.3-2021.10/bin/../lib/gcc/arm-none-eabi/10.3.1/../../../../arm-none-eabi/lib/thumb/v7-m/nofp\libg.a(lib_a-localeconv.o)
                0x08009964                _localeconv_r
 .text.memchr   0x0800996c       0x90 d:/clion_stm32/gcc_arm_none_eabi/gcc-arm-none-eabi-10.3-2021.10/bin/../lib/gcc/arm-none-eabi/10.3.1/../../../../arm-none-eabi/lib/thumb/v7-m/nofp\libg.a(lib_a-memchr-stub.o)
                0x0800996c                memchr
 .text._Balloc  0x080099fc       0x4c d:/clion_stm32/gcc_arm_none_eabi/gcc-arm-none-eabi-10.3-2021.10/bin/../lib/gcc/arm-none-eabi/10.3.1/../../../../arm-none-eabi/lib/thumb/v7-m/nofp\libg.a(lib_a-mprec.o)
                0x080099fc                _Balloc
 .text._Bfree   0x08009a48       0x14 d:/clion_stm32/gcc_arm_none_eabi/gcc-arm-none-eabi-10.3-2021.10/bin/../lib/gcc/arm-none-eabi/10.3.1/../../../../arm-none-eabi/lib/thumb/v7-m/nofp\libg.a(lib_a-mprec.o)
                0x08009a48                _Bfree
 .text.__multadd
                0x08009a5c       0xa4 d:/clion_stm32/gcc_arm_none_eabi/gcc-arm-none-eabi-10.3-2021.10/bin/../lib/gcc/arm-none-eabi/10.3.1/../../../../arm-none-eabi/lib/thumb/v7-m/nofp\libg.a(lib_a-mprec.o)
                0x08009a5c                __multadd
 .text.__hi0bits
                0x08009b00       0x40 d:/clion_stm32/gcc_arm_none_eabi/gcc-arm-none-eabi-10.3-2021.10/bin/../lib/gcc/arm-none-eabi/10.3.1/../../../../arm-none-eabi/lib/thumb/v7-m/nofp\libg.a(lib_a-mprec.o)
                0x08009b00                __hi0bits
 .text.__lo0bits
                0x08009b40       0x58 d:/clion_stm32/gcc_arm_none_eabi/gcc-arm-none-eabi-10.3-2021.10/bin/../lib/gcc/arm-none-eabi/10.3.1/../../../../arm-none-eabi/lib/thumb/v7-m/nofp\libg.a(lib_a-mprec.o)
                0x08009b40                __lo0bits
 .text.__i2b    0x08009b98       0x5c d:/clion_stm32/gcc_arm_none_eabi/gcc-arm-none-eabi-10.3-2021.10/bin/../lib/gcc/arm-none-eabi/10.3.1/../../../../arm-none-eabi/lib/thumb/v7-m/nofp\libg.a(lib_a-mprec.o)
                0x08009b98                __i2b
 .text.__multiply
                0x08009bf4      0x15c d:/clion_stm32/gcc_arm_none_eabi/gcc-arm-none-eabi-10.3-2021.10/bin/../lib/gcc/arm-none-eabi/10.3.1/../../../../arm-none-eabi/lib/thumb/v7-m/nofp\libg.a(lib_a-mprec.o)
                0x08009bf4                __multiply
 .text.__pow5mult
                0x08009d50       0xb8 d:/clion_stm32/gcc_arm_none_eabi/gcc-arm-none-eabi-10.3-2021.10/bin/../lib/gcc/arm-none-eabi/10.3.1/../../../../arm-none-eabi/lib/thumb/v7-m/nofp\libg.a(lib_a-mprec.o)
                0x08009d50                __pow5mult
 .text.__lshift
                0x08009e08       0xec d:/clion_stm32/gcc_arm_none_eabi/gcc-arm-none-eabi-10.3-2021.10/bin/../lib/gcc/arm-none-eabi/10.3.1/../../../../arm-none-eabi/lib/thumb/v7-m/nofp\libg.a(lib_a-mprec.o)
                0x08009e08                __lshift
 .text.__mcmp   0x08009ef4       0x40 d:/clion_stm32/gcc_arm_none_eabi/gcc-arm-none-eabi-10.3-2021.10/bin/../lib/gcc/arm-none-eabi/10.3.1/../../../../arm-none-eabi/lib/thumb/v7-m/nofp\libg.a(lib_a-mprec.o)
                0x08009ef4                __mcmp
 .text.__mdiff  0x08009f34      0x14c d:/clion_stm32/gcc_arm_none_eabi/gcc-arm-none-eabi-10.3-2021.10/bin/../lib/gcc/arm-none-eabi/10.3.1/../../../../arm-none-eabi/lib/thumb/v7-m/nofp\libg.a(lib_a-mprec.o)
                0x08009f34                __mdiff
 .text.__d2b    0x0800a080       0xc4 d:/clion_stm32/gcc_arm_none_eabi/gcc-arm-none-eabi-10.3-2021.10/bin/../lib/gcc/arm-none-eabi/10.3.1/../../../../arm-none-eabi/lib/thumb/v7-m/nofp\libg.a(lib_a-mprec.o)
                0x0800a080                __d2b
 .text.frexp    0x0800a144       0x70 d:/clion_stm32/gcc_arm_none_eabi/gcc-arm-none-eabi-10.3-2021.10/bin/../lib/gcc/arm-none-eabi/10.3.1/../../../../arm-none-eabi/lib/thumb/v7-m/nofp\libg.a(lib_a-s_frexp.o)
                0x0800a144                frexp
 .text.strncpy  0x0800a1b4       0x68 d:/clion_stm32/gcc_arm_none_eabi/gcc-arm-none-eabi-10.3-2021.10/bin/../lib/gcc/arm-none-eabi/10.3.1/../../../../arm-none-eabi/lib/thumb/v7-m/nofp\libg.a(lib_a-strncpy.o)
                0x0800a1b4                strncpy
 .text.__ssprint_r
                0x0800a21c       0xfc d:/clion_stm32/gcc_arm_none_eabi/gcc-arm-none-eabi-10.3-2021.10/bin/../lib/gcc/arm-none-eabi/10.3.1/../../../../arm-none-eabi/lib/thumb/v7-m/nofp\libg.a(lib_a-svfiprintf.o)
                0x0800a21c                __ssprint_r
 .text.__assert_func
                0x0800a318       0x40 d:/clion_stm32/gcc_arm_none_eabi/gcc-arm-none-eabi-10.3-2021.10/bin/../lib/gcc/arm-none-eabi/10.3.1/../../../../arm-none-eabi/lib/thumb/v7-m/nofp\libg.a(lib_a-assert.o)
                0x0800a318                __assert_func
 .text._calloc_r
                0x0800a358       0x78 d:/clion_stm32/gcc_arm_none_eabi/gcc-arm-none-eabi-10.3-2021.10/bin/../lib/gcc/arm-none-eabi/10.3.1/../../../../arm-none-eabi/lib/thumb/v7-m/nofp\libg.a(lib_a-callocr.o)
                0x0800a358                _calloc_r
 .text.fiprintf
                0x0800a3d0       0x28 d:/clion_stm32/gcc_arm_none_eabi/gcc-arm-none-eabi-10.3-2021.10/bin/../lib/gcc/arm-none-eabi/10.3.1/../../../../arm-none-eabi/lib/thumb/v7-m/nofp\libg.a(lib_a-fiprintf.o)
                0x0800a3d0                fiprintf
 .text.__locale_mb_cur_max
                0x0800a3f8        0xc d:/clion_stm32/gcc_arm_none_eabi/gcc-arm-none-eabi-10.3-2021.10/bin/../lib/gcc/arm-none-eabi/10.3.1/../../../../arm-none-eabi/lib/thumb/v7-m/nofp\libg.a(lib_a-locale.o)
                0x0800a3f8                __locale_mb_cur_max
 .text.__ascii_mbtowc
                0x0800a404       0x2c d:/clion_stm32/gcc_arm_none_eabi/gcc-arm-none-eabi-10.3-2021.10/bin/../lib/gcc/arm-none-eabi/10.3.1/../../../../arm-none-eabi/lib/thumb/v7-m/nofp\libg.a(lib_a-mbtowc_r.o)
                0x0800a404                __ascii_mbtowc
 .text.memmove  0x0800a430       0xf8 d:/clion_stm32/gcc_arm_none_eabi/gcc-arm-none-eabi-10.3-2021.10/bin/../lib/gcc/arm-none-eabi/10.3.1/../../../../arm-none-eabi/lib/thumb/v7-m/nofp\libg.a(lib_a-memmove.o)
                0x0800a430                memmove
 .text._realloc_r
                0x0800a528      0x3dc d:/clion_stm32/gcc_arm_none_eabi/gcc-arm-none-eabi-10.3-2021.10/bin/../lib/gcc/arm-none-eabi/10.3.1/../../../../arm-none-eabi/lib/thumb/v7-m/nofp\libg.a(lib_a-reallocr.o)
                0x0800a528                _realloc_r
 .text.__sprint_r.part.0
                0x0800a904       0x78 d:/clion_stm32/gcc_arm_none_eabi/gcc-arm-none-eabi-10.3-2021.10/bin/../lib/gcc/arm-none-eabi/10.3.1/../../../../arm-none-eabi/lib/thumb/v7-m/nofp\libg.a(lib_a-vfiprintf.o)
 .text._vfiprintf_r
                0x0800a97c      0xd98 d:/clion_stm32/gcc_arm_none_eabi/gcc-arm-none-eabi-10.3-2021.10/bin/../lib/gcc/arm-none-eabi/10.3.1/../../../../arm-none-eabi/lib/thumb/v7-m/nofp\libg.a(lib_a-vfiprintf.o)
                0x0800a97c                _vfiprintf_r
 .text.__sbprintf
                0x0800b714       0x84 d:/clion_stm32/gcc_arm_none_eabi/gcc-arm-none-eabi-10.3-2021.10/bin/../lib/gcc/arm-none-eabi/10.3.1/../../../../arm-none-eabi/lib/thumb/v7-m/nofp\libg.a(lib_a-vfiprintf.o)
 .text.__ascii_wctomb
                0x0800b798       0x1c d:/clion_stm32/gcc_arm_none_eabi/gcc-arm-none-eabi-10.3-2021.10/bin/../lib/gcc/arm-none-eabi/10.3.1/../../../../arm-none-eabi/lib/thumb/v7-m/nofp\libg.a(lib_a-wctomb_r.o)
                0x0800b798                __ascii_wctomb
 .text.__swsetup_r
                0x0800b7b4       0xd4 d:/clion_stm32/gcc_arm_none_eabi/gcc-arm-none-eabi-10.3-2021.10/bin/../lib/gcc/arm-none-eabi/10.3.1/../../../../arm-none-eabi/lib/thumb/v7-m/nofp\libg.a(lib_a-wsetup.o)
                0x0800b7b4                __swsetup_r
 .text.__sflush_r
                0x0800b888      0x124 d:/clion_stm32/gcc_arm_none_eabi/gcc-arm-none-eabi-10.3-2021.10/bin/../lib/gcc/arm-none-eabi/10.3.1/../../../../arm-none-eabi/lib/thumb/v7-m/nofp\libg.a(lib_a-fflush.o)
                0x0800b888                __sflush_r
 .text._fflush_r
                0x0800b9ac       0x5c d:/clion_stm32/gcc_arm_none_eabi/gcc-arm-none-eabi-10.3-2021.10/bin/../lib/gcc/arm-none-eabi/10.3.1/../../../../arm-none-eabi/lib/thumb/v7-m/nofp\libg.a(lib_a-fflush.o)
                0x0800b9ac                _fflush_r
 .text._cleanup_r
                0x0800ba08        0xc d:/clion_stm32/gcc_arm_none_eabi/gcc-arm-none-eabi-10.3-2021.10/bin/../lib/gcc/arm-none-eabi/10.3.1/../../../../arm-none-eabi/lib/thumb/v7-m/nofp\libg.a(lib_a-findfp.o)
                0x0800ba08                _cleanup_r
 .text.__sinit  0x0800ba14      0x10c d:/clion_stm32/gcc_arm_none_eabi/gcc-arm-none-eabi-10.3-2021.10/bin/../lib/gcc/arm-none-eabi/10.3.1/../../../../arm-none-eabi/lib/thumb/v7-m/nofp\libg.a(lib_a-findfp.o)
                0x0800ba14                __sinit
 .text.__sfp_lock_acquire
                0x0800bb20        0xc d:/clion_stm32/gcc_arm_none_eabi/gcc-arm-none-eabi-10.3-2021.10/bin/../lib/gcc/arm-none-eabi/10.3.1/../../../../arm-none-eabi/lib/thumb/v7-m/nofp\libg.a(lib_a-findfp.o)
                0x0800bb20                __sfp_lock_acquire
 .text.__sfp_lock_release
                0x0800bb2c        0xc d:/clion_stm32/gcc_arm_none_eabi/gcc-arm-none-eabi-10.3-2021.10/bin/../lib/gcc/arm-none-eabi/10.3.1/../../../../arm-none-eabi/lib/thumb/v7-m/nofp\libg.a(lib_a-findfp.o)
                0x0800bb2c                __sfp_lock_release
 .text.__fputwc
                0x0800bb38       0xa0 d:/clion_stm32/gcc_arm_none_eabi/gcc-arm-none-eabi-10.3-2021.10/bin/../lib/gcc/arm-none-eabi/10.3.1/../../../../arm-none-eabi/lib/thumb/v7-m/nofp\libg.a(lib_a-fputwc.o)
                0x0800bb38                __fputwc
 .text._fputwc_r
                0x0800bbd8       0x68 d:/clion_stm32/gcc_arm_none_eabi/gcc-arm-none-eabi-10.3-2021.10/bin/../lib/gcc/arm-none-eabi/10.3.1/../../../../arm-none-eabi/lib/thumb/v7-m/nofp\libg.a(lib_a-fputwc.o)
                0x0800bbd8                _fputwc_r
 .text.__sfvwrite_r
                0x0800bc40      0x2f0 d:/clion_stm32/gcc_arm_none_eabi/gcc-arm-none-eabi-10.3-2021.10/bin/../lib/gcc/arm-none-eabi/10.3.1/../../../../arm-none-eabi/lib/thumb/v7-m/nofp\libg.a(lib_a-fvwrite.o)
                0x0800bc40                __sfvwrite_r
 .text._fwalk_reent
                0x0800bf30       0x48 d:/clion_stm32/gcc_arm_none_eabi/gcc-arm-none-eabi-10.3-2021.10/bin/../lib/gcc/arm-none-eabi/10.3.1/../../../../arm-none-eabi/lib/thumb/v7-m/nofp\libg.a(lib_a-fwalk.o)
                0x0800bf30                _fwalk_reent
 .text.__smakebuf_r
                0x0800bf78       0xe0 d:/clion_stm32/gcc_arm_none_eabi/gcc-arm-none-eabi-10.3-2021.10/bin/../lib/gcc/arm-none-eabi/10.3.1/../../../../arm-none-eabi/lib/thumb/v7-m/nofp\libg.a(lib_a-makebuf.o)
                0x0800bf78                __smakebuf_r
 .text.__sread  0x0800c058       0x24 d:/clion_stm32/gcc_arm_none_eabi/gcc-arm-none-eabi-10.3-2021.10/bin/../lib/gcc/arm-none-eabi/10.3.1/../../../../arm-none-eabi/lib/thumb/v7-m/nofp\libg.a(lib_a-stdio.o)
                0x0800c058                __sread
 .text.__swrite
                0x0800c07c       0x40 d:/clion_stm32/gcc_arm_none_eabi/gcc-arm-none-eabi-10.3-2021.10/bin/../lib/gcc/arm-none-eabi/10.3.1/../../../../arm-none-eabi/lib/thumb/v7-m/nofp\libg.a(lib_a-stdio.o)
                0x0800c07c                __swrite
 .text.__sseek  0x0800c0bc       0x20 d:/clion_stm32/gcc_arm_none_eabi/gcc-arm-none-eabi-10.3-2021.10/bin/../lib/gcc/arm-none-eabi/10.3.1/../../../../arm-none-eabi/lib/thumb/v7-m/nofp\libg.a(lib_a-stdio.o)
                0x0800c0bc                __sseek
 .text.__sclose
                0x0800c0dc        0x8 d:/clion_stm32/gcc_arm_none_eabi/gcc-arm-none-eabi-10.3-2021.10/bin/../lib/gcc/arm-none-eabi/10.3.1/../../../../arm-none-eabi/lib/thumb/v7-m/nofp\libg.a(lib_a-stdio.o)
                0x0800c0dc                __sclose
 .text.__swbuf_r
                0x0800c0e4       0xb0 d:/clion_stm32/gcc_arm_none_eabi/gcc-arm-none-eabi-10.3-2021.10/bin/../lib/gcc/arm-none-eabi/10.3.1/../../../../arm-none-eabi/lib/thumb/v7-m/nofp\libg.a(lib_a-wbuf.o)
                0x0800c0e4                __swbuf_r
 .text._wcrtomb_r
                0x0800c194       0x3c d:/clion_stm32/gcc_arm_none_eabi/gcc-arm-none-eabi-10.3-2021.10/bin/../lib/gcc/arm-none-eabi/10.3.1/../../../../arm-none-eabi/lib/thumb/v7-m/nofp\libg.a(lib_a-wcrtomb.o)
                0x0800c194                _wcrtomb_r
 .text._write_r
                0x0800c1d0       0x2c d:/clion_stm32/gcc_arm_none_eabi/gcc-arm-none-eabi-10.3-2021.10/bin/../lib/gcc/arm-none-eabi/10.3.1/../../../../arm-none-eabi/lib/thumb/v7-m/nofp\libg.a(lib_a-writer.o)
                0x0800c1d0                _write_r
 .text._close_r
                0x0800c1fc       0x24 d:/clion_stm32/gcc_arm_none_eabi/gcc-arm-none-eabi-10.3-2021.10/bin/../lib/gcc/arm-none-eabi/10.3.1/../../../../arm-none-eabi/lib/thumb/v7-m/nofp\libg.a(lib_a-closer.o)
                0x0800c1fc                _close_r
 .text._fclose_r
                0x0800c220       0xcc d:/clion_stm32/gcc_arm_none_eabi/gcc-arm-none-eabi-10.3-2021.10/bin/../lib/gcc/arm-none-eabi/10.3.1/../../../../arm-none-eabi/lib/thumb/v7-m/nofp\libg.a(lib_a-fclose.o)
                0x0800c220                _fclose_r
 .text._fstat_r
                0x0800c2ec       0x28 d:/clion_stm32/gcc_arm_none_eabi/gcc-arm-none-eabi-10.3-2021.10/bin/../lib/gcc/arm-none-eabi/10.3.1/../../../../arm-none-eabi/lib/thumb/v7-m/nofp\libg.a(lib_a-fstatr.o)
                0x0800c2ec                _fstat_r
 .text._isatty_r
                0x0800c314       0x24 d:/clion_stm32/gcc_arm_none_eabi/gcc-arm-none-eabi-10.3-2021.10/bin/../lib/gcc/arm-none-eabi/10.3.1/../../../../arm-none-eabi/lib/thumb/v7-m/nofp\libg.a(lib_a-isattyr.o)
                0x0800c314                _isatty_r
 .text._lseek_r
                0x0800c338       0x2c d:/clion_stm32/gcc_arm_none_eabi/gcc-arm-none-eabi-10.3-2021.10/bin/../lib/gcc/arm-none-eabi/10.3.1/../../../../arm-none-eabi/lib/thumb/v7-m/nofp\libg.a(lib_a-lseekr.o)
                0x0800c338                _lseek_r
 .text._read_r  0x0800c364       0x2c d:/clion_stm32/gcc_arm_none_eabi/gcc-arm-none-eabi-10.3-2021.10/bin/../lib/gcc/arm-none-eabi/10.3.1/../../../../arm-none-eabi/lib/thumb/v7-m/nofp\libg.a(lib_a-readr.o)
                0x0800c364                _read_r
 *(.glue_7)
 .glue_7        0x0800c390        0x0 linker stubs
 *(.glue_7t)
 .glue_7t       0x0800c390        0x0 linker stubs
 *(.eh_frame)
 .eh_frame      0x0800c390        0x0 d:/clion_stm32/gcc_arm_none_eabi/gcc-arm-none-eabi-10.3-2021.10/bin/../lib/gcc/arm-none-eabi/10.3.1/thumb/v7-m/nofp/crtbegin.o
 *(.init)
 .init          0x0800c390        0x4 d:/clion_stm32/gcc_arm_none_eabi/gcc-arm-none-eabi-10.3-2021.10/bin/../lib/gcc/arm-none-eabi/10.3.1/thumb/v7-m/nofp/crti.o
                0x0800c390                _init
 .init          0x0800c394        0x8 d:/clion_stm32/gcc_arm_none_eabi/gcc-arm-none-eabi-10.3-2021.10/bin/../lib/gcc/arm-none-eabi/10.3.1/thumb/v7-m/nofp/crtn.o
 *(.fini)
 .fini          0x0800c39c        0x4 d:/clion_stm32/gcc_arm_none_eabi/gcc-arm-none-eabi-10.3-2021.10/bin/../lib/gcc/arm-none-eabi/10.3.1/thumb/v7-m/nofp/crti.o
                0x0800c39c                _fini
 .fini          0x0800c3a0        0x8 d:/clion_stm32/gcc_arm_none_eabi/gcc-arm-none-eabi-10.3-2021.10/bin/../lib/gcc/arm-none-eabi/10.3.1/thumb/v7-m/nofp/crtn.o
                0x0800c3a8                . = ALIGN (0x4)
                0x0800c3a8                _etext = .

.vfp11_veneer   0x0800c3a8        0x0
 .vfp11_veneer  0x0800c3a8        0x0 linker stubs

.v4_bx          0x0800c3a8        0x0
 .v4_bx         0x0800c3a8        0x0 linker stubs

.iplt           0x0800c3a8        0x0
 .iplt          0x0800c3a8        0x0 d:/clion_stm32/gcc_arm_none_eabi/gcc-arm-none-eabi-10.3-2021.10/bin/../lib/gcc/arm-none-eabi/10.3.1/thumb/v7-m/nofp/crtbegin.o

.rodata         0x0800c3a8      0xad8
                0x0800c3a8                . = ALIGN (0x4)
 *(.rodata)
 .rodata        0x0800c3a8       0x3a CMakeFiles/motor_first.elf.dir/Core/Own/Src/gy953.cpp.obj
 *(.rodata*)
 *fill*         0x0800c3e2        0x2 
 .rodata.HAL_UARTEx_RxEventCallback.str1.4
                0x0800c3e4       0x23 CMakeFiles/motor_first.elf.dir/Core/Own/Src/IT.cpp.obj
                                 0x27 (size before relaxing)
 *fill*         0x0800c407        0x1 
 .rodata.HAL_TIM_PeriodElapsedCallback.str1.4
                0x0800c408       0x57 CMakeFiles/motor_first.elf.dir/Core/Own/Src/IT.cpp.obj
                                 0x69 (size before relaxing)
 *fill*         0x0800c45f        0x1 
 .rodata.OLED_F8x16
                0x0800c460      0x5f0 CMakeFiles/motor_first.elf.dir/Core/Own/Src/oled.c.obj
                0x0800c460                OLED_F8x16
 .rodata.main.str1.4
                0x0800ca50        0x4 CMakeFiles/motor_first.elf.dir/Core/Own/main.cpp.obj
 .rodata.AHBPrescTable
                0x0800ca54       0x10 CMakeFiles/motor_first.elf.dir/Core/Src/system_stm32f1xx.c.obj
                0x0800ca54                AHBPrescTable
 .rodata.APBPrescTable
                0x0800ca64        0x8 CMakeFiles/motor_first.elf.dir/Core/Src/system_stm32f1xx.c.obj
                0x0800ca64                APBPrescTable
 .rodata.aPLLMULFactorTable.1
                0x0800ca6c       0x10 CMakeFiles/motor_first.elf.dir/Drivers/STM32F1xx_HAL_Driver/Src/stm32f1xx_hal_rcc.c.obj
 .rodata.aPredivFactorTable.0
                0x0800ca7c        0x2 CMakeFiles/motor_first.elf.dir/Drivers/STM32F1xx_HAL_Driver/Src/stm32f1xx_hal_rcc.c.obj
 *fill*         0x0800ca7e        0x2 
 .rodata._global_impure_ptr
                0x0800ca80        0x4 d:/clion_stm32/gcc_arm_none_eabi/gcc-arm-none-eabi-10.3-2021.10/bin/../lib/gcc/arm-none-eabi/10.3.1/../../../../arm-none-eabi/lib/thumb/v7-m/nofp\libg.a(lib_a-impure.o)
                0x0800ca80                _global_impure_ptr
 .rodata._svfprintf_r.str1.4
                0x0800ca84       0x42 d:/clion_stm32/gcc_arm_none_eabi/gcc-arm-none-eabi-10.3-2021.10/bin/../lib/gcc/arm-none-eabi/10.3.1/../../../../arm-none-eabi/lib/thumb/v7-m/nofp\libg.a(lib_a-svfprintf.o)
 *fill*         0x0800cac6        0x2 
 .rodata.blanks.1
                0x0800cac8       0x10 d:/clion_stm32/gcc_arm_none_eabi/gcc-arm-none-eabi-10.3-2021.10/bin/../lib/gcc/arm-none-eabi/10.3.1/../../../../arm-none-eabi/lib/thumb/v7-m/nofp\libg.a(lib_a-svfprintf.o)
 .rodata.zeroes.0
                0x0800cad8       0x10 d:/clion_stm32/gcc_arm_none_eabi/gcc-arm-none-eabi-10.3-2021.10/bin/../lib/gcc/arm-none-eabi/10.3.1/../../../../arm-none-eabi/lib/thumb/v7-m/nofp\libg.a(lib_a-svfprintf.o)
 .rodata._dtoa_r.str1.4
                0x0800cae8       0xa2 d:/clion_stm32/gcc_arm_none_eabi/gcc-arm-none-eabi-10.3-2021.10/bin/../lib/gcc/arm-none-eabi/10.3.1/../../../../arm-none-eabi/lib/thumb/v7-m/nofp\libg.a(lib_a-dtoa.o)
                                 0xa6 (size before relaxing)
 *fill*         0x0800cb8a        0x2 
 .rodata.__multadd.str1.4
                0x0800cb8c       0x7f d:/clion_stm32/gcc_arm_none_eabi/gcc-arm-none-eabi-10.3-2021.10/bin/../lib/gcc/arm-none-eabi/10.3.1/../../../../arm-none-eabi/lib/thumb/v7-m/nofp\libg.a(lib_a-mprec.o)
                                 0x93 (size before relaxing)
 *fill*         0x0800cc0b        0x5 
 .rodata.__mprec_bigtens
                0x0800cc10       0x28 d:/clion_stm32/gcc_arm_none_eabi/gcc-arm-none-eabi-10.3-2021.10/bin/../lib/gcc/arm-none-eabi/10.3.1/../../../../arm-none-eabi/lib/thumb/v7-m/nofp\libg.a(lib_a-mprec.o)
                0x0800cc10                __mprec_bigtens
 .rodata.__mprec_tens
                0x0800cc38       0xc8 d:/clion_stm32/gcc_arm_none_eabi/gcc-arm-none-eabi-10.3-2021.10/bin/../lib/gcc/arm-none-eabi/10.3.1/../../../../arm-none-eabi/lib/thumb/v7-m/nofp\libg.a(lib_a-mprec.o)
                0x0800cc38                __mprec_tens
 .rodata.p05.0  0x0800cd00        0xc d:/clion_stm32/gcc_arm_none_eabi/gcc-arm-none-eabi-10.3-2021.10/bin/../lib/gcc/arm-none-eabi/10.3.1/../../../../arm-none-eabi/lib/thumb/v7-m/nofp\libg.a(lib_a-mprec.o)
 .rodata.__assert_func.str1.4
                0x0800cd0c       0x3f d:/clion_stm32/gcc_arm_none_eabi/gcc-arm-none-eabi-10.3-2021.10/bin/../lib/gcc/arm-none-eabi/10.3.1/../../../../arm-none-eabi/lib/thumb/v7-m/nofp\libg.a(lib_a-assert.o)
                                 0x43 (size before relaxing)
 *fill*         0x0800cd4b        0x1 
 .rodata._setlocale_r.str1.4
                0x0800cd4c        0xa d:/clion_stm32/gcc_arm_none_eabi/gcc-arm-none-eabi-10.3-2021.10/bin/../lib/gcc/arm-none-eabi/10.3.1/../../../../arm-none-eabi/lib/thumb/v7-m/nofp\libg.a(lib_a-locale.o)
                                  0xd (size before relaxing)
 *fill*         0x0800cd56        0x2 
 .rodata.str1.4
                0x0800cd58        0x2 d:/clion_stm32/gcc_arm_none_eabi/gcc-arm-none-eabi-10.3-2021.10/bin/../lib/gcc/arm-none-eabi/10.3.1/../../../../arm-none-eabi/lib/thumb/v7-m/nofp\libg.a(lib_a-locale.o)
 .rodata._vfiprintf_r.str1.4
                0x0800cd5a       0x2f d:/clion_stm32/gcc_arm_none_eabi/gcc-arm-none-eabi-10.3-2021.10/bin/../lib/gcc/arm-none-eabi/10.3.1/../../../../arm-none-eabi/lib/thumb/v7-m/nofp\libg.a(lib_a-vfiprintf.o)
 *fill*         0x0800cd5a        0x2 
 .rodata.blanks.1
                0x0800cd5c       0x10 d:/clion_stm32/gcc_arm_none_eabi/gcc-arm-none-eabi-10.3-2021.10/bin/../lib/gcc/arm-none-eabi/10.3.1/../../../../arm-none-eabi/lib/thumb/v7-m/nofp\libg.a(lib_a-vfiprintf.o)
 .rodata.zeroes.0
                0x0800cd6c       0x10 d:/clion_stm32/gcc_arm_none_eabi/gcc-arm-none-eabi-10.3-2021.10/bin/../lib/gcc/arm-none-eabi/10.3.1/../../../../arm-none-eabi/lib/thumb/v7-m/nofp\libg.a(lib_a-vfiprintf.o)
 .rodata._ctype_
                0x0800cd7c      0x101 d:/clion_stm32/gcc_arm_none_eabi/gcc-arm-none-eabi-10.3-2021.10/bin/../lib/gcc/arm-none-eabi/10.3.1/../../../../arm-none-eabi/lib/thumb/v7-m/nofp\libg.a(lib_a-ctype_.o)
                0x0800cd7c                _ctype_
                0x0800ce80                . = ALIGN (0x4)
 *fill*         0x0800ce7d        0x3 

.ARM.extab      0x0800ce80       0x3c
                0x0800ce80                . = ALIGN (0x4)
 *(.ARM.extab* .gnu.linkonce.armextab.*)
 .ARM.extab.text._ZN9BLUETEETH4sendEPKcz
                0x0800ce80        0xc CMakeFiles/motor_first.elf.dir/Core/Own/Src/blueteeth.cpp.obj
 .ARM.extab.text._ZN9BLUETEETH4testEv
                0x0800ce8c        0xc CMakeFiles/motor_first.elf.dir/Core/Own/Src/blueteeth.cpp.obj
 .ARM.extab.text._ZN5GY9534InitEv
                0x0800ce98        0xc CMakeFiles/motor_first.elf.dir/Core/Own/Src/gy953.cpp.obj
 .ARM.extab     0x0800cea4       0x18 d:/clion_stm32/gcc_arm_none_eabi/gcc-arm-none-eabi-10.3-2021.10/bin/../lib/gcc/arm-none-eabi/10.3.1/thumb/v7-m/nofp\libgcc.a(pr-support.o)
                0x0800cebc                . = ALIGN (0x4)

.ARM            0x0800cebc      0x158
                0x0800cebc                . = ALIGN (0x4)
                0x0800cebc                __exidx_start = .
 *(.ARM.exidx*)
 .ARM.exidx.text.HAL_UARTEx_RxEventCallback
                0x0800cf74        0x8 CMakeFiles/motor_first.elf.dir/Core/Own/Src/IT.cpp.obj
 .ARM.exidx.text.HAL_TIM_PeriodElapsedCallback
                0x0800cf7c        0x8 CMakeFiles/motor_first.elf.dir/Core/Own/Src/IT.cpp.obj
 .ARM.exidx.text._Z41__static_initialization_and_destruction_0ii
                0x0800cf84        0x8 CMakeFiles/motor_first.elf.dir/Core/Own/Src/blueteeth.cpp.obj
 .ARM.exidx.text._ZN9BLUETEETH4sendEPKcz
                0x0800cf8c        0x8 CMakeFiles/motor_first.elf.dir/Core/Own/Src/blueteeth.cpp.obj
 .ARM.exidx.text._ZN9BLUETEETH7receiveEv
                0x0800cf94        0x8 CMakeFiles/motor_first.elf.dir/Core/Own/Src/blueteeth.cpp.obj
 .ARM.exidx.text._ZN9BLUETEETH4testEv
                0x0800cf9c        0x8 CMakeFiles/motor_first.elf.dir/Core/Own/Src/blueteeth.cpp.obj
 .ARM.exidx.text._GLOBAL__sub_I__ZN9BLUETEETH4sendEPKcz
                0x0800cfa4        0x8 CMakeFiles/motor_first.elf.dir/Core/Own/Src/blueteeth.cpp.obj
 .ARM.exidx.text._ZN5GY953C2EP20__UART_HandleTypeDefPhP19__DMA_HandleTypeDef
                0x0800cfac        0x0 CMakeFiles/motor_first.elf.dir/Core/Own/Src/gy953.cpp.obj
                                  0x8 (size before relaxing)
 .ARM.exidx.text._ZN5GY9534SendEPKh
                0x0800cfac        0x8 CMakeFiles/motor_first.elf.dir/Core/Own/Src/gy953.cpp.obj
 .ARM.exidx.text._ZN5GY9534InitEv
                0x0800cfb4        0x8 CMakeFiles/motor_first.elf.dir/Core/Own/Src/gy953.cpp.obj
 .ARM.exidx.text._ZN5GY9537computeEv
                0x0800cfbc        0x8 CMakeFiles/motor_first.elf.dir/Core/Own/Src/gy953.cpp.obj
 .ARM.exidx.text._ZN5GY9534TestEt
                0x0800cfc4        0x8 CMakeFiles/motor_first.elf.dir/Core/Own/Src/gy953.cpp.obj
 .ARM.exidx.text._ZN5GY9537ReceiveEv
                0x0800cfcc        0x0 CMakeFiles/motor_first.elf.dir/Core/Own/Src/gy953.cpp.obj
                                  0x8 (size before relaxing)
 .ARM.exidx.text._Z41__static_initialization_and_destruction_0ii
                0x0800cfcc        0x8 CMakeFiles/motor_first.elf.dir/Core/Own/Src/motor.cpp.obj
 .ARM.exidx.text._ZN5motor9front_runEv
                0x0800cfd4        0x8 CMakeFiles/motor_first.elf.dir/Core/Own/Src/motor.cpp.obj
 .ARM.exidx.text._ZN5motor8back_runEv
                0x0800cfdc        0x0 CMakeFiles/motor_first.elf.dir/Core/Own/Src/motor.cpp.obj
                                  0x8 (size before relaxing)
 .ARM.exidx.text._ZN5motor6SetPwmEi
                0x0800cfdc        0x8 CMakeFiles/motor_first.elf.dir/Core/Own/Src/motor.cpp.obj
 .ARM.exidx.text._ZN5motor6GetPosEv
                0x0800cfe4        0x8 CMakeFiles/motor_first.elf.dir/Core/Own/Src/motor.cpp.obj
 .ARM.exidx.text._ZN5motor5clearEv
                0x0800cfec        0x0 CMakeFiles/motor_first.elf.dir/Core/Own/Src/motor.cpp.obj
                                  0x8 (size before relaxing)
 .ARM.exidx.text._GLOBAL__sub_I__ZN5motor9front_runEv
                0x0800cfec        0x0 CMakeFiles/motor_first.elf.dir/Core/Own/Src/motor.cpp.obj
                                  0x8 (size before relaxing)
 .ARM.exidx.text._Z41__static_initialization_and_destruction_0ii
                0x0800cfec        0x0 CMakeFiles/motor_first.elf.dir/Core/Own/Src/pid.cpp.obj
                                  0x8 (size before relaxing)
 .ARM.exidx.text._ZN3pid5clearEv
                0x0800cfec        0x0 CMakeFiles/motor_first.elf.dir/Core/Own/Src/pid.cpp.obj
                                  0x8 (size before relaxing)
 .ARM.exidx.text._ZN3pid8SpeedPidE5motorf
                0x0800cfec        0x0 CMakeFiles/motor_first.elf.dir/Core/Own/Src/pid.cpp.obj
                                  0x8 (size before relaxing)
 .ARM.exidx.text._GLOBAL__sub_I__Z5limitfRff
                0x0800cfec        0x0 CMakeFiles/motor_first.elf.dir/Core/Own/Src/pid.cpp.obj
                                  0x8 (size before relaxing)
 .ARM.exidx.text._Z41__static_initialization_and_destruction_0ii
                0x0800cfec        0x0 CMakeFiles/motor_first.elf.dir/Core/Own/Src/telescopic.cpp.obj
                                  0x8 (size before relaxing)
 .ARM.exidx.text._ZN10telescopic5CloseEv
                0x0800cfec        0x8 CMakeFiles/motor_first.elf.dir/Core/Own/Src/telescopic.cpp.obj
 .ARM.exidx.text._ZN10telescopic5ClearEv
                0x0800cff4        0x8 CMakeFiles/motor_first.elf.dir/Core/Own/Src/telescopic.cpp.obj
 .ARM.exidx.text._GLOBAL__sub_I__ZN10telescopic4OpenEb
                0x0800cffc        0x0 CMakeFiles/motor_first.elf.dir/Core/Own/Src/telescopic.cpp.obj
                                  0x8 (size before relaxing)
 .ARM.exidx.text._Z41__static_initialization_and_destruction_0ii
                0x0800cffc        0x0 CMakeFiles/motor_first.elf.dir/Core/Own/main.cpp.obj
                                  0x8 (size before relaxing)
 .ARM.exidx.text.Error_Handler
                0x0800cffc        0x0 CMakeFiles/motor_first.elf.dir/Core/Own/main.cpp.obj
                                  0x8 (size before relaxing)
 .ARM.exidx.text._Z18SystemClock_Configv
                0x0800cffc        0x8 CMakeFiles/motor_first.elf.dir/Core/Own/main.cpp.obj
 .ARM.exidx.text.main
                0x0800d004        0x8 CMakeFiles/motor_first.elf.dir/Core/Own/main.cpp.obj
 .ARM.exidx.text._GLOBAL__sub_I_gy953
                0x0800d00c        0x8 CMakeFiles/motor_first.elf.dir/Core/Own/main.cpp.obj
 .ARM.exidx     0x0800cebc       0x80 d:/clion_stm32/gcc_arm_none_eabi/gcc-arm-none-eabi-10.3-2021.10/bin/../lib/gcc/arm-none-eabi/10.3.1/thumb/v7-m/nofp\libgcc.a(unwind-arm.o)
                                 0xd8 (size before relaxing)
 .ARM.exidx     0x0800cf3c       0x38 d:/clion_stm32/gcc_arm_none_eabi/gcc-arm-none-eabi-10.3-2021.10/bin/../lib/gcc/arm-none-eabi/10.3.1/thumb/v7-m/nofp\libgcc.a(pr-support.o)
 .ARM.exidx     0x0800cf74        0x0 d:/clion_stm32/gcc_arm_none_eabi/gcc-arm-none-eabi-10.3-2021.10/bin/../lib/gcc/arm-none-eabi/10.3.1/thumb/v7-m/nofp\libgcc.a(_udivmoddi4.o)
                                  0x8 (size before relaxing)
                0x0800d014                __exidx_end = .
                0x0800d014                . = ALIGN (0x4)

.rel.dyn        0x0800d014        0x0
 .rel.iplt      0x0800d014        0x0 d:/clion_stm32/gcc_arm_none_eabi/gcc-arm-none-eabi-10.3-2021.10/bin/../lib/gcc/arm-none-eabi/10.3.1/thumb/v7-m/nofp/crtbegin.o

.preinit_array  0x0800d014        0x0
                0x0800d014                . = ALIGN (0x4)
                0x0800d014                PROVIDE (__preinit_array_start = .)
 *(.preinit_array*)
                0x0800d014                PROVIDE (__preinit_array_end = .)
                0x0800d014                . = ALIGN (0x4)

.init_array     0x0800d014       0x1c
                0x0800d014                . = ALIGN (0x4)
                0x0800d014                PROVIDE (__init_array_start = .)
 *(SORT_BY_NAME(.init_array.*))
 .init_array.00000
                0x0800d014        0x4 d:/clion_stm32/gcc_arm_none_eabi/gcc-arm-none-eabi-10.3-2021.10/bin/../lib/gcc/arm-none-eabi/10.3.1/../../../../arm-none-eabi/lib/thumb/v7-m/nofp\libg.a(lib_a-__call_atexit.o)
 *(.init_array*)
 .init_array    0x0800d018        0x4 d:/clion_stm32/gcc_arm_none_eabi/gcc-arm-none-eabi-10.3-2021.10/bin/../lib/gcc/arm-none-eabi/10.3.1/thumb/v7-m/nofp/crtbegin.o
 .init_array    0x0800d01c        0x4 CMakeFiles/motor_first.elf.dir/Core/Own/Src/blueteeth.cpp.obj
 .init_array    0x0800d020        0x4 CMakeFiles/motor_first.elf.dir/Core/Own/Src/motor.cpp.obj
 .init_array    0x0800d024        0x4 CMakeFiles/motor_first.elf.dir/Core/Own/Src/pid.cpp.obj
 .init_array    0x0800d028        0x4 CMakeFiles/motor_first.elf.dir/Core/Own/Src/telescopic.cpp.obj
 .init_array    0x0800d02c        0x4 CMakeFiles/motor_first.elf.dir/Core/Own/main.cpp.obj
                0x0800d030                PROVIDE (__init_array_end = .)
                0x0800d030                . = ALIGN (0x4)

.fini_array     0x0800d030        0x4
                0x0800d030                . = ALIGN (0x4)
                0x0800d030                PROVIDE (__fini_array_start = .)
 *(SORT_BY_NAME(.fini_array.*))
 *(.fini_array*)
 .fini_array    0x0800d030        0x4 d:/clion_stm32/gcc_arm_none_eabi/gcc-arm-none-eabi-10.3-2021.10/bin/../lib/gcc/arm-none-eabi/10.3.1/thumb/v7-m/nofp/crtbegin.o
                0x0800d034                PROVIDE (__fini_array_end = .)
                0x0800d034                . = ALIGN (0x4)
                0x0800d034                _sidata = LOADADDR (.data)

.data           0x20000000      0x9c0 load address 0x0800d034
                0x20000000                . = ALIGN (0x4)
                0x20000000                _sdata = .
 *(.data)
 *(.data*)
 .data.target   0x20000000        0x4 CMakeFiles/motor_first.elf.dir/Core/Own/Src/IT.cpp.obj
                0x20000000                target
 .data.SystemCoreClock
                0x20000004        0x4 CMakeFiles/motor_first.elf.dir/Core/Src/system_stm32f1xx.c.obj
                0x20000004                SystemCoreClock
 .data.uwTickFreq
                0x20000008        0x1 CMakeFiles/motor_first.elf.dir/Drivers/STM32F1xx_HAL_Driver/Src/stm32f1xx_hal.c.obj
                0x20000008                uwTickFreq
 *fill*         0x20000009        0x3 
 .data.uwTickPrio
                0x2000000c        0x4 CMakeFiles/motor_first.elf.dir/Drivers/STM32F1xx_HAL_Driver/Src/stm32f1xx_hal.c.obj
                0x2000000c                uwTickPrio
 .data._impure_ptr
                0x20000010        0x4 d:/clion_stm32/gcc_arm_none_eabi/gcc-arm-none-eabi-10.3-2021.10/bin/../lib/gcc/arm-none-eabi/10.3.1/../../../../arm-none-eabi/lib/thumb/v7-m/nofp\libg.a(lib_a-impure.o)
                0x20000010                _impure_ptr
 *fill*         0x20000014        0x4 
 .data.impure_data
                0x20000018      0x428 d:/clion_stm32/gcc_arm_none_eabi/gcc-arm-none-eabi-10.3-2021.10/bin/../lib/gcc/arm-none-eabi/10.3.1/../../../../arm-none-eabi/lib/thumb/v7-m/nofp\libg.a(lib_a-impure.o)
 .data.__atexit_recursive_mutex
                0x20000440        0x4 d:/clion_stm32/gcc_arm_none_eabi/gcc-arm-none-eabi-10.3-2021.10/bin/../lib/gcc/arm-none-eabi/10.3.1/../../../../arm-none-eabi/lib/thumb/v7-m/nofp\libg.a(lib_a-__call_atexit.o)
                0x20000440                __atexit_recursive_mutex
 .data.__malloc_av_
                0x20000444      0x408 d:/clion_stm32/gcc_arm_none_eabi/gcc-arm-none-eabi-10.3-2021.10/bin/../lib/gcc/arm-none-eabi/10.3.1/../../../../arm-none-eabi/lib/thumb/v7-m/nofp\libg.a(lib_a-mallocr.o)
                0x20000444                __malloc_av_
 .data.__malloc_sbrk_base
                0x2000084c        0x4 d:/clion_stm32/gcc_arm_none_eabi/gcc-arm-none-eabi-10.3-2021.10/bin/../lib/gcc/arm-none-eabi/10.3.1/../../../../arm-none-eabi/lib/thumb/v7-m/nofp\libg.a(lib_a-mallocr.o)
                0x2000084c                __malloc_sbrk_base
 .data.__malloc_trim_threshold
                0x20000850        0x4 d:/clion_stm32/gcc_arm_none_eabi/gcc-arm-none-eabi-10.3-2021.10/bin/../lib/gcc/arm-none-eabi/10.3.1/../../../../arm-none-eabi/lib/thumb/v7-m/nofp\libg.a(lib_a-mallocr.o)
                0x20000850                __malloc_trim_threshold
 .data.__global_locale
                0x20000854      0x16c d:/clion_stm32/gcc_arm_none_eabi/gcc-arm-none-eabi-10.3-2021.10/bin/../lib/gcc/arm-none-eabi/10.3.1/../../../../arm-none-eabi/lib/thumb/v7-m/nofp\libg.a(lib_a-locale.o)
                0x20000854                __global_locale
 *(.RamFunc)
 *(.RamFunc*)
                0x200009c0                . = ALIGN (0x4)
                0x200009c0                _edata = .

.igot.plt       0x200009c0        0x0 load address 0x0800d9f4
 .igot.plt      0x200009c0        0x0 d:/clion_stm32/gcc_arm_none_eabi/gcc-arm-none-eabi-10.3-2021.10/bin/../lib/gcc/arm-none-eabi/10.3.1/thumb/v7-m/nofp/crtbegin.o
                0x200009c0                . = ALIGN (0x4)

.bss            0x200009c0      0x718 load address 0x0800d9f4
                0x200009c0                _sbss = .
                0x200009c0                __bss_start__ = _sbss
 *(.bss)
 .bss           0x200009c0       0x1c d:/clion_stm32/gcc_arm_none_eabi/gcc-arm-none-eabi-10.3-2021.10/bin/../lib/gcc/arm-none-eabi/10.3.1/thumb/v7-m/nofp/crtbegin.o
 *(.bss*)
 .bss.rebuf     0x200009dc       0x64 CMakeFiles/motor_first.elf.dir/Core/Own/Src/IT.cpp.obj
                0x200009dc                rebuf
 .bss.blueteeth
                0x20000a40        0xc CMakeFiles/motor_first.elf.dir/Core/Own/Src/blueteeth.cpp.obj
                0x20000a40                blueteeth
 .bss.BackLeft  0x20000a4c       0x24 CMakeFiles/motor_first.elf.dir/Core/Own/Src/motor.cpp.obj
                0x20000a4c                BackLeft
 .bss.BackRight
                0x20000a70       0x24 CMakeFiles/motor_first.elf.dir/Core/Own/Src/motor.cpp.obj
                0x20000a70                BackRight
 .bss.FrontLeft
                0x20000a94       0x24 CMakeFiles/motor_first.elf.dir/Core/Own/Src/motor.cpp.obj
                0x20000a94                FrontLeft
 .bss.FrontRight
                0x20000ab8       0x24 CMakeFiles/motor_first.elf.dir/Core/Own/Src/motor.cpp.obj
                0x20000ab8                FrontRight
 .bss.angle     0x20000adc       0x1c CMakeFiles/motor_first.elf.dir/Core/Own/Src/pid.cpp.obj
                0x20000adc                angle
 .bss.speed     0x20000af8       0x1c CMakeFiles/motor_first.elf.dir/Core/Own/Src/pid.cpp.obj
                0x20000af8                speed
 .bss.speed_alone1
                0x20000b14       0x1c CMakeFiles/motor_first.elf.dir/Core/Own/Src/pid.cpp.obj
                0x20000b14                speed_alone1
 .bss.speed_alone2
                0x20000b30       0x1c CMakeFiles/motor_first.elf.dir/Core/Own/Src/pid.cpp.obj
                0x20000b30                speed_alone2
 .bss.speed_alone3
                0x20000b4c       0x1c CMakeFiles/motor_first.elf.dir/Core/Own/Src/pid.cpp.obj
                0x20000b4c                speed_alone3
 .bss.speed_alone4
                0x20000b68       0x1c CMakeFiles/motor_first.elf.dir/Core/Own/Src/pid.cpp.obj
                0x20000b68                speed_alone4
 .bss.stick     0x20000b84       0x18 CMakeFiles/motor_first.elf.dir/Core/Own/Src/telescopic.cpp.obj
                0x20000b84                stick
 .bss.AngleOpen
                0x20000b9c        0x1 CMakeFiles/motor_first.elf.dir/Core/Own/Src/uart.c.obj
                0x20000b9c                AngleOpen
 .bss.SpeedOpen
                0x20000b9d        0x1 CMakeFiles/motor_first.elf.dir/Core/Own/Src/uart.c.obj
                0x20000b9d                SpeedOpen
 *fill*         0x20000b9e        0x2 
 .bss.bag       0x20000ba0       0x32 CMakeFiles/motor_first.elf.dir/Core/Own/Src/uart.c.obj
                0x20000ba0                bag
 *fill*         0x20000bd2        0x2 
 .bss.gy953     0x20000bd4       0x74 CMakeFiles/motor_first.elf.dir/Core/Own/main.cpp.obj
                0x20000bd4                gy953
 .bss.hi2c1     0x20000c48       0x54 CMakeFiles/motor_first.elf.dir/Core/Src/i2c.c.obj
                0x20000c48                hi2c1
 .bss.hi2c2     0x20000c9c       0x54 CMakeFiles/motor_first.elf.dir/Core/Src/i2c.c.obj
                0x20000c9c                hi2c2
 .bss.__sbrk_heap_end
                0x20000cf0        0x4 CMakeFiles/motor_first.elf.dir/Core/Src/sysmem.c.obj
 .bss.htim1     0x20000cf4       0x48 CMakeFiles/motor_first.elf.dir/Core/Src/tim.c.obj
                0x20000cf4                htim1
 .bss.htim2     0x20000d3c       0x48 CMakeFiles/motor_first.elf.dir/Core/Src/tim.c.obj
                0x20000d3c                htim2
 .bss.htim3     0x20000d84       0x48 CMakeFiles/motor_first.elf.dir/Core/Src/tim.c.obj
                0x20000d84                htim3
 .bss.htim4     0x20000dcc       0x48 CMakeFiles/motor_first.elf.dir/Core/Src/tim.c.obj
                0x20000dcc                htim4
 .bss.htim5     0x20000e14       0x48 CMakeFiles/motor_first.elf.dir/Core/Src/tim.c.obj
                0x20000e14                htim5