Archive member included to satisfy reference by file (symbol)

d:/clion_stm32/gcc_arm_none_eabi/gcc-arm-none-eabi-10.3-2021.10/bin/../lib/gcc/arm-none-eabi/10.3.1/thumb/v7-m/nofp\libgcc.a(_arm_mulsf3.o)
                              CMakeFiles/motor_first.elf.dir/Core/Own/Src/pid.cpp.obj (__aeabi_fmul)
d:/clion_stm32/gcc_arm_none_eabi/gcc-arm-none-eabi-10.3-2021.10/bin/../lib/gcc/arm-none-eabi/10.3.1/thumb/v7-m/nofp\libgcc.a(_arm_addsubdf3.o)
                              CMakeFiles/motor_first.elf.dir/Core/Own/Src/gy953.cpp.obj (__aeabi_i2d)
d:/clion_stm32/gcc_arm_none_eabi/gcc-arm-none-eabi-10.3-2021.10/bin/../lib/gcc/arm-none-eabi/10.3.1/thumb/v7-m/nofp\libgcc.a(_arm_muldivdf3.o)
                              CMakeFiles/motor_first.elf.dir/Core/Own/Src/gy953.cpp.obj (__aeabi_ddiv)
d:/clion_stm32/gcc_arm_none_eabi/gcc-arm-none-eabi-10.3-2021.10/bin/../lib/gcc/arm-none-eabi/10.3.1/thumb/v7-m/nofp\libgcc.a(_arm_fixdfsi.o)
                              CMakeFiles/motor_first.elf.dir/Core/Own/Src/gy953.cpp.obj (__aeabi_d2iz)
d:/clion_stm32/gcc_arm_none_eabi/gcc-arm-none-eabi-10.3-2021.10/bin/../lib/gcc/arm-none-eabi/10.3.1/thumb/v7-m/nofp\libgcc.a(_arm_addsubsf3.o)
                              CMakeFiles/motor_first.elf.dir/Core/Own/Src/pid.cpp.obj (__aeabi_fsub)
d:/clion_stm32/gcc_arm_none_eabi/gcc-arm-none-eabi-10.3-2021.10/bin/../lib/gcc/arm-none-eabi/10.3.1/thumb/v7-m/nofp\libgcc.a(_arm_cmpsf2.o)
                              CMakeFiles/motor_first.elf.dir/Core/Own/Src/IT.cpp.obj (__aeabi_fcmplt)
d:/clion_stm32/gcc_arm_none_eabi/gcc-arm-none-eabi-10.3-2021.10/bin/../lib/gcc/arm-none-eabi/10.3.1/thumb/v7-m/nofp\libgcc.a(_arm_fixsfsi.o)
                              CMakeFiles/motor_first.elf.dir/Core/Own/Src/IT.cpp.obj (__aeabi_f2iz)
d:/clion_stm32/gcc_arm_none_eabi/gcc-arm-none-eabi-10.3-2021.10/bin/../lib/gcc/arm-none-eabi/10.3.1/thumb/v7-m/nofp\libgcc.a(unwind-arm.o)
                              CMakeFiles/motor_first.elf.dir/Core/Own/Src/IT.cpp.obj (__aeabi_unwind_cpp_pr0)
d:/clion_stm32/gcc_arm_none_eabi/gcc-arm-none-eabi-10.3-2021.10/bin/../lib/gcc/arm-none-eabi/10.3.1/thumb/v7-m/nofp\libgcc.a(libunwind.o)
                              d:/clion_stm32/gcc_arm_none_eabi/gcc-arm-none-eabi-10.3-2021.10/bin/../lib/gcc/arm-none-eabi/10.3.1/thumb/v7-m/nofp\libgcc.a(unwind-arm.o) (restore_core_regs)
d:/clion_stm32/gcc_arm_none_eabi/gcc-arm-none-eabi-10.3-2021.10/bin/../lib/gcc/arm-none-eabi/10.3.1/thumb/v7-m/nofp\libgcc.a(pr-support.o)
                              d:/clion_stm32/gcc_arm_none_eabi/gcc-arm-none-eabi-10.3-2021.10/bin/../lib/gcc/arm-none-eabi/10.3.1/thumb/v7-m/nofp\libgcc.a(unwind-arm.o) (__gnu_unwind_execute)
d:/clion_stm32/gcc_arm_none_eabi/gcc-arm-none-eabi-10.3-2021.10/bin/../lib/gcc/arm-none-eabi/10.3.1/../../../../arm-none-eabi/lib/thumb/v7-m/nofp\libg.a(lib_a-abort.o)
                              d:/clion_stm32/gcc_arm_none_eabi/gcc-arm-none-eabi-10.3-2021.10/bin/../lib/gcc/arm-none-eabi/10.3.1/thumb/v7-m/nofp\libgcc.a(unwind-arm.o) (abort)
d:/clion_stm32/gcc_arm_none_eabi/gcc-arm-none-eabi-10.3-2021.10/bin/../lib/gcc/arm-none-eabi/10.3.1/../../../../arm-none-eabi/lib/thumb/v7-m/nofp\libg.a(lib_a-errno.o)
                              CMakeFiles/motor_first.elf.dir/Core/Src/syscalls.c.obj (__errno)
d:/clion_stm32/gcc_arm_none_eabi/gcc-arm-none-eabi-10.3-2021.10/bin/../lib/gcc/arm-none-eabi/10.3.1/../../../../arm-none-eabi/lib/thumb/v7-m/nofp\libg.a(lib_a-exit.o)
                              d:/clion_stm32/gcc_arm_none_eabi/gcc-arm-none-eabi-10.3-2021.10/bin/../lib/gcc/arm-none-eabi/10.3.1/../../../../arm-none-eabi/lib/thumb/v7-m/nofp/crt0.o (exit)
d:/clion_stm32/gcc_arm_none_eabi/gcc-arm-none-eabi-10.3-2021.10/bin/../lib/gcc/arm-none-eabi/10.3.1/../../../../arm-none-eabi/lib/thumb/v7-m/nofp\libg.a(lib_a-impure.o)
                              d:/clion_stm32/gcc_arm_none_eabi/gcc-arm-none-eabi-10.3-2021.10/bin/../lib/gcc/arm-none-eabi/10.3.1/../../../../arm-none-eabi/lib/thumb/v7-m/nofp\libg.a(lib_a-exit.o) (_global_impure_ptr)
d:/clion_stm32/gcc_arm_none_eabi/gcc-arm-none-eabi-10.3-2021.10/bin/../lib/gcc/arm-none-eabi/10.3.1/../../../../arm-none-eabi/lib/thumb/v7-m/nofp\libg.a(lib_a-init.o)
                              d:/clion_stm32/gcc_arm_none_eabi/gcc-arm-none-eabi-10.3-2021.10/bin/../lib/gcc/arm-none-eabi/10.3.1/../../../../arm-none-eabi/lib/thumb/v7-m/nofp/crt0.o (__libc_init_array)
d:/clion_stm32/gcc_arm_none_eabi/gcc-arm-none-eabi-10.3-2021.10/bin/../lib/gcc/arm-none-eabi/10.3.1/../../../../arm-none-eabi/lib/thumb/v7-m/nofp\libg.a(lib_a-memcpy.o)
                              d:/clion_stm32/gcc_arm_none_eabi/gcc-arm-none-eabi-10.3-2021.10/bin/../lib/gcc/arm-none-eabi/10.3.1/thumb/v7-m/nofp\libgcc.a(unwind-arm.o) (memcpy)
d:/clion_stm32/gcc_arm_none_eabi/gcc-arm-none-eabi-10.3-2021.10/bin/../lib/gcc/arm-none-eabi/10.3.1/../../../../arm-none-eabi/lib/thumb/v7-m/nofp\libg.a(lib_a-memset.o)
[...]
Memory Configuration

Name             Origin             Length             Attributes
RAM              0x20000000         0x0000c000         xrw
FLASH            0x08000000         0x00040000         xr
*default*        0x00000000         0xffffffff

Linker script and memory map

LOAD d:/clion_stm32/gcc_arm_none_eabi/gcc-arm-none-eabi-10.3-2021.10/bin/../lib/gcc/arm-none-eabi/10.3.1/thumb/v7-m/nofp/crti.o
LOAD d:/clion_stm32/gcc_arm_none_eabi/gcc-arm-none-eabi-10.3-2021.10/bin/../lib/gcc/arm-none-eabi/10.3.1/thumb/v7-m/nofp/crtbegin.o
LOAD d:/clion_stm32/gcc_arm_none_eabi/gcc-arm-none-eabi-10.3-2021.10/bin/../lib/gcc/arm-none-eabi/10.3.1/../../../../arm-none-eabi/lib/thumb/v7-m/nofp/crt0.o
LOAD CMakeFiles/motor_first.elf.dir/Core/Own/Src/IT.cpp.obj
LOAD CMakeFiles/motor_first.elf.dir/Core/Own/Src/blueteeth.cpp.obj
LOAD CMakeFiles/motor_first.elf.dir/Core/Own/Src/gy953.cpp.obj
LOAD CMakeFiles/motor_first.elf.dir/Core/Own/Src/motor.cpp.obj
LOAD CMakeFiles/motor_first.elf.dir/Core/Own/Src/oled.c.obj
LOAD CMakeFiles/motor_first.elf.dir/Core/Own/Src/pid.cpp.obj
LOAD CMakeFiles/motor_first.elf.dir/Core/Own/Src/uart.c.obj
LOAD CMakeFiles/motor_first.elf.dir/Core/Own/main.cpp.obj
LOAD CMakeFiles/motor_first.elf.dir/Core/Src/dma.c.obj
LOAD CMakeFiles/motor_first.elf.dir/Core/Src/gpio.c.obj
LOAD CMakeFiles/motor_first.elf.dir/Core/Src/i2c.c.obj
LOAD CMakeFiles/motor_first.elf.dir/Core/Src/stm32f1xx_hal_msp.c.obj
LOAD CMakeFiles/motor_first.elf.dir/Core/Src/stm32f1xx_it.c.obj
LOAD CMakeFiles/motor_first.elf.dir/Core/Src/syscalls.c.obj
LOAD CMakeFiles/motor_first.elf.dir/Core/Src/sysmem.c.obj
LOAD CMakeFiles/motor_first.elf.dir/Core/Src/system_stm32f1xx.c.obj
LOAD CMakeFiles/motor_first.elf.dir/Core/Src/tim.c.obj
LOAD CMakeFiles/motor_first.elf.dir/Core/Src/usart.c.obj
LOAD CMakeFiles/motor_first.elf.dir/Core/Startup/startup_stm32f103rctx.s.obj
LOAD CMakeFiles/motor_first.elf.dir/Drivers/STM32F1xx_HAL_Driver/Src/stm32f1xx_hal.c.obj
LOAD CMakeFiles/motor_first.elf.dir/Drivers/STM32F1xx_HAL_Driver/Src/stm32f1xx_hal_cortex.c.obj
LOAD CMakeFiles/motor_first.elf.dir/Drivers/STM32F1xx_HAL_Driver/Src/stm32f1xx_hal_dma.c.obj
LOAD CMakeFiles/motor_first.elf.dir/Drivers/STM32F1xx_HAL_Driver/Src/stm32f1xx_hal_exti.c.obj
LOAD CMakeFiles/motor_first.elf.dir/Drivers/STM32F1xx_HAL_Driver/Src/stm32f1xx_hal_flash.c.obj
LOAD CMakeFiles/motor_first.elf.dir/Drivers/STM32F1xx_HAL_Driver/Src/stm32f1xx_hal_flash_ex.c.obj
LOAD CMakeFiles/motor_first.elf.dir/Drivers/STM32F1xx_HAL_Driver/Src/stm32f1xx_hal_gpio.c.obj
LOAD CMakeFiles/motor_first.elf.dir/Drivers/STM32F1xx_HAL_Driver/Src/stm32f1xx_hal_gpio_ex.c.obj
LOAD CMakeFiles/motor_first.elf.dir/Drivers/STM32F1xx_HAL_Driver/Src/stm32f1xx_hal_i2c.c.obj
LOAD CMakeFiles/motor_first.elf.dir/Drivers/STM32F1xx_HAL_Driver/Src/stm32f1xx_hal_pwr.c.obj
LOAD CMakeFiles/motor_first.elf.dir/Drivers/STM32F1xx_HAL_Driver/Src/stm32f1xx_hal_rcc.c.obj
LOAD CMakeFiles/motor_first.elf.dir/Drivers/STM32F1xx_HAL_Driver/Src/stm32f1xx_hal_rcc_ex.c.obj
LOAD CMakeFiles/motor_first.elf.dir/Drivers/STM32F1xx_HAL_Driver/Src/stm32f1xx_hal_tim.c.obj
LOAD CMakeFiles/motor_first.elf.dir/Drivers/STM32F1xx_HAL_Driver/Src/stm32f1xx_hal_tim_ex.c.obj
LOAD CMakeFiles/motor_first.elf.dir/Drivers/STM32F1xx_HAL_Driver/Src/stm32f1xx_hal_uart.c.obj
LOAD d:/clion_stm32/gcc_arm_none_eabi/gcc-arm-none-eabi-10.3-2021.10/bin/../lib/gcc/arm-none-eabi/10.3.1/../../../../arm-none-eabi/lib/thumb/v7-m/nofp\libstdc++.a
LOAD d:/clion_stm32/gcc_arm_none_eabi/gcc-arm-none-eabi-10.3-2021.10/bin/../lib/gcc/arm-none-eabi/10.3.1/../../../../arm-none-eabi/lib/thumb/v7-m/nofp\libm.a
START GROUP
LOAD d:/clion_stm32/gcc_arm_none_eabi/gcc-arm-none-eabi-10.3-2021.10/bin/../lib/gcc/arm-none-eabi/10.3.1/thumb/v7-m/nofp\libgcc.a
LOAD d:/clion_stm32/gcc_arm_none_eabi/gcc-arm-none-eabi-10.3-2021.10/bin/../lib/gcc/arm-none-eabi/10.3.1/../../../../arm-none-eabi/lib/thumb/v7-m/nofp\libg.a
LOAD d:/clion_stm32/gcc_arm_none_eabi/gcc-arm-none-eabi-10.3-2021.10/bin/../lib/gcc/arm-none-eabi/10.3.1/../../../../arm-none-eabi/lib/thumb/v7-m/nofp\libc.a
END GROUP
LOAD d:/clion_stm32/gcc_arm_none_eabi/gcc-arm-none-eabi-10.3-2021.10/bin/../lib/gcc/arm-none-eabi/10.3.1/thumb/v7-m/nofp/crtend.o
LOAD d:/clion_stm32/gcc_arm_none_eabi/gcc-arm-none-eabi-10.3-2021.10/bin/../lib/gcc/arm-none-eabi/10.3.1/thumb/v7-m/nofp/crtn.o
                0x2000c000                _estack = (ORIGIN (RAM) + LENGTH (RAM))
                0x00000200                _Min_Heap_Size = 0x200
                0x00000400                _Min_Stack_Size = 0x400

.isr_vector     0x08000000      0x1e4
                0x08000000                . = ALIGN (0x4)
 *(.isr_vector)
 .isr_vector    0x08000000      0x1e4 CMakeFiles/motor_first.elf.dir/Core/Startup/startup_stm32f103rctx.s.obj
                0x08000000                g_pfnVectors
                0x080001e4                . = ALIGN (0x4)

.text           0x080001e8     0xc088
                0x080001e8                . = ALIGN (0x4)
 *(.text)
 .text          0x080001e8       0x40 d:/clion_stm32/gcc_arm_none_eabi/gcc-arm-none-eabi-10.3-2021.10/bin/../lib/gcc/arm-none-eabi/10.3.1/thumb/v7-m/nofp/crtbegin.o
 .text          0x08000228      0x168 d:/clion_stm32/gcc_arm_none_eabi/gcc-arm-none-eabi-10.3-2021.10/bin/../lib/gcc/arm-none-eabi/10.3.1/thumb/v7-m/nofp\libgcc.a(_arm_mulsf3.o)
                0x08000228                __aeabi_fmul
                0x08000228                __mulsf3
 .text          0x08000390      0x378 d:/clion_stm32/gcc_arm_none_eabi/gcc-arm-none-eabi-10.3-2021.10/bin/../lib/gcc/arm-none-eabi/10.3.1/thumb/v7-m/nofp\libgcc.a(_arm_addsubdf3.o)
                0x08000390                __aeabi_drsub
                0x08000398                __aeabi_dsub
                0x08000398                __subdf3
                0x0800039c                __aeabi_dadd
                0x0800039c                __adddf3
                0x08000614                __floatunsidf
                0x08000614                __aeabi_ui2d
                0x08000634                __floatsidf
                0x08000634                __aeabi_i2d
                0x08000658                __aeabi_f2d
                0x08000658                __extendsfdf2
                0x0800069c                __floatundidf
                0x0800069c                __aeabi_ul2d
                0x080006ac                __floatdidf
                0x080006ac                __aeabi_l2d
 .text          0x08000708      0x424 d:/clion_stm32/gcc_arm_none_eabi/gcc-arm-none-eabi-10.3-2021.10/bin/../lib/gcc/arm-none-eabi/10.3.1/thumb/v7-m/nofp\libgcc.a(_arm_muldivdf3.o)
                0x08000708                __aeabi_dmul
                0x08000708                __muldf3
                0x0800095c                __divdf3
                0x0800095c                __aeabi_ddiv
 .text          0x08000b2c       0x50 d:/clion_stm32/gcc_arm_none_eabi/gcc-arm-none-eabi-10.3-2021.10/bin/../lib/gcc/arm-none-eabi/10.3.1/thumb/v7-m/nofp\libgcc.a(_arm_fixdfsi.o)
                0x08000b2c                __aeabi_d2iz
                0x08000b2c                __fixdfsi
 .text          0x08000b7c      0x21c d:/clion_stm32/gcc_arm_none_eabi/gcc-arm-none-eabi-10.3-2021.10/bin/../lib/gcc/arm-none-eabi/10.3.1/thumb/v7-m/nofp\libgcc.a(_arm_addsubsf3.o)
                0x08000b7c                __aeabi_frsub
                0x08000b84                __subsf3
                0x08000b84                __aeabi_fsub
                0x08000b88                __aeabi_fadd
                0x08000b88                __addsf3
                0x08000ce8                __aeabi_ui2f
                0x08000ce8                __floatunsisf
                0x08000cf0                __aeabi_i2f
                0x08000cf0                __floatsisf
                0x08000d0c                __aeabi_ul2f
                0x08000d0c                __floatundisf
                0x08000d1c                __aeabi_l2f
                0x08000d1c                __floatdisf
 .text          0x08000d98       0x4c d:/clion_stm32/gcc_arm_none_eabi/gcc-arm-none-eabi-10.3-2021.10/bin/../lib/gcc/arm-none-eabi/10.3.1/thumb/v7-m/nofp\libgcc.a(_arm_fixsfsi.o)
                0x08000d98                __aeabi_f2iz
                0x08000d98                __fixsfsi
 .text          0x08000de4      0x9e4 d:/clion_stm32/gcc_arm_none_eabi/gcc-arm-none-eabi-10.3-2021.10/bin/../lib/gcc/arm-none-eabi/10.3.1/thumb/v7-m/nofp\libgcc.a(unwind-arm.o)
                0x080010a4                _Unwind_GetCFA
                0x080010a8                __gnu_Unwind_RaiseException
                0x08001110                __gnu_Unwind_ForcedUnwind
                0x08001124                __gnu_Unwind_Resume
                0x08001168                __gnu_Unwind_Resume_or_Rethrow
                0x0800117c                _Unwind_Complete
                0x08001180                _Unwind_DeleteException
                0x0800118c                _Unwind_VRS_Get
                0x080011d8                _Unwind_VRS_Set
                0x08001220                __gnu_Unwind_Backtrace
                0x08001548                __aeabi_unwind_cpp_pr0
                0x0800154c                __aeabi_unwind_cpp_pr1
                0x08001550                __aeabi_unwind_cpp_pr2
                0x08001554                _Unwind_VRS_Pop
 .text          0x080017c8      0x1ac d:/clion_stm32/gcc_arm_none_eabi/gcc-arm-none-eabi-10.3-2021.10/bin/../lib/gcc/arm-none-eabi/10.3.1/thumb/v7-m/nofp\libgcc.a(libunwind.o)
                0x080017c8                __restore_core_regs
                0x080017c8                restore_core_regs
                0x080017e0                __gnu_Unwind_Restore_VFP
                0x080017e8                __gnu_Unwind_Save_VFP
                0x080017f0                __gnu_Unwind_Restore_VFP_D
                0x080017f8                __gnu_Unwind_Save_VFP_D
                0x08001800                __gnu_Unwind_Restore_VFP_D_16_to_31
                0x08001808                __gnu_Unwind_Save_VFP_D_16_to_31
                0x08001810                __gnu_Unwind_Restore_WMMXD
                0x08001854                __gnu_Unwind_Save_WMMXD
                0x08001898                __gnu_Unwind_Restore_WMMXC
                0x080018ac                __gnu_Unwind_Save_WMMXC
                0x080018c0                ___Unwind_RaiseException
                0x080018c0                _Unwind_RaiseException
                0x080018e4                _Unwind_Resume
                0x080018e4                ___Unwind_Resume
                0x08001908                _Unwind_Resume_or_Rethrow
                0x08001908                ___Unwind_Resume_or_Rethrow
                0x0800192c                _Unwind_ForcedUnwind
                0x0800192c                ___Unwind_ForcedUnwind
                0x08001950                ___Unwind_Backtrace
                0x08001950                _Unwind_Backtrace
 .text          0x08001974      0x38c d:/clion_stm32/gcc_arm_none_eabi/gcc-arm-none-eabi-10.3-2021.10/bin/../lib/gcc/arm-none-eabi/10.3.1/thumb/v7-m/nofp\libgcc.a(pr-support.o)
                0x080019cc                __gnu_unwind_execute
                0x08001cb0                __gnu_unwind_frame
                0x08001ce0                _Unwind_GetRegionStart
                0x08001cec                _Unwind_GetLanguageSpecificData
 .text          0x08001d00       0xec d:/clion_stm32/gcc_arm_none_eabi/gcc-arm-none-eabi-10.3-2021.10/bin/../lib/gcc/arm-none-eabi/10.3.1/../../../../arm-none-eabi/lib/thumb/v7-m/nofp\libg.a(lib_a-memcpy.o)
                0x08001d00                memcpy
 .text          0x08001dec      0x110 d:/clion_stm32/gcc_arm_none_eabi/gcc-arm-none-eabi-10.3-2021.10/bin/../lib/gcc/arm-none-eabi/10.3.1/thumb/v7-m/nofp\libgcc.a(_arm_cmpdf2.o)
                0x08001dec                __gtdf2
                0x08001dec                __gedf2
                0x08001df4                __ltdf2
                0x08001df4                __ledf2
                0x08001dfc                __nedf2
                0x08001dfc                __eqdf2
                0x08001dfc                __cmpdf2
                0x08001e78                __aeabi_cdrcmple
                0x08001e88                __aeabi_cdcmpeq
                0x08001e88                __aeabi_cdcmple
                0x08001e98                __aeabi_dcmpeq
                0x08001eac                __aeabi_dcmplt
                0x08001ec0                __aeabi_dcmple
                0x08001ed4                __aeabi_dcmpge
                0x08001ee8                __aeabi_dcmpgt
 .text          0x08001efc       0x2c d:/clion_stm32/gcc_arm_none_eabi/gcc-arm-none-eabi-10.3-2021.10/bin/../lib/gcc/arm-none-eabi/10.3.1/thumb/v7-m/nofp\libgcc.a(_arm_unorddf2.o)
                0x08001efc                __unorddf2
                0x08001efc                __aeabi_dcmpun
 .text          0x08001f28       0x30 d:/clion_stm32/gcc_arm_none_eabi/gcc-arm-none-eabi-10.3-2021.10/bin/../lib/gcc/arm-none-eabi/10.3.1/thumb/v7-m/nofp\libgcc.a(_aeabi_uldivmod.o)
                0x08001f28                __aeabi_uldivmod
 .text          0x08001f58      0x2d4 d:/clion_stm32/gcc_arm_none_eabi/gcc-arm-none-eabi-10.3-2021.10/bin/../lib/gcc/arm-none-eabi/10.3.1/thumb/v7-m/nofp\libgcc.a(_udivmoddi4.o)
                0x08001f58                __udivmoddi4
 .text          0x0800222c        0x4 d:/clion_stm32/gcc_arm_none_eabi/gcc-arm-none-eabi-10.3-2021.10/bin/../lib/gcc/arm-none-eabi/10.3.1/thumb/v7-m/nofp\libgcc.a(_dvmd_tls.o)
                0x0800222c                __aeabi_idiv0
                0x0800222c                __aeabi_ldiv0
 *(.text*)
 .text.HAL_UARTEx_RxEventCallback
                0x08002230       0xcc CMakeFiles/motor_first.elf.dir/Core/Own/Src/IT.cpp.obj
                0x08002230                HAL_UARTEx_RxEventCallback
 .text.HAL_TIM_PeriodElapsedCallback
                0x080022fc      0x1d0 CMakeFiles/motor_first.elf.dir/Core/Own/Src/IT.cpp.obj
                0x080022fc                HAL_TIM_PeriodElapsedCallback
 .text._Z41__static_initialization_and_destruction_0ii
                0x080024cc       0x30 CMakeFiles/motor_first.elf.dir/Core/Own/Src/blueteeth.cpp.obj
 .text._ZN9BLUETEETH4sendEPKcz
                0x080024fc       0x42 CMakeFiles/motor_first.elf.dir/Core/Own/Src/blueteeth.cpp.obj
                0x080024fc                BLUETEETH::send(char const*, ...)
 .text._ZN9BLUETEETH7receiveEv
                0x0800253e       0x1c CMakeFiles/motor_first.elf.dir/Core/Own/Src/blueteeth.cpp.obj
                0x0800253e                BLUETEETH::receive()
 *fill*         0x0800255a        0x2 
 .text._ZN9BLUETEETH4testEv
                0x0800255c      0x13c CMakeFiles/motor_first.elf.dir/Core/Own/Src/blueteeth.cpp.obj
                0x0800255c                BLUETEETH::test()
 .text._GLOBAL__sub_I__ZN9BLUETEETH4sendEPKcz
                0x08002698        0xe CMakeFiles/motor_first.elf.dir/Core/Own/Src/blueteeth.cpp.obj
 *fill*         0x080026a6        0x2 
 .text._ZN5GY953C2EP20__UART_HandleTypeDefPhP19__DMA_HandleTypeDef
                0x080026a8       0xc4 CMakeFiles/motor_first.elf.dir/Core/Own/Src/gy953.cpp.obj
                0x080026a8                GY953::GY953(__UART_HandleTypeDef*, unsigned char*, __DMA_HandleTypeDef*)
                0x080026a8                GY953::GY953(__UART_HandleTypeDef*, unsigned char*, __DMA_HandleTypeDef*)
 .text._ZN5GY9534SendEPKh
                0x0800276c       0x26 CMakeFiles/motor_first.elf.dir/Core/Own/Src/gy953.cpp.obj
                0x0800276c                GY953::Send(unsigned char const*)
 .text._ZN5GY9534InitEv
                0x08002792        0xc CMakeFiles/motor_first.elf.dir/Core/Own/Src/gy953.cpp.obj
                0x08002792                GY953::Init()
 *fill*         0x0800279e        0x2 
 .text._ZN5GY9537computeEv
                0x080027a0       0x34 CMakeFiles/motor_first.elf.dir/Core/Own/Src/gy953.cpp.obj
                0x080027a0                GY953::compute()
 .text._ZN5GY9534TestEt
                0x080027d4      0x11c CMakeFiles/motor_first.elf.dir/Core/Own/Src/gy953.cpp.obj
                0x080027d4                GY953::Test(unsigned short)
 .text._ZN5GY9537ReceiveEv
                0x080028f0       0x20 CMakeFiles/motor_first.elf.dir/Core/Own/Src/gy953.cpp.obj
                0x080028f0                GY953::Receive()
 .text._Z41__static_initialization_and_destruction_0ii
                0x08002910       0xb0 CMakeFiles/motor_first.elf.dir/Core/Own/Src/motor.cpp.obj
 .text._ZN5motor9front_runEv
                0x080029c0       0x34 CMakeFiles/motor_first.elf.dir/Core/Own/Src/motor.cpp.obj
                0x080029c0                motor::front_run()
 .text._ZN5motor8back_runEv
                0x080029f4       0x34 CMakeFiles/motor_first.elf.dir/Core/Own/Src/motor.cpp.obj
                0x080029f4                motor::back_run()
 .text._ZN5motor6SetPwmEi
                0x08002a28       0x7c CMakeFiles/motor_first.elf.dir/Core/Own/Src/motor.cpp.obj
                0x08002a28                motor::SetPwm(int)
 .text._ZN5motor6GetPosEv
                0x08002aa4       0x22 CMakeFiles/motor_first.elf.dir/Core/Own/Src/motor.cpp.obj
                0x08002aa4                motor::GetPos()
 .text._ZN5motor5clearEv
                0x08002ac6       0x12 CMakeFiles/motor_first.elf.dir/Core/Own/Src/motor.cpp.obj
                0x08002ac6                motor::clear()
 .text._GLOBAL__sub_I__ZN5motor9front_runEv
                0x08002ad8        0xe CMakeFiles/motor_first.elf.dir/Core/Own/Src/motor.cpp.obj
 *fill*         0x08002ae6        0x2 
 .text.OLED_I2C_Init
                0x08002ae8       0x64 CMakeFiles/motor_first.elf.dir/Core/Own/Src/oled.c.obj
                0x08002ae8                OLED_I2C_Init
 .text.OLED_I2C_Start
                0x08002b4c       0x34 CMakeFiles/motor_first.elf.dir/Core/Own/Src/oled.c.obj
                0x08002b4c                OLED_I2C_Start
 .text.OLED_I2C_Stop
                0x08002b80       0x28 CMakeFiles/motor_first.elf.dir/Core/Own/Src/oled.c.obj
                0x08002b80                OLED_I2C_Stop
 .text.OLED_I2C_SendByte
                0x08002ba8       0x50 CMakeFiles/motor_first.elf.dir/Core/Own/Src/oled.c.obj
                0x08002ba8                OLED_I2C_SendByte
 .text.OLED_WriteCommand
                0x08002bf8       0x20 CMakeFiles/motor_first.elf.dir/Core/Own/Src/oled.c.obj
                0x08002bf8                OLED_WriteCommand
 .text.OLED_WriteData
                0x08002c18       0x20 CMakeFiles/motor_first.elf.dir/Core/Own/Src/oled.c.obj
                0x08002c18                OLED_WriteData
 .text.OLED_SetCursor
                0x08002c38       0x20 CMakeFiles/motor_first.elf.dir/Core/Own/Src/oled.c.obj
                0x08002c38                OLED_SetCursor
 .text.OLED_Clear
                0x08002c58       0x2c CMakeFiles/motor_first.elf.dir/Core/Own/Src/oled.c.obj
                0x08002c58                OLED_Clear
 .text.OLED_ShowChar
                0x08002c84       0x64 CMakeFiles/motor_first.elf.dir/Core/Own/Src/oled.c.obj
                0x08002c84                OLED_ShowChar
 .text.OLED_Pow
                0x08002ce8       0x14 CMakeFiles/motor_first.elf.dir/Core/Own/Src/oled.c.obj
                0x08002ce8                OLED_Pow
 .text.OLED_ShowSignedNum
                0x08002cfc       0x64 CMakeFiles/motor_first.elf.dir/Core/Own/Src/oled.c.obj
                0x08002cfc                OLED_ShowSignedNum
 .text.OLED_Init
                0x08002d60       0xae CMakeFiles/motor_first.elf.dir/Core/Own/Src/oled.c.obj
                0x08002d60                OLED_Init
 *fill*         0x08002e0e        0x2 
 .text._Z41__static_initialization_and_destruction_0ii
                0x08002e10       0x5c CMakeFiles/motor_first.elf.dir/Core/Own/Src/pid.cpp.obj
 .text._ZN3pid5clearEv
                0x08002e6c        0xe CMakeFiles/motor_first.elf.dir/Core/Own/Src/pid.cpp.obj
                0x08002e6c                pid::clear()
 .text._ZN3pid8SpeedPidE5motorf
                0x08002e7a       0x6e CMakeFiles/motor_first.elf.dir/Core/Own/Src/pid.cpp.obj
                0x08002e7a                pid::SpeedPid(motor, float)
 .text._GLOBAL__sub_I__Z5limitfRff
                0x08002ee8        0xe CMakeFiles/motor_first.elf.dir/Core/Own/Src/pid.cpp.obj
 .text.number   0x08002ef6       0x4c CMakeFiles/motor_first.elf.dir/Core/Own/Src/uart.c.obj
                0x08002ef6                number
 .text.printn   0x08002f42       0x10 CMakeFiles/motor_first.elf.dir/Core/Own/Src/uart.c.obj
                0x08002f42                printn
 *fill*         0x08002f52        0x2 
 .text._Z41__static_initialization_and_destruction_0ii
                0x08002f54       0x30 CMakeFiles/motor_first.elf.dir/Core/Own/main.cpp.obj
 .text.Error_Handler
                0x08002f84        0x4 CMakeFiles/motor_first.elf.dir/Core/Own/main.cpp.obj
                0x08002f84                Error_Handler
 .text._Z18SystemClock_Configv
                0x08002f88       0x64 CMakeFiles/motor_first.elf.dir/Core/Own/main.cpp.obj
                0x08002f88                SystemClock_Config()
 .text.main     0x08002fec      0x18c CMakeFiles/motor_first.elf.dir/Core/Own/main.cpp.obj
                0x08002fec                main
 .text._GLOBAL__sub_I_gy953
                0x08003178        0xe CMakeFiles/motor_first.elf.dir/Core/Own/main.cpp.obj
 *fill*         0x08003186        0x2 
 .text.MX_DMA_Init
                0x08003188       0x64 CMakeFiles/motor_first.elf.dir/Core/Src/dma.c.obj
                0x08003188                MX_DMA_Init
 .text.MX_GPIO_Init
                0x080031ec       0xb8 CMakeFiles/motor_first.elf.dir/Core/Src/gpio.c.obj
                0x080031ec                MX_GPIO_Init
 .text.MX_I2C1_Init
                0x080032a4       0x3c CMakeFiles/motor_first.elf.dir/Core/Src/i2c.c.obj
                0x080032a4                MX_I2C1_Init
 .text.MX_I2C2_Init
                0x080032e0       0x3c CMakeFiles/motor_first.elf.dir/Core/Src/i2c.c.obj
                0x080032e0                MX_I2C2_Init
 .text.HAL_I2C_MspInit
                0x0800331c       0xac CMakeFiles/motor_first.elf.dir/Core/Src/i2c.c.obj
                0x0800331c                HAL_I2C_MspInit
 .text.HAL_MspInit
                0x080033c8       0x44 CMakeFiles/motor_first.elf.dir/Core/Src/stm32f1xx_hal_msp.c.obj
                0x080033c8                HAL_MspInit
 .text.NMI_Handler
                0x0800340c        0x2 CMakeFiles/motor_first.elf.dir/Core/Src/stm32f1xx_it.c.obj
                0x0800340c                NMI_Handler
 .text.HardFault_Handler
                0x0800340e        0x2 CMakeFiles/motor_first.elf.dir/Core/Src/stm32f1xx_it.c.obj
                0x0800340e                HardFault_Handler
 .text.MemManage_Handler
                0x08003410        0x2 CMakeFiles/motor_first.elf.dir/Core/Src/stm32f1xx_it.c.obj
                0x08003410                MemManage_Handler
 .text.BusFault_Handler
                0x08003412        0x2 CMakeFiles/motor_first.elf.dir/Core/Src/stm32f1xx_it.c.obj
                0x08003412                BusFault_Handler
 .text.UsageFault_Handler
                0x08003414        0x2 CMakeFiles/motor_first.elf.dir/Core/Src/stm32f1xx_it.c.obj
                0x08003414                UsageFault_Handler
 .text.SVC_Handler
                0x08003416        0x2 CMakeFiles/motor_first.elf.dir/Core/Src/stm32f1xx_it.c.obj
                0x08003416                SVC_Handler
 .text.DebugMon_Handler
                0x08003418        0x2 CMakeFiles/motor_first.elf.dir/Core/Src/stm32f1xx_it.c.obj
                0x08003418                DebugMon_Handler
 .text.PendSV_Handler
                0x0800341a        0x2 CMakeFiles/motor_first.elf.dir/Core/Src/stm32f1xx_it.c.obj
                0x0800341a                PendSV_Handler
 .text.SysTick_Handler
                0x0800341c        0x8 CMakeFiles/motor_first.elf.dir/Core/Src/stm32f1xx_it.c.obj
                0x0800341c                SysTick_Handler
 .text.DMA1_Channel2_IRQHandler
                0x08003424       0x10 CMakeFiles/motor_first.elf.dir/Core/Src/stm32f1xx_it.c.obj
                0x08003424                DMA1_Channel2_IRQHandler
 .text.DMA1_Channel3_IRQHandler
                0x08003434       0x10 CMakeFiles/motor_first.elf.dir/Core/Src/stm32f1xx_it.c.obj
                0x08003434                DMA1_Channel3_IRQHandler
 .text.DMA1_Channel6_IRQHandler
                0x08003444       0x10 CMakeFiles/motor_first.elf.dir/Core/Src/stm32f1xx_it.c.obj
                0x08003444                DMA1_Channel6_IRQHandler
 .text.DMA1_Channel7_IRQHandler
                0x08003454       0x10 CMakeFiles/motor_first.elf.dir/Core/Src/stm32f1xx_it.c.obj
                0x08003454                DMA1_Channel7_IRQHandler
 .text.TIM4_IRQHandler
                0x08003464       0x10 CMakeFiles/motor_first.elf.dir/Core/Src/stm32f1xx_it.c.obj
                0x08003464                TIM4_IRQHandler
 .text.USART2_IRQHandler
                0x08003474       0x10 CMakeFiles/motor_first.elf.dir/Core/Src/stm32f1xx_it.c.obj
                0x08003474                USART2_IRQHandler
 .text.USART3_IRQHandler
                0x08003484       0x10 CMakeFiles/motor_first.elf.dir/Core/Src/stm32f1xx_it.c.obj
                0x08003484                USART3_IRQHandler
 .text._getpid  0x08003494        0x4 CMakeFiles/motor_first.elf.dir/Core/Src/syscalls.c.obj
                0x08003494                _getpid
 .text._kill    0x08003498       0x10 CMakeFiles/motor_first.elf.dir/Core/Src/syscalls.c.obj
                0x08003498                _kill
 .text._exit    0x080034a8        0xc CMakeFiles/motor_first.elf.dir/Core/Src/syscalls.c.obj
                0x080034a8                _exit
 .text._read    0x080034b4       0x20 CMakeFiles/motor_first.elf.dir/Core/Src/syscalls.c.obj
                0x080034b4                _read
 .text._write   0x080034d4       0x1c CMakeFiles/motor_first.elf.dir/Core/Src/syscalls.c.obj
                0x080034d4                _write
 .text._close   0x080034f0        0x6 CMakeFiles/motor_first.elf.dir/Core/Src/syscalls.c.obj
                0x080034f0                _close
 .text._fstat   0x080034f6        0xa CMakeFiles/motor_first.elf.dir/Core/Src/syscalls.c.obj
                0x080034f6                _fstat
 .text._isatty  0x08003500        0x4 CMakeFiles/motor_first.elf.dir/Core/Src/syscalls.c.obj
                0x08003500                _isatty
 .text._lseek   0x08003504        0x4 CMakeFiles/motor_first.elf.dir/Core/Src/syscalls.c.obj
                0x08003504                _lseek
 .text._sbrk    0x08003508       0x48 CMakeFiles/motor_first.elf.dir/Core/Src/sysmem.c.obj
                0x08003508                _sbrk
 .text.SystemInit
                0x08003550        0x2 CMakeFiles/motor_first.elf.dir/Core/Src/system_stm32f1xx.c.obj
                0x08003550                SystemInit
 *fill*         0x08003552        0x2 
 .text.MX_TIM1_Init
                0x08003554       0x68 CMakeFiles/motor_first.elf.dir/Core/Src/tim.c.obj
                0x08003554                MX_TIM1_Init
 .text.MX_TIM2_Init
                0x080035bc       0x64 CMakeFiles/motor_first.elf.dir/Core/Src/tim.c.obj
                0x080035bc                MX_TIM2_Init
 .text.MX_TIM3_Init
                0x08003620       0x64 CMakeFiles/motor_first.elf.dir/Core/Src/tim.c.obj
                0x08003620                MX_TIM3_Init
 .text.MX_TIM4_Init
                0x08003684       0x70 CMakeFiles/motor_first.elf.dir/Core/Src/tim.c.obj
                0x08003684                MX_TIM4_Init
 .text.MX_TIM5_Init
                0x080036f4       0x64 CMakeFiles/motor_first.elf.dir/Core/Src/tim.c.obj
                0x080036f4                MX_TIM5_Init
 .text.HAL_TIM_Encoder_MspInit
                0x08003758      0x158 CMakeFiles/motor_first.elf.dir/Core/Src/tim.c.obj
                0x08003758                HAL_TIM_Encoder_MspInit
 .text.HAL_TIM_Base_MspInit
                0x080038b0       0x40 CMakeFiles/motor_first.elf.dir/Core/Src/tim.c.obj
                0x080038b0                HAL_TIM_Base_MspInit
 .text.HAL_TIM_PWM_MspInit
                0x080038f0       0x2c CMakeFiles/motor_first.elf.dir/Core/Src/tim.c.obj
                0x080038f0                HAL_TIM_PWM_MspInit
 .text.HAL_TIM_MspPostInit
                0x0800391c       0x50 CMakeFiles/motor_first.elf.dir/Core/Src/tim.c.obj
                0x0800391c                HAL_TIM_MspPostInit
 .text.MX_TIM8_Init
                0x0800396c       0xf0 CMakeFiles/motor_first.elf.dir/Core/Src/tim.c.obj
                0x0800396c                MX_TIM8_Init
 .text.MX_USART2_UART_Init
                0x08003a5c       0x34 CMakeFiles/motor_first.elf.dir/Core/Src/usart.c.obj
                0x08003a5c                MX_USART2_UART_Init
 .text.MX_USART3_UART_Init
                0x08003a90       0x34 CMakeFiles/motor_first.elf.dir/Core/Src/usart.c.obj
                0x08003a90                MX_USART3_UART_Init
 .text.HAL_UART_MspInit
                0x08003ac4      0x1d8 CMakeFiles/motor_first.elf.dir/Core/Src/usart.c.obj
                0x08003ac4                HAL_UART_MspInit
 .text.Reset_Handler
                0x08003c9c       0x48 CMakeFiles/motor_first.elf.dir/Core/Startup/startup_stm32f103rctx.s.obj
                0x08003c9c                Reset_Handler
 .text.Default_Handler
                0x08003ce4        0x2 CMakeFiles/motor_first.elf.dir/Core/Startup/startup_stm32f103rctx.s.obj
                0x08003ce4                RTC_Alarm_IRQHandler
                0x08003ce4                EXTI2_IRQHandler
                0x08003ce4                TIM8_TRG_COM_IRQHandler
                0x08003ce4                TIM8_CC_IRQHandler
                0x08003ce4                TIM1_CC_IRQHandler
                0x08003ce4                TIM6_IRQHandler
                0x08003ce4                PVD_IRQHandler
                0x08003ce4                SDIO_IRQHandler
                0x08003ce4                EXTI3_IRQHandler
                0x08003ce4                EXTI0_IRQHandler
                0x08003ce4                I2C2_EV_IRQHandler
                0x08003ce4                ADC1_2_IRQHandler
                0x08003ce4                SPI1_IRQHandler
                0x08003ce4                TAMPER_IRQHandler
                0x08003ce4                TIM8_UP_IRQHandler
                0x08003ce4                DMA2_Channel2_IRQHandler
                0x08003ce4                DMA1_Channel4_IRQHandler
                0x08003ce4                RTC_IRQHandler
                0x08003ce4                CAN1_RX1_IRQHandler
                0x08003ce4                UART5_IRQHandler
                0x08003ce4                ADC3_IRQHandler
                0x08003ce4                DMA2_Channel1_IRQHandler
                0x08003ce4                I2C1_EV_IRQHandler
                0x08003ce4                UART4_IRQHandler
                0x08003ce4                TIM3_IRQHandler
                0x08003ce4                RCC_IRQHandler
                0x08003ce4                TIM1_TRG_COM_IRQHandler
                0x08003ce4                DMA1_Channel1_IRQHandler
                0x08003ce4                Default_Handler
                0x08003ce4                EXTI15_10_IRQHandler
                0x08003ce4                TIM7_IRQHandler
                0x08003ce4                TIM5_IRQHandler
                0x08003ce4                EXTI9_5_IRQHandler
                0x08003ce4                SPI2_IRQHandler
                0x08003ce4                DMA1_Channel5_IRQHandler
                0x08003ce4                EXTI4_IRQHandler
                0x08003ce4                USB_LP_CAN1_RX0_IRQHandler
                0x08003ce4                USB_HP_CAN1_TX_IRQHandler
                0x08003ce4                FSMC_IRQHandler
                0x08003ce4                TIM1_UP_IRQHandler
                0x08003ce4                WWDG_IRQHandler
                0x08003ce4                TIM2_IRQHandler
                0x08003ce4                TIM1_BRK_IRQHandler
                0x08003ce4                EXTI1_IRQHandler
                0x08003ce4                DMA2_Channel4_5_IRQHandler
                0x08003ce4                I2C2_ER_IRQHandler
                0x08003ce4                TIM8_BRK_IRQHandler
                0x08003ce4                CAN1_SCE_IRQHandler
                0x08003ce4                FLASH_IRQHandler
                0x08003ce4                USART1_IRQHandler
                0x08003ce4                SPI3_IRQHandler
                0x08003ce4                I2C1_ER_IRQHandler
                0x08003ce4                USBWakeUp_IRQHandler
                0x08003ce4                DMA2_Channel3_IRQHandler
 *fill*         0x08003ce6        0x2 
 .text.HAL_InitTick
                0x08003ce8       0x4c CMakeFiles/motor_first.elf.dir/Drivers/STM32F1xx_HAL_Driver/Src/stm32f1xx_hal.c.obj
                0x08003ce8                HAL_InitTick
 .text.HAL_Init
                0x08003d34       0x24 CMakeFiles/motor_first.elf.dir/Drivers/STM32F1xx_HAL_Driver/Src/stm32f1xx_hal.c.obj
                0x08003d34                HAL_Init
 .text.HAL_IncTick
                0x08003d58       0x18 CMakeFiles/motor_first.elf.dir/Drivers/STM32F1xx_HAL_Driver/Src/stm32f1xx_hal.c.obj
                0x08003d58                HAL_IncTick
 .text.HAL_GetTick
                0x08003d70        0xc CMakeFiles/motor_first.elf.dir/Drivers/STM32F1xx_HAL_Driver/Src/stm32f1xx_hal.c.obj
                0x08003d70                HAL_GetTick
 .text.HAL_NVIC_SetPriorityGrouping
                0x08003d7c       0x24 CMakeFiles/motor_first.elf.dir/Drivers/STM32F1xx_HAL_Driver/Src/stm32f1xx_hal_cortex.c.obj
                0x08003d7c                HAL_NVIC_SetPriorityGrouping
 .text.HAL_NVIC_SetPriority
                0x08003da0       0x70 CMakeFiles/motor_first.elf.dir/Drivers/STM32F1xx_HAL_Driver/Src/stm32f1xx_hal_cortex.c.obj
                0x08003da0                HAL_NVIC_SetPriority
 .text.HAL_NVIC_EnableIRQ
                0x08003e10       0x1c CMakeFiles/motor_first.elf.dir/Drivers/STM32F1xx_HAL_Driver/Src/stm32f1xx_hal_cortex.c.obj
                0x08003e10                HAL_NVIC_EnableIRQ
 .text.HAL_SYSTICK_Config
                0x08003e2c       0x28 CMakeFiles/motor_first.elf.dir/Drivers/STM32F1xx_HAL_Driver/Src/stm32f1xx_hal_cortex.c.obj
                0x08003e2c                HAL_SYSTICK_Config
 .text.DMA_SetConfig
                0x08003e54       0x2c CMakeFiles/motor_first.elf.dir/Drivers/STM32F1xx_HAL_Driver/Src/stm32f1xx_hal_dma.c.obj
 .text.HAL_DMA_Init
                0x08003e80       0x98 CMakeFiles/motor_first.elf.dir/Drivers/STM32F1xx_HAL_Driver/Src/stm32f1xx_hal_dma.c.obj
                0x08003e80                HAL_DMA_Init
 .text.HAL_DMA_Start_IT
                0x08003f18       0x76 CMakeFiles/motor_first.elf.dir/Drivers/STM32F1xx_HAL_Driver/Src/stm32f1xx_hal_dma.c.obj
                0x08003f18                HAL_DMA_Start_IT
 .text.HAL_DMA_Abort
                0x08003f8e       0x46 CMakeFiles/motor_first.elf.dir/Drivers/STM32F1xx_HAL_Driver/Src/stm32f1xx_hal_dma.c.obj
                0x08003f8e                HAL_DMA_Abort
 .text.HAL_DMA_Abort_IT
                0x08003fd4      0x16c CMakeFiles/motor_first.elf.dir/Drivers/STM32F1xx_HAL_Driver/Src/stm32f1xx_hal_dma.c.obj
                0x08003fd4                HAL_DMA_Abort_IT
 .text.HAL_DMA_IRQHandler
                0x08004140      0x2ec CMakeFiles/motor_first.elf.dir/Drivers/STM32F1xx_HAL_Driver/Src/stm32f1xx_hal_dma.c.obj
                0x08004140                HAL_DMA_IRQHandler
 .text.HAL_GPIO_Init
                0x0800442c      0x240 CMakeFiles/motor_first.elf.dir/Drivers/STM32F1xx_HAL_Driver/Src/stm32f1xx_hal_gpio.c.obj
                0x0800442c                HAL_GPIO_Init
 .text.HAL_GPIO_WritePin
                0x0800466c        0xc CMakeFiles/motor_first.elf.dir/Drivers/STM32F1xx_HAL_Driver/Src/stm32f1xx_hal_gpio.c.obj
                0x0800466c                HAL_GPIO_WritePin
 .text.HAL_I2C_Init
                0x08004678      0x1bc CMakeFiles/motor_first.elf.dir/Drivers/STM32F1xx_HAL_Driver/Src/stm32f1xx_hal_i2c.c.obj
                0x08004678                HAL_I2C_Init
 .text.RCC_Delay
                0x08004834       0x2c CMakeFiles/motor_first.elf.dir/Drivers/STM32F1xx_HAL_Driver/Src/stm32f1xx_hal_rcc.c.obj
 .text.HAL_RCC_OscConfig
                0x08004860      0x410 CMakeFiles/motor_first.elf.dir/Drivers/STM32F1xx_HAL_Driver/Src/stm32f1xx_hal_rcc.c.obj
                0x08004860                HAL_RCC_OscConfig
 .text.HAL_RCC_GetSysClockFreq
                0x08004c70       0x54 CMakeFiles/motor_first.elf.dir/Drivers/STM32F1xx_HAL_Driver/Src/stm32f1xx_hal_rcc.c.obj
                0x08004c70                HAL_RCC_GetSysClockFreq
 .text.HAL_RCC_ClockConfig
                0x08004cc4      0x16c CMakeFiles/motor_first.elf.dir/Drivers/STM32F1xx_HAL_Driver/Src/stm32f1xx_hal_rcc.c.obj
                0x08004cc4                HAL_RCC_ClockConfig
 .text.HAL_RCC_GetHCLKFreq
                0x08004e30        0xc CMakeFiles/motor_first.elf.dir/Drivers/STM32F1xx_HAL_Driver/Src/stm32f1xx_hal_rcc.c.obj
                0x08004e30                HAL_RCC_GetHCLKFreq
 .text.HAL_RCC_GetPCLK1Freq
                0x08004e3c       0x20 CMakeFiles/motor_first.elf.dir/Drivers/STM32F1xx_HAL_Driver/Src/stm32f1xx_hal_rcc.c.obj
                0x08004e3c                HAL_RCC_GetPCLK1Freq
 .text.HAL_RCC_GetPCLK2Freq
                0x08004e5c       0x20 CMakeFiles/motor_first.elf.dir/Drivers/STM32F1xx_HAL_Driver/Src/stm32f1xx_hal_rcc.c.obj
                0x08004e5c                HAL_RCC_GetPCLK2Freq
 .text.TIM_OC1_SetConfig
                0x08004e7c       0x68 CMakeFiles/motor_first.elf.dir/Drivers/STM32F1xx_HAL_Driver/Src/stm32f1xx_hal_tim.c.obj
 .text.TIM_OC3_SetConfig
                0x08004ee4       0x70 CMakeFiles/motor_first.elf.dir/Drivers/STM32F1xx_HAL_Driver/Src/stm32f1xx_hal_tim.c.obj
 .text.TIM_OC4_SetConfig
                0x08004f54       0x50 CMakeFiles/motor_first.elf.dir/Drivers/STM32F1xx_HAL_Driver/Src/stm32f1xx_hal_tim.c.obj
 .text.TIM_TI1_ConfigInputStage
                0x08004fa4       0x24 CMakeFiles/motor_first.elf.dir/Drivers/STM32F1xx_HAL_Driver/Src/stm32f1xx_hal_tim.c.obj
 .text.TIM_TI2_ConfigInputStage
                0x08004fc8       0x26 CMakeFiles/motor_first.elf.dir/Drivers/STM32F1xx_HAL_Driver/Src/stm32f1xx_hal_tim.c.obj
 .text.TIM_ITRx_SetConfig
                0x08004fee       0x10 CMakeFiles/motor_first.elf.dir/Drivers/STM32F1xx_HAL_Driver/Src/stm32f1xx_hal_tim.c.obj
 *fill*         0x08004ffe        0x2 
 .text.HAL_TIM_Base_Start
                0x08005000       0x6c CMakeFiles/motor_first.elf.dir/Drivers/STM32F1xx_HAL_Driver/Src/stm32f1xx_hal_tim.c.obj
                0x08005000                HAL_TIM_Base_Start
 .text.HAL_TIM_Base_Start_IT
                0x0800506c       0x78 CMakeFiles/motor_first.elf.dir/Drivers/STM32F1xx_HAL_Driver/Src/stm32f1xx_hal_tim.c.obj
                0x0800506c                HAL_TIM_Base_Start_IT
 .text.HAL_TIM_OC_DelayElapsedCallback
                0x080050e4        0x2 CMakeFiles/motor_first.elf.dir/Drivers/STM32F1xx_HAL_Driver/Src/stm32f1xx_hal_tim.c.obj
                0x080050e4                HAL_TIM_OC_DelayElapsedCallback
 .text.HAL_TIM_IC_CaptureCallback
                0x080050e6        0x2 CMakeFiles/motor_first.elf.dir/Drivers/STM32F1xx_HAL_Driver/Src/stm32f1xx_hal_tim.c.obj
                0x080050e6                HAL_TIM_IC_CaptureCallback
 .text.HAL_TIM_PWM_PulseFinishedCallback
                0x080050e8        0x2 CMakeFiles/motor_first.elf.dir/Drivers/STM32F1xx_HAL_Driver/Src/stm32f1xx_hal_tim.c.obj
                0x080050e8                HAL_TIM_PWM_PulseFinishedCallback
 .text.HAL_TIM_TriggerCallback
                0x080050ea        0x2 CMakeFiles/motor_first.elf.dir/Drivers/STM32F1xx_HAL_Driver/Src/stm32f1xx_hal_tim.c.obj
                0x080050ea                HAL_TIM_TriggerCallback
 .text.HAL_TIM_IRQHandler
                0x080050ec      0x17a CMakeFiles/motor_first.elf.dir/Drivers/STM32F1xx_HAL_Driver/Src/stm32f1xx_hal_tim.c.obj
                0x080050ec                HAL_TIM_IRQHandler
 *fill*         0x08005266        0x2 
 .text.TIM_Base_SetConfig
                0x08005268       0x98 CMakeFiles/motor_first.elf.dir/Drivers/STM32F1xx_HAL_Driver/Src/stm32f1xx_hal_tim.c.obj
                0x08005268                TIM_Base_SetConfig
 .text.HAL_TIM_Base_Init
                0x08005300       0x58 CMakeFiles/motor_first.elf.dir/Drivers/STM32F1xx_HAL_Driver/Src/stm32f1xx_hal_tim.c.obj
                0x08005300                HAL_TIM_Base_Init
 .text.HAL_TIM_PWM_Init
                0x08005358       0x58 CMakeFiles/motor_first.elf.dir/Drivers/STM32F1xx_HAL_Driver/Src/stm32f1xx_hal_tim.c.obj
                0x08005358                HAL_TIM_PWM_Init
 .text.HAL_TIM_Encoder_Init
                0x080053b0       0xb8 CMakeFiles/motor_first.elf.dir/Drivers/STM32F1xx_HAL_Driver/Src/stm32f1xx_hal_tim.c.obj
                0x080053b0                HAL_TIM_Encoder_Init
 .text.TIM_OC2_SetConfig
                0x08005468       0x70 CMakeFiles/motor_first.elf.dir/Drivers/STM32F1xx_HAL_Driver/Src/stm32f1xx_hal_tim.c.obj
                0x08005468                TIM_OC2_SetConfig
 .text.HAL_TIM_PWM_ConfigChannel
                0x080054d8       0xdc CMakeFiles/motor_first.elf.dir/Drivers/STM32F1xx_HAL_Driver/Src/stm32f1xx_hal_tim.c.obj
                0x080054d8                HAL_TIM_PWM_ConfigChannel
 .text.TIM_ETR_SetConfig
                0x080055b4       0x18 CMakeFiles/motor_first.elf.dir/Drivers/STM32F1xx_HAL_Driver/Src/stm32f1xx_hal_tim.c.obj
                0x080055b4                TIM_ETR_SetConfig
 .text.HAL_TIM_ConfigClockSource
                0x080055cc       0xfe CMakeFiles/motor_first.elf.dir/Drivers/STM32F1xx_HAL_Driver/Src/stm32f1xx_hal_tim.c.obj
                0x080055cc                HAL_TIM_ConfigClockSource
 .text.TIM_CCxChannelCmd
                0x080056ca       0x1e CMakeFiles/motor_first.elf.dir/Drivers/STM32F1xx_HAL_Driver/Src/stm32f1xx_hal_tim.c.obj
                0x080056ca                TIM_CCxChannelCmd
 .text.HAL_TIM_PWM_Start
                0x080056e8       0xf4 CMakeFiles/motor_first.elf.dir/Drivers/STM32F1xx_HAL_Driver/Src/stm32f1xx_hal_tim.c.obj
                0x080056e8                HAL_TIM_PWM_Start
 .text.HAL_TIM_Encoder_Start
                0x080057dc       0xcc CMakeFiles/motor_first.elf.dir/Drivers/STM32F1xx_HAL_Driver/Src/stm32f1xx_hal_tim.c.obj
                0x080057dc                HAL_TIM_Encoder_Start
 .text.HAL_TIMEx_MasterConfigSynchronization
                0x080058a8       0x7c CMakeFiles/motor_first.elf.dir/Drivers/STM32F1xx_HAL_Driver/Src/stm32f1xx_hal_tim_ex.c.obj
                0x080058a8                HAL_TIMEx_MasterConfigSynchronization
 .text.HAL_TIMEx_ConfigBreakDeadTime
                0x08005924       0x52 CMakeFiles/motor_first.elf.dir/Drivers/STM32F1xx_HAL_Driver/Src/stm32f1xx_hal_tim_ex.c.obj
                0x08005924                HAL_TIMEx_ConfigBreakDeadTime
 .text.HAL_TIMEx_CommutCallback
                0x08005976        0x2 CMakeFiles/motor_first.elf.dir/Drivers/STM32F1xx_HAL_Driver/Src/stm32f1xx_hal_tim_ex.c.obj
                0x08005976                HAL_TIMEx_CommutCallback
 .text.HAL_TIMEx_BreakCallback
                0x08005978        0x2 CMakeFiles/motor_first.elf.dir/Drivers/STM32F1xx_HAL_Driver/Src/stm32f1xx_hal_tim_ex.c.obj
                0x08005978                HAL_TIMEx_BreakCallback
 .text.UART_EndTxTransfer
                0x0800597a       0x20 CMakeFiles/motor_first.elf.dir/Drivers/STM32F1xx_HAL_Driver/Src/stm32f1xx_hal_uart.c.obj
 .text.UART_EndRxTransfer
                0x0800599a       0x5c CMakeFiles/motor_first.elf.dir/Drivers/STM32F1xx_HAL_Driver/Src/stm32f1xx_hal_uart.c.obj
 .text.UART_Transmit_IT
                0x080059f6       0x60 CMakeFiles/motor_first.elf.dir/Drivers/STM32F1xx_HAL_Driver/Src/stm32f1xx_hal_uart.c.obj
 *fill*         0x08005a56        0x2 
 .text.UART_SetConfig
                0x08005a58       0x94 CMakeFiles/motor_first.elf.dir/Drivers/STM32F1xx_HAL_Driver/Src/stm32f1xx_hal_uart.c.obj
 .text.UART_WaitOnFlagUntilTimeout
                0x08005aec       0x88 CMakeFiles/motor_first.elf.dir/Drivers/STM32F1xx_HAL_Driver/Src/stm32f1xx_hal_uart.c.obj
 .text.HAL_UART_Init
                0x08005b74       0x60 CMakeFiles/motor_first.elf.dir/Drivers/STM32F1xx_HAL_Driver/Src/stm32f1xx_hal_uart.c.obj
                0x08005b74                HAL_UART_Init
 .text.HAL_UART_Transmit
                0x08005bd4       0xbe CMakeFiles/motor_first.elf.dir/Drivers/STM32F1xx_HAL_Driver/Src/stm32f1xx_hal_uart.c.obj
                0x08005bd4                HAL_UART_Transmit
 .text.HAL_UART_TxCpltCallback
                0x08005c92        0x2 CMakeFiles/motor_first.elf.dir/Drivers/STM32F1xx_HAL_Driver/Src/stm32f1xx_hal_uart.c.obj
                0x08005c92                HAL_UART_TxCpltCallback
 .text.UART_EndTransmit_IT
                0x08005c94       0x1a CMakeFiles/motor_first.elf.dir/Drivers/STM32F1xx_HAL_Driver/Src/stm32f1xx_hal_uart.c.obj
 .text.HAL_UART_RxCpltCallback
                0x08005cae        0x2 CMakeFiles/motor_first.elf.dir/Drivers/STM32F1xx_HAL_Driver/Src/stm32f1xx_hal_uart.c.obj
                0x08005cae                HAL_UART_RxCpltCallback
 .text.HAL_UART_RxHalfCpltCallback
                0x08005cb0        0x2 CMakeFiles/motor_first.elf.dir/Drivers/STM32F1xx_HAL_Driver/Src/stm32f1xx_hal_uart.c.obj
                0x08005cb0                HAL_UART_RxHalfCpltCallback
 .text.HAL_UART_ErrorCallback
                0x08005cb2        0x2 CMakeFiles/motor_first.elf.dir/Drivers/STM32F1xx_HAL_Driver/Src/stm32f1xx_hal_uart.c.obj
                0x08005cb2                HAL_UART_ErrorCallback
 .text.UART_DMAError
                0x08005cb4       0x58 CMakeFiles/motor_first.elf.dir/Drivers/STM32F1xx_HAL_Driver/Src/stm32f1xx_hal_uart.c.obj
 .text.UART_DMAAbortOnError
                0x08005d0c       0x10 CMakeFiles/motor_first.elf.dir/Drivers/STM32F1xx_HAL_Driver/Src/stm32f1xx_hal_uart.c.obj
 .text.UART_Receive_IT
                0x08005d1c       0xe6 CMakeFiles/motor_first.elf.dir/Drivers/STM32F1xx_HAL_Driver/Src/stm32f1xx_hal_uart.c.obj
 *fill*         0x08005e02        0x2 
 .text.HAL_UART_IRQHandler
                0x08005e04      0x288 CMakeFiles/motor_first.elf.dir/Drivers/STM32F1xx_HAL_Driver/Src/stm32f1xx_hal_uart.c.obj
                0x08005e04                HAL_UART_IRQHandler
 .text.UART_DMARxHalfCplt
                0x0800608c       0x1e CMakeFiles/motor_first.elf.dir/Drivers/STM32F1xx_HAL_Driver/Src/stm32f1xx_hal_uart.c.obj
 .text.UART_DMAReceiveCplt
                0x080060aa       0x9a CMakeFiles/motor_first.elf.dir/Drivers/STM32F1xx_HAL_Driver/Src/stm32f1xx_hal_uart.c.obj
 .text.UART_Start_Receive_DMA
                0x08006144       0xa4 CMakeFiles/motor_first.elf.dir/Drivers/STM32F1xx_HAL_Driver/Src/stm32f1xx_hal_uart.c.obj
                0x08006144                UART_Start_Receive_DMA
 .text.HAL_UARTEx_ReceiveToIdle_DMA
                0x080061e8       0x66 CMakeFiles/motor_first.elf.dir/Drivers/STM32F1xx_HAL_Driver/Src/stm32f1xx_hal_uart.c.obj
                0x080061e8                HAL_UARTEx_ReceiveToIdle_DMA
 *fill*         0x0800624e        0x2 
 .text.abort    0x08006250       0x10 d:/clion_stm32/gcc_arm_none_eabi/gcc-arm-none-eabi-10.3-2021.10/bin/../lib/gcc/arm-none-eabi/10.3.1/../../../../arm-none-eabi/lib/thumb/v7-m/nofp\libg.a(lib_a-abort.o)
                0x08006250                abort
 .text.__errno  0x08006260        0xc d:/clion_stm32/gcc_arm_none_eabi/gcc-arm-none-eabi-10.3-2021.10/bin/../lib/gcc/arm-none-eabi/10.3.1/../../../../arm-none-eabi/lib/thumb/v7-m/nofp\libg.a(lib_a-errno.o)
                0x08006260                __errno
 .text.__libc_init_array
                0x0800626c       0x48 d:/clion_stm32/gcc_arm_none_eabi/gcc-arm-none-eabi-10.3-2021.10/bin/../lib/gcc/arm-none-eabi/10.3.1/../../../../arm-none-eabi/lib/thumb/v7-m/nofp\libg.a(lib_a-init.o)
                0x0800626c                __libc_init_array
 .text.memset   0x080062b4       0xa4 d:/clion_stm32/gcc_arm_none_eabi/gcc-arm-none-eabi-10.3-2021.10/bin/../lib/gcc/arm-none-eabi/10.3.1/../../../../arm-none-eabi/lib/thumb/v7-m/nofp\libg.a(lib_a-memset.o)
                0x080062b4                memset
 .text.raise    0x08006358       0x5c d:/clion_stm32/gcc_arm_none_eabi/gcc-arm-none-eabi-10.3-2021.10/bin/../lib/gcc/arm-none-eabi/10.3.1/../../../../arm-none-eabi/lib/thumb/v7-m/nofp\libg.a(lib_a-signal.o)
                0x08006358                raise
 .text._kill_r  0x080063b4       0x28 d:/clion_stm32/gcc_arm_none_eabi/gcc-arm-none-eabi-10.3-2021.10/bin/../lib/gcc/arm-none-eabi/10.3.1/../../../../arm-none-eabi/lib/thumb/v7-m/nofp\libg.a(lib_a-signalr.o)
                0x080063b4                _kill_r
 .text._getpid_r
                0x080063dc        0x4 d:/clion_stm32/gcc_arm_none_eabi/gcc-arm-none-eabi-10.3-2021.10/bin/../lib/gcc/arm-none-eabi/10.3.1/../../../../arm-none-eabi/lib/thumb/v7-m/nofp\libg.a(lib_a-signalr.o)
                0x080063dc                _getpid_r
 .text.strlen   0x080063e0       0x5c d:/clion_stm32/gcc_arm_none_eabi/gcc-arm-none-eabi-10.3-2021.10/bin/../lib/gcc/arm-none-eabi/10.3.1/../../../../arm-none-eabi/lib/thumb/v7-m/nofp\libg.a(lib_a-strlen-stub.o)
                0x080063e0                strlen
 .text.vsprintf
                0x0800643c       0x38 d:/clion_stm32/gcc_arm_none_eabi/gcc-arm-none-eabi-10.3-2021.10/bin/../lib/gcc/arm-none-eabi/10.3.1/../../../../arm-none-eabi/lib/thumb/v7-m/nofp\libg.a(lib_a-vsprintf.o)
                0x0800643c                vsprintf
 .text.startup.register_fini
                0x08006474       0x14 d:/clion_stm32/gcc_arm_none_eabi/gcc-arm-none-eabi-10.3-2021.10/bin/../lib/gcc/arm-none-eabi/10.3.1/../../../../arm-none-eabi/lib/thumb/v7-m/nofp\libg.a(lib_a-__call_atexit.o)
 .text.atexit   0x08006488        0xc d:/clion_stm32/gcc_arm_none_eabi/gcc-arm-none-eabi-10.3-2021.10/bin/../lib/gcc/arm-none-eabi/10.3.1/../../../../arm-none-eabi/lib/thumb/v7-m/nofp\libg.a(lib_a-atexit.o)
                0x08006488                atexit
 .text.__libc_fini_array
                0x08006494       0x2c d:/clion_stm32/gcc_arm_none_eabi/gcc-arm-none-eabi-10.3-2021.10/bin/../lib/gcc/arm-none-eabi/10.3.1/../../../../arm-none-eabi/lib/thumb/v7-m/nofp\libg.a(lib_a-fini.o)
                0x08006494                __libc_fini_array
 .text.__retarget_lock_init_recursive
                0x080064c0        0x4 d:/clion_stm32/gcc_arm_none_eabi/gcc-arm-none-eabi-10.3-2021.10/bin/../lib/gcc/arm-none-eabi/10.3.1/../../../../arm-none-eabi/lib/thumb/v7-m/nofp\libg.a(lib_a-lock.o)
                0x080064c0                __retarget_lock_init_recursive
 .text.__retarget_lock_close_recursive
                0x080064c4        0x4 d:/clion_stm32/gcc_arm_none_eabi/gcc-arm-none-eabi-10.3-2021.10/bin/../lib/gcc/arm-none-eabi/10.3.1/../../../../arm-none-eabi/lib/thumb/v7-m/nofp\libg.a(lib_a-lock.o)
                0x080064c4                __retarget_lock_close_recursive
 .text.__retarget_lock_acquire_recursive
                0x080064c8        0x4 d:/clion_stm32/gcc_arm_none_eabi/gcc-arm-none-eabi-10.3-2021.10/bin/../lib/gcc/arm-none-eabi/10.3.1/../../../../arm-none-eabi/lib/thumb/v7-m/nofp\libg.a(lib_a-lock.o)
                0x080064c8                __retarget_lock_acquire_recursive
 .text.__retarget_lock_release_recursive
                0x080064cc        0x4 d:/clion_stm32/gcc_arm_none_eabi/gcc-arm-none-eabi-10.3-2021.10/bin/../lib/gcc/arm-none-eabi/10.3.1/../../../../arm-none-eabi/lib/thumb/v7-m/nofp\libg.a(lib_a-lock.o)
                0x080064cc                __retarget_lock_release_recursive
 .text._malloc_r
                0x080064d0      0x558 d:/clion_stm32/gcc_arm_none_eabi/gcc-arm-none-eabi-10.3-2021.10/bin/../lib/gcc/arm-none-eabi/10.3.1/../../../../arm-none-eabi/lib/thumb/v7-m/nofp\libg.a(lib_a-mallocr.o)
                0x080064d0                _malloc_r
 .text.__malloc_lock
                0x08006a28        0xc d:/clion_stm32/gcc_arm_none_eabi/gcc-arm-none-eabi-10.3-2021.10/bin/../lib/gcc/arm-none-eabi/10.3.1/../../../../arm-none-eabi/lib/thumb/v7-m/nofp\libg.a(lib_a-mlock.o)
                0x08006a28                __malloc_lock
 .text.__malloc_unlock
                0x08006a34        0xc d:/clion_stm32/gcc_arm_none_eabi/gcc-arm-none-eabi-10.3-2021.10/bin/../lib/gcc/arm-none-eabi/10.3.1/../../../../arm-none-eabi/lib/thumb/v7-m/nofp\libg.a(lib_a-mlock.o)
                0x08006a34                __malloc_unlock
 .text._sbrk_r  0x08006a40       0x24 d:/clion_stm32/gcc_arm_none_eabi/gcc-arm-none-eabi-10.3-2021.10/bin/../lib/gcc/arm-none-eabi/10.3.1/../../../../arm-none-eabi/lib/thumb/v7-m/nofp\libg.a(lib_a-sbrkr.o)
                0x08006a40                _sbrk_r
 .text._svfprintf_r
                0x08006a64     0x1aa4 d:/clion_stm32/gcc_arm_none_eabi/gcc-arm-none-eabi-10.3-2021.10/bin/../lib/gcc/arm-none-eabi/10.3.1/../../../../arm-none-eabi/lib/thumb/v7-m/nofp\libg.a(lib_a-svfprintf.o)
                0x08006a64                _svfprintf_r
 .text.__register_exitproc
                0x08008508       0x8c d:/clion_stm32/gcc_arm_none_eabi/gcc-arm-none-eabi-10.3-2021.10/bin/../lib/gcc/arm-none-eabi/10.3.1/../../../../arm-none-eabi/lib/thumb/v7-m/nofp\libg.a(lib_a-__atexit.o)
                0x08008508                __register_exitproc
 .text.quorem   0x08008594      0x12c d:/clion_stm32/gcc_arm_none_eabi/gcc-arm-none-eabi-10.3-2021.10/bin/../lib/gcc/arm-none-eabi/10.3.1/../../../../arm-none-eabi/lib/thumb/v7-m/nofp\libg.a(lib_a-dtoa.o)
 .text._dtoa_r  0x080086c0      0xecc d:/clion_stm32/gcc_arm_none_eabi/gcc-arm-none-eabi-10.3-2021.10/bin/../lib/gcc/arm-none-eabi/10.3.1/../../../../arm-none-eabi/lib/thumb/v7-m/nofp\libg.a(lib_a-dtoa.o)
                0x080086c0                _dtoa_r
 .text._malloc_trim_r
                0x0800958c       0xa0 d:/clion_stm32/gcc_arm_none_eabi/gcc-arm-none-eabi-10.3-2021.10/bin/../lib/gcc/arm-none-eabi/10.3.1/../../../../arm-none-eabi/lib/thumb/v7-m/nofp\libg.a(lib_a-freer.o)
                0x0800958c                _malloc_trim_r
 .text._free_r  0x0800962c      0x200 d:/clion_stm32/gcc_arm_none_eabi/gcc-arm-none-eabi-10.3-2021.10/bin/../lib/gcc/arm-none-eabi/10.3.1/../../../../arm-none-eabi/lib/thumb/v7-m/nofp\libg.a(lib_a-freer.o)
                0x0800962c                _free_r
 .text._localeconv_r
                0x0800982c        0x8 d:/clion_stm32/gcc_arm_none_eabi/gcc-arm-none-eabi-10.3-2021.10/bin/../lib/gcc/arm-none-eabi/10.3.1/../../../../arm-none-eabi/lib/thumb/v7-m/nofp\libg.a(lib_a-localeconv.o)
                0x0800982c                _localeconv_r
 .text.memchr   0x08009834       0x90 d:/clion_stm32/gcc_arm_none_eabi/gcc-arm-none-eabi-10.3-2021.10/bin/../lib/gcc/arm-none-eabi/10.3.1/../../../../arm-none-eabi/lib/thumb/v7-m/nofp\libg.a(lib_a-memchr-stub.o)
                0x08009834                memchr
 .text._Balloc  0x080098c4       0x4c d:/clion_stm32/gcc_arm_none_eabi/gcc-arm-none-eabi-10.3-2021.10/bin/../lib/gcc/arm-none-eabi/10.3.1/../../../../arm-none-eabi/lib/thumb/v7-m/nofp\libg.a(lib_a-mprec.o)
                0x080098c4                _Balloc
 .text._Bfree   0x08009910       0x14 d:/clion_stm32/gcc_arm_none_eabi/gcc-arm-none-eabi-10.3-2021.10/bin/../lib/gcc/arm-none-eabi/10.3.1/../../../../arm-none-eabi/lib/thumb/v7-m/nofp\libg.a(lib_a-mprec.o)
                0x08009910                _Bfree
 .text.__multadd
                0x08009924       0xa4 d:/clion_stm32/gcc_arm_none_eabi/gcc-arm-none-eabi-10.3-2021.10/bin/../lib/gcc/arm-none-eabi/10.3.1/../../../../arm-none-eabi/lib/thumb/v7-m/nofp\libg.a(lib_a-mprec.o)
                0x08009924                __multadd
 .text.__hi0bits
                0x080099c8       0x40 d:/clion_stm32/gcc_arm_none_eabi/gcc-arm-none-eabi-10.3-2021.10/bin/../lib/gcc/arm-none-eabi/10.3.1/../../../../arm-none-eabi/lib/thumb/v7-m/nofp\libg.a(lib_a-mprec.o)
                0x080099c8                __hi0bits
 .text.__lo0bits
                0x08009a08       0x58 d:/clion_stm32/gcc_arm_none_eabi/gcc-arm-none-eabi-10.3-2021.10/bin/../lib/gcc/arm-none-eabi/10.3.1/../../../../arm-none-eabi/lib/thumb/v7-m/nofp\libg.a(lib_a-mprec.o)
                0x08009a08                __lo0bits
 .text.__i2b    0x08009a60       0x5c d:/clion_stm32/gcc_arm_none_eabi/gcc-arm-none-eabi-10.3-2021.10/bin/../lib/gcc/arm-none-eabi/10.3.1/../../../../arm-none-eabi/lib/thumb/v7-m/nofp\libg.a(lib_a-mprec.o)
                0x08009a60                __i2b
 .text.__multiply
                0x08009abc      0x15c d:/clion_stm32/gcc_arm_none_eabi/gcc-arm-none-eabi-10.3-2021.10/bin/../lib/gcc/arm-none-eabi/10.3.1/../../../../arm-none-eabi/lib/thumb/v7-m/nofp\libg.a(lib_a-mprec.o)
                0x08009abc                __multiply
 .text.__pow5mult
                0x08009c18       0xb8 d:/clion_stm32/gcc_arm_none_eabi/gcc-arm-none-eabi-10.3-2021.10/bin/../lib/gcc/arm-none-eabi/10.3.1/../../../../arm-none-eabi/lib/thumb/v7-m/nofp\libg.a(lib_a-mprec.o)
                0x08009c18                __pow5mult
 .text.__lshift
                0x08009cd0       0xec d:/clion_stm32/gcc_arm_none_eabi/gcc-arm-none-eabi-10.3-2021.10/bin/../lib/gcc/arm-none-eabi/10.3.1/../../../../arm-none-eabi/lib/thumb/v7-m/nofp\libg.a(lib_a-mprec.o)
                0x08009cd0                __lshift
 .text.__mcmp   0x08009dbc       0x40 d:/clion_stm32/gcc_arm_none_eabi/gcc-arm-none-eabi-10.3-2021.10/bin/../lib/gcc/arm-none-eabi/10.3.1/../../../../arm-none-eabi/lib/thumb/v7-m/nofp\libg.a(lib_a-mprec.o)
                0x08009dbc                __mcmp
 .text.__mdiff  0x08009dfc      0x14c d:/clion_stm32/gcc_arm_none_eabi/gcc-arm-none-eabi-10.3-2021.10/bin/../lib/gcc/arm-none-eabi/10.3.1/../../../../arm-none-eabi/lib/thumb/v7-m/nofp\libg.a(lib_a-mprec.o)
                0x08009dfc                __mdiff
 .text.__d2b    0x08009f48       0xc4 d:/clion_stm32/gcc_arm_none_eabi/gcc-arm-none-eabi-10.3-2021.10/bin/../lib/gcc/arm-none-eabi/10.3.1/../../../../arm-none-eabi/lib/thumb/v7-m/nofp\libg.a(lib_a-mprec.o)
                0x08009f48                __d2b
 .text.frexp    0x0800a00c       0x70 d:/clion_stm32/gcc_arm_none_eabi/gcc-arm-none-eabi-10.3-2021.10/bin/../lib/gcc/arm-none-eabi/10.3.1/../../../../arm-none-eabi/lib/thumb/v7-m/nofp\libg.a(lib_a-s_frexp.o)
                0x0800a00c                frexp
 .text.strncpy  0x0800a07c       0x68 d:/clion_stm32/gcc_arm_none_eabi/gcc-arm-none-eabi-10.3-2021.10/bin/../lib/gcc/arm-none-eabi/10.3.1/../../../../arm-none-eabi/lib/thumb/v7-m/nofp\libg.a(lib_a-strncpy.o)
                0x0800a07c                strncpy
 .text.__ssprint_r
                0x0800a0e4       0xfc d:/clion_stm32/gcc_arm_none_eabi/gcc-arm-none-eabi-10.3-2021.10/bin/../lib/gcc/arm-none-eabi/10.3.1/../../../../arm-none-eabi/lib/thumb/v7-m/nofp\libg.a(lib_a-svfiprintf.o)
                0x0800a0e4                __ssprint_r
 .text.__assert_func
                0x0800a1e0       0x40 d:/clion_stm32/gcc_arm_none_eabi/gcc-arm-none-eabi-10.3-2021.10/bin/../lib/gcc/arm-none-eabi/10.3.1/../../../../arm-none-eabi/lib/thumb/v7-m/nofp\libg.a(lib_a-assert.o)
                0x0800a1e0                __assert_func
 .text._calloc_r
                0x0800a220       0x78 d:/clion_stm32/gcc_arm_none_eabi/gcc-arm-none-eabi-10.3-2021.10/bin/../lib/gcc/arm-none-eabi/10.3.1/../../../../arm-none-eabi/lib/thumb/v7-m/nofp\libg.a(lib_a-callocr.o)
                0x0800a220                _calloc_r
 .text.fiprintf
                0x0800a298       0x28 d:/clion_stm32/gcc_arm_none_eabi/gcc-arm-none-eabi-10.3-2021.10/bin/../lib/gcc/arm-none-eabi/10.3.1/../../../../arm-none-eabi/lib/thumb/v7-m/nofp\libg.a(lib_a-fiprintf.o)
                0x0800a298                fiprintf
 .text.__locale_mb_cur_max
                0x0800a2c0        0xc d:/clion_stm32/gcc_arm_none_eabi/gcc-arm-none-eabi-10.3-2021.10/bin/../lib/gcc/arm-none-eabi/10.3.1/../../../../arm-none-eabi/lib/thumb/v7-m/nofp\libg.a(lib_a-locale.o)
                0x0800a2c0                __locale_mb_cur_max
 .text.__ascii_mbtowc
                0x0800a2cc       0x2c d:/clion_stm32/gcc_arm_none_eabi/gcc-arm-none-eabi-10.3-2021.10/bin/../lib/gcc/arm-none-eabi/10.3.1/../../../../arm-none-eabi/lib/thumb/v7-m/nofp\libg.a(lib_a-mbtowc_r.o)
                0x0800a2cc                __ascii_mbtowc
 .text.memmove  0x0800a2f8       0xf8 d:/clion_stm32/gcc_arm_none_eabi/gcc-arm-none-eabi-10.3-2021.10/bin/../lib/gcc/arm-none-eabi/10.3.1/../../../../arm-none-eabi/lib/thumb/v7-m/nofp\libg.a(lib_a-memmove.o)
                0x0800a2f8                memmove
 .text._realloc_r
                0x0800a3f0      0x3dc d:/clion_stm32/gcc_arm_none_eabi/gcc-arm-none-eabi-10.3-2021.10/bin/../lib/gcc/arm-none-eabi/10.3.1/../../../../arm-none-eabi/lib/thumb/v7-m/nofp\libg.a(lib_a-reallocr.o)
                0x0800a3f0                _realloc_r
 .text.__sprint_r.part.0
                0x0800a7cc       0x78 d:/clion_stm32/gcc_arm_none_eabi/gcc-arm-none-eabi-10.3-2021.10/bin/../lib/gcc/arm-none-eabi/10.3.1/../../../../arm-none-eabi/lib/thumb/v7-m/nofp\libg.a(lib_a-vfiprintf.o)
 .text._vfiprintf_r
                0x0800a844      0xd98 d:/clion_stm32/gcc_arm_none_eabi/gcc-arm-none-eabi-10.3-2021.10/bin/../lib/gcc/arm-none-eabi/10.3.1/../../../../arm-none-eabi/lib/thumb/v7-m/nofp\libg.a(lib_a-vfiprintf.o)
                0x0800a844                _vfiprintf_r
 .text.__sbprintf
                0x0800b5dc       0x84 d:/clion_stm32/gcc_arm_none_eabi/gcc-arm-none-eabi-10.3-2021.10/bin/../lib/gcc/arm-none-eabi/10.3.1/../../../../arm-none-eabi/lib/thumb/v7-m/nofp\libg.a(lib_a-vfiprintf.o)
 .text.__ascii_wctomb
                0x0800b660       0x1c d:/clion_stm32/gcc_arm_none_eabi/gcc-arm-none-eabi-10.3-2021.10/bin/../lib/gcc/arm-none-eabi/10.3.1/../../../../arm-none-eabi/lib/thumb/v7-m/nofp\libg.a(lib_a-wctomb_r.o)
                0x0800b660                __ascii_wctomb
 .text.__swsetup_r
                0x0800b67c       0xd4 d:/clion_stm32/gcc_arm_none_eabi/gcc-arm-none-eabi-10.3-2021.10/bin/../lib/gcc/arm-none-eabi/10.3.1/../../../../arm-none-eabi/lib/thumb/v7-m/nofp\libg.a(lib_a-wsetup.o)
                0x0800b67c                __swsetup_r
 .text.__sflush_r
                0x0800b750      0x124 d:/clion_stm32/gcc_arm_none_eabi/gcc-arm-none-eabi-10.3-2021.10/bin/../lib/gcc/arm-none-eabi/10.3.1/../../../../arm-none-eabi/lib/thumb/v7-m/nofp\libg.a(lib_a-fflush.o)
                0x0800b750                __sflush_r
 .text._fflush_r
                0x0800b874       0x5c d:/clion_stm32/gcc_arm_none_eabi/gcc-arm-none-eabi-10.3-2021.10/bin/../lib/gcc/arm-none-eabi/10.3.1/../../../../arm-none-eabi/lib/thumb/v7-m/nofp\libg.a(lib_a-fflush.o)
                0x0800b874                _fflush_r
 .text._cleanup_r
                0x0800b8d0        0xc d:/clion_stm32/gcc_arm_none_eabi/gcc-arm-none-eabi-10.3-2021.10/bin/../lib/gcc/arm-none-eabi/10.3.1/../../../../arm-none-eabi/lib/thumb/v7-m/nofp\libg.a(lib_a-findfp.o)
                0x0800b8d0                _cleanup_r
 .text.__sinit  0x0800b8dc      0x10c d:/clion_stm32/gcc_arm_none_eabi/gcc-arm-none-eabi-10.3-2021.10/bin/../lib/gcc/arm-none-eabi/10.3.1/../../../../arm-none-eabi/lib/thumb/v7-m/nofp\libg.a(lib_a-findfp.o)
                0x0800b8dc                __sinit
 .text.__sfp_lock_acquire
                0x0800b9e8        0xc d:/clion_stm32/gcc_arm_none_eabi/gcc-arm-none-eabi-10.3-2021.10/bin/../lib/gcc/arm-none-eabi/10.3.1/../../../../arm-none-eabi/lib/thumb/v7-m/nofp\libg.a(lib_a-findfp.o)
                0x0800b9e8                __sfp_lock_acquire
 .text.__sfp_lock_release
                0x0800b9f4        0xc d:/clion_stm32/gcc_arm_none_eabi/gcc-arm-none-eabi-10.3-2021.10/bin/../lib/gcc/arm-none-eabi/10.3.1/../../../../arm-none-eabi/lib/thumb/v7-m/nofp\libg.a(lib_a-findfp.o)
                0x0800b9f4                __sfp_lock_release
 .text.__fputwc
                0x0800ba00       0xa0 d:/clion_stm32/gcc_arm_none_eabi/gcc-arm-none-eabi-10.3-2021.10/bin/../lib/gcc/arm-none-eabi/10.3.1/../../../../arm-none-eabi/lib/thumb/v7-m/nofp\libg.a(lib_a-fputwc.o)
                0x0800ba00                __fputwc
 .text._fputwc_r
                0x0800baa0       0x68 d:/clion_stm32/gcc_arm_none_eabi/gcc-arm-none-eabi-10.3-2021.10/bin/../lib/gcc/arm-none-eabi/10.3.1/../../../../arm-none-eabi/lib/thumb/v7-m/nofp\libg.a(lib_a-fputwc.o)
                0x0800baa0                _fputwc_r
 .text.__sfvwrite_r
                0x0800bb08      0x2f0 d:/clion_stm32/gcc_arm_none_eabi/gcc-arm-none-eabi-10.3-2021.10/bin/../lib/gcc/arm-none-eabi/10.3.1/../../../../arm-none-eabi/lib/thumb/v7-m/nofp\libg.a(lib_a-fvwrite.o)
                0x0800bb08                __sfvwrite_r
 .text._fwalk_reent
                0x0800bdf8       0x48 d:/clion_stm32/gcc_arm_none_eabi/gcc-arm-none-eabi-10.3-2021.10/bin/../lib/gcc/arm-none-eabi/10.3.1/../../../../arm-none-eabi/lib/thumb/v7-m/nofp\libg.a(lib_a-fwalk.o)
                0x0800bdf8                _fwalk_reent
 .text.__smakebuf_r
                0x0800be40       0xe0 d:/clion_stm32/gcc_arm_none_eabi/gcc-arm-none-eabi-10.3-2021.10/bin/../lib/gcc/arm-none-eabi/10.3.1/../../../../arm-none-eabi/lib/thumb/v7-m/nofp\libg.a(lib_a-makebuf.o)
                0x0800be40                __smakebuf_r
 .text.__sread  0x0800bf20       0x24 d:/clion_stm32/gcc_arm_none_eabi/gcc-arm-none-eabi-10.3-2021.10/bin/../lib/gcc/arm-none-eabi/10.3.1/../../../../arm-none-eabi/lib/thumb/v7-m/nofp\libg.a(lib_a-stdio.o)
                0x0800bf20                __sread
 .text.__swrite
                0x0800bf44       0x40 d:/clion_stm32/gcc_arm_none_eabi/gcc-arm-none-eabi-10.3-2021.10/bin/../lib/gcc/arm-none-eabi/10.3.1/../../../../arm-none-eabi/lib/thumb/v7-m/nofp\libg.a(lib_a-stdio.o)
                0x0800bf44                __swrite
 .text.__sseek  0x0800bf84       0x20 d:/clion_stm32/gcc_arm_none_eabi/gcc-arm-none-eabi-10.3-2021.10/bin/../lib/gcc/arm-none-eabi/10.3.1/../../../../arm-none-eabi/lib/thumb/v7-m/nofp\libg.a(lib_a-stdio.o)
                0x0800bf84                __sseek
 .text.__sclose
                0x0800bfa4        0x8 d:/clion_stm32/gcc_arm_none_eabi/gcc-arm-none-eabi-10.3-2021.10/bin/../lib/gcc/arm-none-eabi/10.3.1/../../../../arm-none-eabi/lib/thumb/v7-m/nofp\libg.a(lib_a-stdio.o)
                0x0800bfa4                __sclose
 .text.__swbuf_r
                0x0800bfac       0xb0 d:/clion_stm32/gcc_arm_none_eabi/gcc-arm-none-eabi-10.3-2021.10/bin/../lib/gcc/arm-none-eabi/10.3.1/../../../../arm-none-eabi/lib/thumb/v7-m/nofp\libg.a(lib_a-wbuf.o)
                0x0800bfac                __swbuf_r
 .text._wcrtomb_r
                0x0800c05c       0x3c d:/clion_stm32/gcc_arm_none_eabi/gcc-arm-none-eabi-10.3-2021.10/bin/../lib/gcc/arm-none-eabi/10.3.1/../../../../arm-none-eabi/lib/thumb/v7-m/nofp\libg.a(lib_a-wcrtomb.o)
                0x0800c05c                _wcrtomb_r
 .text._write_r
                0x0800c098       0x2c d:/clion_stm32/gcc_arm_none_eabi/gcc-arm-none-eabi-10.3-2021.10/bin/../lib/gcc/arm-none-eabi/10.3.1/../../../../arm-none-eabi/lib/thumb/v7-m/nofp\libg.a(lib_a-writer.o)
                0x0800c098                _write_r
 .text._close_r
                0x0800c0c4       0x24 d:/clion_stm32/gcc_arm_none_eabi/gcc-arm-none-eabi-10.3-2021.10/bin/../lib/gcc/arm-none-eabi/10.3.1/../../../../arm-none-eabi/lib/thumb/v7-m/nofp\libg.a(lib_a-closer.o)
                0x0800c0c4                _close_r
 .text._fclose_r
                0x0800c0e8       0xcc d:/clion_stm32/gcc_arm_none_eabi/gcc-arm-none-eabi-10.3-2021.10/bin/../lib/gcc/arm-none-eabi/10.3.1/../../../../arm-none-eabi/lib/thumb/v7-m/nofp\libg.a(lib_a-fclose.o)
                0x0800c0e8                _fclose_r
 .text._fstat_r
                0x0800c1b4       0x28 d:/clion_stm32/gcc_arm_none_eabi/gcc-arm-none-eabi-10.3-2021.10/bin/../lib/gcc/arm-none-eabi/10.3.1/../../../../arm-none-eabi/lib/thumb/v7-m/nofp\libg.a(lib_a-fstatr.o)
                0x0800c1b4                _fstat_r
 .text._isatty_r
                0x0800c1dc       0x24 d:/clion_stm32/gcc_arm_none_eabi/gcc-arm-none-eabi-10.3-2021.10/bin/../lib/gcc/arm-none-eabi/10.3.1/../../../../arm-none-eabi/lib/thumb/v7-m/nofp\libg.a(lib_a-isattyr.o)
                0x0800c1dc                _isatty_r
 .text._lseek_r
                0x0800c200       0x2c d:/clion_stm32/gcc_arm_none_eabi/gcc-arm-none-eabi-10.3-2021.10/bin/../lib/gcc/arm-none-eabi/10.3.1/../../../../arm-none-eabi/lib/thumb/v7-m/nofp\libg.a(lib_a-lseekr.o)
                0x0800c200                _lseek_r
 .text._read_r  0x0800c22c       0x2c d:/clion_stm32/gcc_arm_none_eabi/gcc-arm-none-eabi-10.3-2021.10/bin/../lib/gcc/arm-none-eabi/10.3.1/../../../../arm-none-eabi/lib/thumb/v7-m/nofp\libg.a(lib_a-readr.o)
                0x0800c22c                _read_r
 *(.glue_7)
 .glue_7        0x0800c258        0x0 linker stubs
 *(.glue_7t)
 .glue_7t       0x0800c258        0x0 linker stubs
 *(.eh_frame)
 .eh_frame      0x0800c258        0x0 d:/clion_stm32/gcc_arm_none_eabi/gcc-arm-none-eabi-10.3-2021.10/bin/../lib/gcc/arm-none-eabi/10.3.1/thumb/v7-m/nofp/crtbegin.o
 *(.init)
 .init          0x0800c258        0x4 d:/clion_stm32/gcc_arm_none_eabi/gcc-arm-none-eabi-10.3-2021.10/bin/../lib/gcc/arm-none-eabi/10.3.1/thumb/v7-m/nofp/crti.o
                0x0800c258                _init
 .init          0x0800c25c        0x8 d:/clion_stm32/gcc_arm_none_eabi/gcc-arm-none-eabi-10.3-2021.10/bin/../lib/gcc/arm-none-eabi/10.3.1/thumb/v7-m/nofp/crtn.o
 *(.fini)
 .fini          0x0800c264        0x4 d:/clion_stm32/gcc_arm_none_eabi/gcc-arm-none-eabi-10.3-2021.10/bin/../lib/gcc/arm-none-eabi/10.3.1/thumb/v7-m/nofp/crti.o
                0x0800c264                _fini
 .fini          0x0800c268        0x8 d:/clion_stm32/gcc_arm_none_eabi/gcc-arm-none-eabi-10.3-2021.10/bin/../lib/gcc/arm-none-eabi/10.3.1/thumb/v7-m/nofp/crtn.o
                0x0800c270                . = ALIGN (0x4)
                0x0800c270                _etext = .

.vfp11_veneer   0x0800c270        0x0
 .vfp11_veneer  0x0800c270        0x0 linker stubs

.v4_bx          0x0800c270        0x0
 .v4_bx         0x0800c270        0x0 linker stubs

.iplt           0x0800c270        0x0
 .iplt          0x0800c270        0x0 d:/clion_stm32/gcc_arm_none_eabi/gcc-arm-none-eabi-10.3-2021.10/bin/../lib/gcc/arm-none-eabi/10.3.1/thumb/v7-m/nofp/crtbegin.o

.rodata         0x0800c270      0xad8
                0x0800c270                . = ALIGN (0x4)
 *(.rodata)
 .rodata        0x0800c270       0x3a CMakeFiles/motor_first.elf.dir/Core/Own/Src/gy953.cpp.obj
 *(.rodata*)
 *fill*         0x0800c2aa        0x2 
 .rodata.HAL_UARTEx_RxEventCallback.str1.4
                0x0800c2ac       0x23 CMakeFiles/motor_first.elf.dir/Core/Own/Src/IT.cpp.obj
                                 0x27 (size before relaxing)
 *fill*         0x0800c2cf        0x1 
 .rodata.HAL_TIM_PeriodElapsedCallback.str1.4
                0x0800c2d0       0x57 CMakeFiles/motor_first.elf.dir/Core/Own/Src/IT.cpp.obj
                                 0x69 (size before relaxing)
 *fill*         0x0800c327        0x1 
 .rodata.OLED_F8x16
                0x0800c328      0x5f0 CMakeFiles/motor_first.elf.dir/Core/Own/Src/oled.c.obj
                0x0800c328                OLED_F8x16
 .rodata.main.str1.4
                0x0800c918        0x4 CMakeFiles/motor_first.elf.dir/Core/Own/main.cpp.obj
 .rodata.AHBPrescTable
                0x0800c91c       0x10 CMakeFiles/motor_first.elf.dir/Core/Src/system_stm32f1xx.c.obj
                0x0800c91c                AHBPrescTable
 .rodata.APBPrescTable
                0x0800c92c        0x8 CMakeFiles/motor_first.elf.dir/Core/Src/system_stm32f1xx.c.obj
                0x0800c92c                APBPrescTable
 .rodata.aPLLMULFactorTable.1
                0x0800c934       0x10 CMakeFiles/motor_first.elf.dir/Drivers/STM32F1xx_HAL_Driver/Src/stm32f1xx_hal_rcc.c.obj
 .rodata.aPredivFactorTable.0
                0x0800c944        0x2 CMakeFiles/motor_first.elf.dir/Drivers/STM32F1xx_HAL_Driver/Src/stm32f1xx_hal_rcc.c.obj
 *fill*         0x0800c946        0x2 
 .rodata._global_impure_ptr
                0x0800c948        0x4 d:/clion_stm32/gcc_arm_none_eabi/gcc-arm-none-eabi-10.3-2021.10/bin/../lib/gcc/arm-none-eabi/10.3.1/../../../../arm-none-eabi/lib/thumb/v7-m/nofp\libg.a(lib_a-impure.o)
                0x0800c948                _global_impure_ptr
 .rodata._svfprintf_r.str1.4
                0x0800c94c       0x42 d:/clion_stm32/gcc_arm_none_eabi/gcc-arm-none-eabi-10.3-2021.10/bin/../lib/gcc/arm-none-eabi/10.3.1/../../../../arm-none-eabi/lib/thumb/v7-m/nofp\libg.a(lib_a-svfprintf.o)
 *fill*         0x0800c98e        0x2 
 .rodata.blanks.1
                0x0800c990       0x10 d:/clion_stm32/gcc_arm_none_eabi/gcc-arm-none-eabi-10.3-2021.10/bin/../lib/gcc/arm-none-eabi/10.3.1/../../../../arm-none-eabi/lib/thumb/v7-m/nofp\libg.a(lib_a-svfprintf.o)
 .rodata.zeroes.0
                0x0800c9a0       0x10 d:/clion_stm32/gcc_arm_none_eabi/gcc-arm-none-eabi-10.3-2021.10/bin/../lib/gcc/arm-none-eabi/10.3.1/../../../../arm-none-eabi/lib/thumb/v7-m/nofp\libg.a(lib_a-svfprintf.o)
 .rodata._dtoa_r.str1.4
                0x0800c9b0       0xa2 d:/clion_stm32/gcc_arm_none_eabi/gcc-arm-none-eabi-10.3-2021.10/bin/../lib/gcc/arm-none-eabi/10.3.1/../../../../arm-none-eabi/lib/thumb/v7-m/nofp\libg.a(lib_a-dtoa.o)
                                 0xa6 (size before relaxing)
 *fill*         0x0800ca52        0x2 
 .rodata.__multadd.str1.4
                0x0800ca54       0x7f d:/clion_stm32/gcc_arm_none_eabi/gcc-arm-none-eabi-10.3-2021.10/bin/../lib/gcc/arm-none-eabi/10.3.1/../../../../arm-none-eabi/lib/thumb/v7-m/nofp\libg.a(lib_a-mprec.o)
                                 0x93 (size before relaxing)
 *fill*         0x0800cad3        0x5 
 .rodata.__mprec_bigtens
                0x0800cad8       0x28 d:/clion_stm32/gcc_arm_none_eabi/gcc-arm-none-eabi-10.3-2021.10/bin/../lib/gcc/arm-none-eabi/10.3.1/../../../../arm-none-eabi/lib/thumb/v7-m/nofp\libg.a(lib_a-mprec.o)
                0x0800cad8                __mprec_bigtens
 .rodata.__mprec_tens
                0x0800cb00       0xc8 d:/clion_stm32/gcc_arm_none_eabi/gcc-arm-none-eabi-10.3-2021.10/bin/../lib/gcc/arm-none-eabi/10.3.1/../../../../arm-none-eabi/lib/thumb/v7-m/nofp\libg.a(lib_a-mprec.o)
                0x0800cb00                __mprec_tens
 .rodata.p05.0  0x0800cbc8        0xc d:/clion_stm32/gcc_arm_none_eabi/gcc-arm-none-eabi-10.3-2021.10/bin/../lib/gcc/arm-none-eabi/10.3.1/../../../../arm-none-eabi/lib/thumb/v7-m/nofp\libg.a(lib_a-mprec.o)
 .rodata.__assert_func.str1.4
                0x0800cbd4       0x3f d:/clion_stm32/gcc_arm_none_eabi/gcc-arm-none-eabi-10.3-2021.10/bin/../lib/gcc/arm-none-eabi/10.3.1/../../../../arm-none-eabi/lib/thumb/v7-m/nofp\libg.a(lib_a-assert.o)
                                 0x43 (size before relaxing)
 *fill*         0x0800cc13        0x1 
 .rodata._setlocale_r.str1.4
                0x0800cc14        0xa d:/clion_stm32/gcc_arm_none_eabi/gcc-arm-none-eabi-10.3-2021.10/bin/../lib/gcc/arm-none-eabi/10.3.1/../../../../arm-none-eabi/lib/thumb/v7-m/nofp\libg.a(lib_a-locale.o)
                                  0xd (size before relaxing)
 *fill*         0x0800cc1e        0x2 
 .rodata.str1.4
                0x0800cc20        0x2 d:/clion_stm32/gcc_arm_none_eabi/gcc-arm-none-eabi-10.3-2021.10/bin/../lib/gcc/arm-none-eabi/10.3.1/../../../../arm-none-eabi/lib/thumb/v7-m/nofp\libg.a(lib_a-locale.o)
 .rodata._vfiprintf_r.str1.4
                0x0800cc22       0x2f d:/clion_stm32/gcc_arm_none_eabi/gcc-arm-none-eabi-10.3-2021.10/bin/../lib/gcc/arm-none-eabi/10.3.1/../../../../arm-none-eabi/lib/thumb/v7-m/nofp\libg.a(lib_a-vfiprintf.o)
 *fill*         0x0800cc22        0x2 
 .rodata.blanks.1
                0x0800cc24       0x10 d:/clion_stm32/gcc_arm_none_eabi/gcc-arm-none-eabi-10.3-2021.10/bin/../lib/gcc/arm-none-eabi/10.3.1/../../../../arm-none-eabi/lib/thumb/v7-m/nofp\libg.a(lib_a-vfiprintf.o)
 .rodata.zeroes.0
                0x0800cc34       0x10 d:/clion_stm32/gcc_arm_none_eabi/gcc-arm-none-eabi-10.3-2021.10/bin/../lib/gcc/arm-none-eabi/10.3.1/../../../../arm-none-eabi/lib/thumb/v7-m/nofp\libg.a(lib_a-vfiprintf.o)
 .rodata._ctype_
                0x0800cc44      0x101 d:/clion_stm32/gcc_arm_none_eabi/gcc-arm-none-eabi-10.3-2021.10/bin/../lib/gcc/arm-none-eabi/10.3.1/../../../../arm-none-eabi/lib/thumb/v7-m/nofp\libg.a(lib_a-ctype_.o)
                0x0800cc44                _ctype_
                0x0800cd48                . = ALIGN (0x4)
 *fill*         0x0800cd45        0x3 

.ARM.extab      0x0800cd48       0x3c
                0x0800cd48                . = ALIGN (0x4)
 *(.ARM.extab* .gnu.linkonce.armextab.*)
 .ARM.extab.text._ZN9BLUETEETH4sendEPKcz
                0x0800cd48        0xc CMakeFiles/motor_first.elf.dir/Core/Own/Src/blueteeth.cpp.obj
 .ARM.extab.text._ZN9BLUETEETH4testEv
                0x0800cd54        0xc CMakeFiles/motor_first.elf.dir/Core/Own/Src/blueteeth.cpp.obj
 .ARM.extab.text._ZN5GY9534InitEv
                0x0800cd60        0xc CMakeFiles/motor_first.elf.dir/Core/Own/Src/gy953.cpp.obj
 .ARM.extab     0x0800cd6c       0x18 d:/clion_stm32/gcc_arm_none_eabi/gcc-arm-none-eabi-10.3-2021.10/bin/../lib/gcc/arm-none-eabi/10.3.1/thumb/v7-m/nofp\libgcc.a(pr-support.o)
                0x0800cd84                . = ALIGN (0x4)

.ARM            0x0800cd84      0x148
                0x0800cd84                . = ALIGN (0x4)
                0x0800cd84                __exidx_start = .
 *(.ARM.exidx*)
 .ARM.exidx.text.HAL_UARTEx_RxEventCallback
                0x0800ce3c        0x8 CMakeFiles/motor_first.elf.dir/Core/Own/Src/IT.cpp.obj
 .ARM.exidx.text.HAL_TIM_PeriodElapsedCallback
                0x0800ce44        0x8 CMakeFiles/motor_first.elf.dir/Core/Own/Src/IT.cpp.obj
 .ARM.exidx.text._Z41__static_initialization_and_destruction_0ii
                0x0800ce4c        0x8 CMakeFiles/motor_first.elf.dir/Core/Own/Src/blueteeth.cpp.obj
 .ARM.exidx.text._ZN9BLUETEETH4sendEPKcz
                0x0800ce54        0x8 CMakeFiles/motor_first.elf.dir/Core/Own/Src/blueteeth.cpp.obj
 .ARM.exidx.text._ZN9BLUETEETH7receiveEv
                0x0800ce5c        0x8 CMakeFiles/motor_first.elf.dir/Core/Own/Src/blueteeth.cpp.obj
 .ARM.exidx.text._ZN9BLUETEETH4testEv
                0x0800ce64        0x8 CMakeFiles/motor_first.elf.dir/Core/Own/Src/blueteeth.cpp.obj
 .ARM.exidx.text._GLOBAL__sub_I__ZN9BLUETEETH4sendEPKcz
                0x0800ce6c        0x8 CMakeFiles/motor_first.elf.dir/Core/Own/Src/blueteeth.cpp.obj
 .ARM.exidx.text._ZN5GY953C2EP20__UART_HandleTypeDefPhP19__DMA_HandleTypeDef
                0x0800ce74        0x0 CMakeFiles/motor_first.elf.dir/Core/Own/Src/gy953.cpp.obj
                                  0x8 (size before relaxing)
 .ARM.exidx.text._ZN5GY9534SendEPKh
                0x0800ce74        0x8 CMakeFiles/motor_first.elf.dir/Core/Own/Src/gy953.cpp.obj
 .ARM.exidx.text._ZN5GY9534InitEv
                0x0800ce7c        0x8 CMakeFiles/motor_first.elf.dir/Core/Own/Src/gy953.cpp.obj
 .ARM.exidx.text._ZN5GY9537computeEv
                0x0800ce84        0x8 CMakeFiles/motor_first.elf.dir/Core/Own/Src/gy953.cpp.obj
 .ARM.exidx.text._ZN5GY9534TestEt
                0x0800ce8c        0x8 CMakeFiles/motor_first.elf.dir/Core/Own/Src/gy953.cpp.obj
 .ARM.exidx.text._ZN5GY9537ReceiveEv
                0x0800ce94        0x0 CMakeFiles/motor_first.elf.dir/Core/Own/Src/gy953.cpp.obj
                                  0x8 (size before relaxing)
 .ARM.exidx.text._Z41__static_initialization_and_destruction_0ii
                0x0800ce94        0x8 CMakeFiles/motor_first.elf.dir/Core/Own/Src/motor.cpp.obj
 .ARM.exidx.text._ZN5motor9front_runEv
                0x0800ce9c        0x8 CMakeFiles/motor_first.elf.dir/Core/Own/Src/motor.cpp.obj
 .ARM.exidx.text._ZN5motor8back_runEv
                0x0800cea4        0x0 CMakeFiles/motor_first.elf.dir/Core/Own/Src/motor.cpp.obj
                                  0x8 (size before relaxing)
 .ARM.exidx.text._ZN5motor6SetPwmEi
                0x0800cea4        0x8 CMakeFiles/motor_first.elf.dir/Core/Own/Src/motor.cpp.obj
 .ARM.exidx.text._ZN5motor6GetPosEv
                0x0800ceac        0x8 CMakeFiles/motor_first.elf.dir/Core/Own/Src/motor.cpp.obj
 .ARM.exidx.text._ZN5motor5clearEv
                0x0800ceb4        0x0 CMakeFiles/motor_first.elf.dir/Core/Own/Src/motor.cpp.obj
                                  0x8 (size before relaxing)
 .ARM.exidx.text._GLOBAL__sub_I__ZN5motor9front_runEv
                0x0800ceb4        0x0 CMakeFiles/motor_first.elf.dir/Core/Own/Src/motor.cpp.obj
                                  0x8 (size before relaxing)
 .ARM.exidx.text._Z41__static_initialization_and_destruction_0ii
                0x0800ceb4        0x0 CMakeFiles/motor_first.elf.dir/Core/Own/Src/pid.cpp.obj
                                  0x8 (size before relaxing)
 .ARM.exidx.text._ZN3pid5clearEv
                0x0800ceb4        0x0 CMakeFiles/motor_first.elf.dir/Core/Own/Src/pid.cpp.obj
                                  0x8 (size before relaxing)
 .ARM.exidx.text._ZN3pid8SpeedPidE5motorf
                0x0800ceb4        0x0 CMakeFiles/motor_first.elf.dir/Core/Own/Src/pid.cpp.obj
                                  0x8 (size before relaxing)
 .ARM.exidx.text._GLOBAL__sub_I__Z5limitfRff
                0x0800ceb4        0x0 CMakeFiles/motor_first.elf.dir/Core/Own/Src/pid.cpp.obj
                                  0x8 (size before relaxing)
 .ARM.exidx.text._Z41__static_initialization_and_destruction_0ii
                0x0800ceb4        0x0 CMakeFiles/motor_first.elf.dir/Core/Own/main.cpp.obj
                                  0x8 (size before relaxing)
 .ARM.exidx.text.Error_Handler
                0x0800ceb4        0x0 CMakeFiles/motor_first.elf.dir/Core/Own/main.cpp.obj
                                  0x8 (size before relaxing)
 .ARM.exidx.text._Z18SystemClock_Configv
                0x0800ceb4        0x8 CMakeFiles/motor_first.elf.dir/Core/Own/main.cpp.obj
 .ARM.exidx.text.main
                0x0800cebc        0x8 CMakeFiles/motor_first.elf.dir/Core/Own/main.cpp.obj
 .ARM.exidx.text._GLOBAL__sub_I_gy953
                0x0800cec4        0x8 CMakeFiles/motor_first.elf.dir/Core/Own/main.cpp.obj
 .ARM.exidx     0x0800cd84       0x80 d:/clion_stm32/gcc_arm_none_eabi/gcc-arm-none-eabi-10.3-2021.10/bin/../lib/gcc/arm-none-eabi/10.3.1/thumb/v7-m/nofp\libgcc.a(unwind-arm.o)
                                 0xd8 (size before relaxing)
 .ARM.exidx     0x0800ce04       0x38 d:/clion_stm32/gcc_arm_none_eabi/gcc-arm-none-eabi-10.3-2021.10/bin/../lib/gcc/arm-none-eabi/10.3.1/thumb/v7-m/nofp\libgcc.a(pr-support.o)
 .ARM.exidx     0x0800ce3c        0x0 d:/clion_stm32/gcc_arm_none_eabi/gcc-arm-none-eabi-10.3-2021.10/bin/../lib/gcc/arm-none-eabi/10.3.1/thumb/v7-m/nofp\libgcc.a(_udivmoddi4.o)
                                  0x8 (size before relaxing)
                0x0800cecc                __exidx_end = .
                0x0800cecc                . = ALIGN (0x4)

.rel.dyn        0x0800cecc        0x0
 .rel.iplt      0x0800cecc        0x0 d:/clion_stm32/gcc_arm_none_eabi/gcc-arm-none-eabi-10.3-2021.10/bin/../lib/gcc/arm-none-eabi/10.3.1/thumb/v7-m/nofp/crtbegin.o

.preinit_array  0x0800cecc        0x0
                0x0800cecc                . = ALIGN (0x4)
                0x0800cecc                PROVIDE (__preinit_array_start = .)
 *(.preinit_array*)
                0x0800cecc                PROVIDE (__preinit_array_end = .)
                0x0800cecc                . = ALIGN (0x4)

.init_array     0x0800cecc       0x18
                0x0800cecc                . = ALIGN (0x4)
                0x0800cecc                PROVIDE (__init_array_start = .)
 *(SORT_BY_NAME(.init_array.*))
 .init_array.00000
                0x0800cecc        0x4 d:/clion_stm32/gcc_arm_none_eabi/gcc-arm-none-eabi-10.3-2021.10/bin/../lib/gcc/arm-none-eabi/10.3.1/../../../../arm-none-eabi/lib/thumb/v7-m/nofp\libg.a(lib_a-__call_atexit.o)
 *(.init_array*)
 .init_array    0x0800ced0        0x4 d:/clion_stm32/gcc_arm_none_eabi/gcc-arm-none-eabi-10.3-2021.10/bin/../lib/gcc/arm-none-eabi/10.3.1/thumb/v7-m/nofp/crtbegin.o
 .init_array    0x0800ced4        0x4 CMakeFiles/motor_first.elf.dir/Core/Own/Src/blueteeth.cpp.obj
 .init_array    0x0800ced8        0x4 CMakeFiles/motor_first.elf.dir/Core/Own/Src/motor.cpp.obj
 .init_array    0x0800cedc        0x4 CMakeFiles/motor_first.elf.dir/Core/Own/Src/pid.cpp.obj
 .init_array    0x0800cee0        0x4 CMakeFiles/motor_first.elf.dir/Core/Own/main.cpp.obj
                0x0800cee4                PROVIDE (__init_array_end = .)
                0x0800cee4                . = ALIGN (0x4)

.fini_array     0x0800cee4        0x4
                0x0800cee4                . = ALIGN (0x4)
                0x0800cee4                PROVIDE (__fini_array_start = .)
 *(SORT_BY_NAME(.fini_array.*))
 *(.fini_array*)
 .fini_array    0x0800cee4        0x4 d:/clion_stm32/gcc_arm_none_eabi/gcc-arm-none-eabi-10.3-2021.10/bin/../lib/gcc/arm-none-eabi/10.3.1/thumb/v7-m/nofp/crtbegin.o
                0x0800cee8                PROVIDE (__fini_array_end = .)
                0x0800cee8                . = ALIGN (0x4)
                0x0800cee8                _sidata = LOADADDR (.data)

.data           0x20000000      0x9c0 load address 0x0800cee8
                0x20000000                . = ALIGN (0x4)
                0x20000000                _sdata = .
 *(.data)
 *(.data*)
 .data.target   0x20000000        0x4 CMakeFiles/motor_first.elf.dir/Core/Own/Src/IT.cpp.obj
                0x20000000                target
 .data.SystemCoreClock
                0x20000004        0x4 CMakeFiles/motor_first.elf.dir/Core/Src/system_stm32f1xx.c.obj
                0x20000004                SystemCoreClock
 .data.uwTickFreq
                0x20000008        0x1 CMakeFiles/motor_first.elf.dir/Drivers/STM32F1xx_HAL_Driver/Src/stm32f1xx_hal.c.obj
                0x20000008                uwTickFreq
 *fill*         0x20000009        0x3 
 .data.uwTickPrio
                0x2000000c        0x4 CMakeFiles/motor_first.elf.dir/Drivers/STM32F1xx_HAL_Driver/Src/stm32f1xx_hal.c.obj
                0x2000000c                uwTickPrio
 .data._impure_ptr
                0x20000010        0x4 d:/clion_stm32/gcc_arm_none_eabi/gcc-arm-none-eabi-10.3-2021.10/bin/../lib/gcc/arm-none-eabi/10.3.1/../../../../arm-none-eabi/lib/thumb/v7-m/nofp\libg.a(lib_a-impure.o)
                0x20000010                _impure_ptr
 *fill*         0x20000014        0x4 
 .data.impure_data
                0x20000018      0x428 d:/clion_stm32/gcc_arm_none_eabi/gcc-arm-none-eabi-10.3-2021.10/bin/../lib/gcc/arm-none-eabi/10.3.1/../../../../arm-none-eabi/lib/thumb/v7-m/nofp\libg.a(lib_a-impure.o)
 .data.__atexit_recursive_mutex
                0x20000440        0x4 d:/clion_stm32/gcc_arm_none_eabi/gcc-arm-none-eabi-10.3-2021.10/bin/../lib/gcc/arm-none-eabi/10.3.1/../../../../arm-none-eabi/lib/thumb/v7-m/nofp\libg.a(lib_a-__call_atexit.o)
                0x20000440                __atexit_recursive_mutex
 .data.__malloc_av_
                0x20000444      0x408 d:/clion_stm32/gcc_arm_none_eabi/gcc-arm-none-eabi-10.3-2021.10/bin/../lib/gcc/arm-none-eabi/10.3.1/../../../../arm-none-eabi/lib/thumb/v7-m/nofp\libg.a(lib_a-mallocr.o)
                0x20000444                __malloc_av_
 .data.__malloc_sbrk_base
                0x2000084c        0x4 d:/clion_stm32/gcc_arm_none_eabi/gcc-arm-none-eabi-10.3-2021.10/bin/../lib/gcc/arm-none-eabi/10.3.1/../../../../arm-none-eabi/lib/thumb/v7-m/nofp\libg.a(lib_a-mallocr.o)
                0x2000084c                __malloc_sbrk_base
 .data.__malloc_trim_threshold
                0x20000850        0x4 d:/clion_stm32/gcc_arm_none_eabi/gcc-arm-none-eabi-10.3-2021.10/bin/../lib/gcc/arm-none-eabi/10.3.1/../../../../arm-none-eabi/lib/thumb/v7-m/nofp\libg.a(lib_a-mallocr.o)
                0x20000850                __malloc_trim_threshold
 .data.__global_locale
                0x20000854      0x16c d:/clion_stm32/gcc_arm_none_eabi/gcc-arm-none-eabi-10.3-2021.10/bin/../lib/gcc/arm-none-eabi/10.3.1/../../../../arm-none-eabi/lib/thumb/v7-m/nofp\libg.a(lib_a-locale.o)
                0x20000854                __global_locale
 *(.RamFunc)
 *(.RamFunc*)
                0x200009c0                . = ALIGN (0x4)
                0x200009c0                _edata = .

.igot.plt       0x200009c0        0x0 load address 0x0800d8a8
 .igot.plt      0x200009c0        0x0 d:/clion_stm32/gcc_arm_none_eabi/gcc-arm-none-eabi-10.3-2021.10/bin/../lib/gcc/arm-none-eabi/10.3.1/thumb/v7-m/nofp/crtbegin.o
                0x200009c0                . = ALIGN (0x4)

.bss            0x200009c0      0x6b8 load address 0x0800d8a8
                0x200009c0                _sbss = .
                0x200009c0                __bss_start__ = _sbss
 *(.bss)
 .bss           0x200009c0       0x1c d:/clion_stm32/gcc_arm_none_eabi/gcc-arm-none-eabi-10.3-2021.10/bin/../lib/gcc/arm-none-eabi/10.3.1/thumb/v7-m/nofp/crtbegin.o
 *(.bss*)
 .bss.rebuf     0x200009dc       0x64 CMakeFiles/motor_first.elf.dir/Core/Own/Src/IT.cpp.obj
                0x200009dc                rebuf
 .bss.blueteeth
                0x20000a40        0xc CMakeFiles/motor_first.elf.dir/Core/Own/Src/blueteeth.cpp.obj
                0x20000a40                blueteeth
 .bss.BackLeft  0x20000a4c       0x24 CMakeFiles/motor_first.elf.dir/Core/Own/Src/motor.cpp.obj
                0x20000a4c                BackLeft
 .bss.BackRight
                0x20000a70       0x24 CMakeFiles/motor_first.elf.dir/Core/Own/Src/motor.cpp.obj
                0x20000a70                BackRight
 .bss.FrontLeft
                0x20000a94       0x24 CMakeFiles/motor_first.elf.dir/Core/Own/Src/motor.cpp.obj
                0x20000a94                FrontLeft
 .bss.FrontRight
                0x20000ab8       0x24 CMakeFiles/motor_first.elf.dir/Core/Own/Src/motor.cpp.obj
                0x20000ab8                FrontRight
 .bss.angle     0x20000adc       0x1c CMakeFiles/motor_first.elf.dir/Core/Own/Src/pid.cpp.obj
                0x20000adc                angle
 .bss.speed     0x20000af8       0x1c CMakeFiles/motor_first.elf.dir/Core/Own/Src/pid.cpp.obj
                0x20000af8                speed
 .bss.speed_alone1
                0x20000b14       0x1c CMakeFiles/motor_first.elf.dir/Core/Own/Src/pid.cpp.obj
                0x20000b14                speed_alone1
 .bss.speed_alone2
                0x20000b30       0x1c CMakeFiles/motor_first.elf.dir/Core/Own/Src/pid.cpp.obj
                0x20000b30                speed_alone2
 .bss.speed_alone3
                0x20000b4c       0x1c CMakeFiles/motor_first.elf.dir/Core/Own/Src/pid.cpp.obj
                0x20000b4c                speed_alone3
 .bss.speed_alone4
                0x20000b68       0x1c CMakeFiles/motor_first.elf.dir/Core/Own/Src/pid.cpp.obj
                0x20000b68                speed_alone4
 .bss.AngleOpen
                0x20000b84        0x1 CMakeFiles/motor_first.elf.dir/Core/Own/Src/uart.c.obj
                0x20000b84                AngleOpen
 .bss.SpeedOpen
                0x20000b85        0x1 CMakeFiles/motor_first.elf.dir/Core/Own/Src/uart.c.obj
                0x20000b85                SpeedOpen
 *fill*         0x20000b86        0x2 
 .bss.bag       0x20000b88       0x32 CMakeFiles/motor_first.elf.dir/Core/Own/Src/uart.c.obj
                0x20000b88                bag
 *fill*         0x20000bba        0x2 
 .bss.gy953     0x20000bbc       0x74 CMakeFiles/motor_first.elf.dir/Core/Own/main.cpp.obj
                0x20000bbc                gy953
 .bss.hi2c1     0x20000c30       0x54 CMakeFiles/motor_first.elf.dir/Core/Src/i2c.c.obj
                0x20000c30                hi2c1
 .bss.hi2c2     0x20000c84       0x54 CMakeFiles/motor_first.elf.dir/Core/Src/i2c.c.obj
                0x20000c84                hi2c2
 .bss.__sbrk_heap_end
                0x20000cd8        0x4 CMakeFiles/motor_first.elf.dir/Core/Src/sysmem.c.obj
 .bss.htim1     0x20000cdc       0x48 CMakeFiles/motor_first.elf.dir/Core/Src/tim.c.obj
                0x20000cdc                htim1
 .bss.htim2     0x20000d24       0x48 CMakeFiles/motor_first.elf.dir/Core/Src/tim.c.obj
                0x20000d24                htim2
 .bss.htim3     0x20000d6c       0x48 CMakeFiles/motor_first.elf.dir/Core/Src/tim.c.obj
                0x20000d6c                htim3
 .bss.htim4     0x20000db4       0x48 CMakeFiles/motor_first.elf.dir/Core/Src/tim.c.obj
                0x20000db4                htim4
 .bss.htim5     0x20000dfc       0x48 CMakeFiles/motor_first.elf.dir/Core/Src/tim.c.obj
                0x20000dfc                htim5
 .bss.htim8     0x20000e44       0x48 CMakeFiles/motor_first.elf.dir/Core/Src/tim.c.obj
                0x20000e44                htim8
 .bss.hdma_usart2_rx
                0x20000e8c       0x44 CMakeFiles/motor_first.elf.dir/Core/Src/usart.c.obj
                0x20000e8c                hdma_usart2_rx
 .bss.hdma_usart2_tx
                0x20000ed0       0x44 CMakeFiles/motor_first.elf.dir/Core/Src/usart.c.obj
                0x20000ed0                hdma_usart2_tx
 .bss.hdma_usart3_rx
                0x20000f14       0x44 CMakeFiles/motor_first.elf.dir/Core/Src/usart.c.obj
                0x20000f14                hdma_usart3_rx
 .bss.hdma_usart3_tx
                0x20000f58       0x44 CMakeFiles/motor_first.elf.dir/Core/Src/usart.c.obj
                0x20000f58                hdma_usart3_tx
 .bss.huart2    0x20000f9c       0x48 CMakeFiles/motor_first.elf.dir/Core/Src/usart.c.obj
                0x20000f9c                huart2
 .bss.huart3    0x20000fe4       0x48 CMakeFiles/motor_first.elf.dir/Core/Src/usart.c.obj
                0x20000fe4                huart3
 .bss.uwTick    0x2000102c        0x4 CMakeFiles/motor_first.elf.dir/Drivers/STM32F1xx_HAL_Driver/Src/stm32f1xx_hal.c.obj
                0x2000102c                uwTick
 .bss.__lock___atexit_recursive_mutex
                0x20001030        0x1 d:/clion_stm32/gcc_arm_none_eabi/gcc-arm-none-eabi-10.3-2021.10/bin/../lib/gcc/arm-none-eabi/10.3.1/../../../../arm-none-eabi/lib/thumb/v7-m/nofp\libg.a(lib_a-lock.o)
                0x20001030                __lock___atexit_recursive_mutex
 *fill*         0x20001031        0x3 
 .bss.__lock___malloc_recursive_mutex
                0x20001034        0x1 d:/clion_stm32/gcc_arm_none_eabi/gcc-arm-none-eabi-10.3-2021.10/bin/../lib/gcc/arm-none-eabi/10.3.1/../../../../arm-none-eabi/lib/thumb/v7-m/nofp\libg.a(lib_a-lock.o)
                0x20001034                __lock___malloc_recursive_mutex
 *fill*         0x20001035        0x3 
 .bss.__lock___sfp_recursive_mutex